Warning: Permanently added '10.128.0.36' (ED25519) to the list of known hosts.
2024/04/16 17:56:39 ignoring optional flag "sandboxArg"="0"
2024/04/16 17:56:39 parsed 1 programs
2024/04/16 17:56:43 executed programs: 0
[   74.981195][ T5020] Adding 124996k swap on ./swap-file.  Priority:0 extents:1 across:124996k FS
[   74.994612][ T5020] syz-executor (5020) used greatest stack depth: 22256 bytes left
[   74.996040][ T5015] memfd_create() without MFD_EXEC nor MFD_NOEXEC_SEAL, pid=5015 'syz-execprog'
[   75.389440][ T5063] Bluetooth: hci0: unexpected cc 0x0c03 length: 249 > 1
[   75.401892][ T5064] Bluetooth: hci1: unexpected cc 0x0c03 length: 249 > 1
[   75.403665][ T5067] Bluetooth: hci2: unexpected cc 0x0c03 length: 249 > 1
[   75.411026][ T5064] Bluetooth: hci4: unexpected cc 0x0c03 length: 249 > 1
[   75.417529][ T5067] Bluetooth: hci3: unexpected cc 0x0c03 length: 249 > 1
[   75.424720][ T5064] Bluetooth: hci5: unexpected cc 0x0c03 length: 249 > 1
[   75.431615][ T5067] Bluetooth: hci0: unexpected cc 0x1003 length: 249 > 9
[   75.447131][ T5064] Bluetooth: hci6: unexpected cc 0x0c03 length: 249 > 1
[   75.449016][ T5067] Bluetooth: hci7: unexpected cc 0x0c03 length: 249 > 1
[   75.455109][ T5064] Bluetooth: hci1: unexpected cc 0x1003 length: 249 > 9
[   75.462463][ T5067] Bluetooth: hci2: unexpected cc 0x1003 length: 249 > 9
[   75.469558][ T5064] Bluetooth: hci4: unexpected cc 0x1003 length: 249 > 9
[   75.476472][ T5067] Bluetooth: hci3: unexpected cc 0x1003 length: 249 > 9
[   75.482881][ T5064] Bluetooth: hci0: unexpected cc 0x1001 length: 249 > 9
[   75.490295][ T5067] Bluetooth: hci5: unexpected cc 0x1003 length: 249 > 9
[   75.499313][ T5064] Bluetooth: hci6: unexpected cc 0x1003 length: 249 > 9
[   75.503614][ T5067] Bluetooth: hci1: unexpected cc 0x1001 length: 249 > 9
[   75.511213][ T5064] Bluetooth: hci2: unexpected cc 0x1001 length: 249 > 9
[   75.517904][ T5067] Bluetooth: hci4: unexpected cc 0x1001 length: 249 > 9
[   75.524841][ T5064] Bluetooth: hci3: unexpected cc 0x1001 length: 249 > 9
[   75.532194][ T5067] Bluetooth: hci7: unexpected cc 0x1003 length: 249 > 9
[   75.539081][ T5064] Bluetooth: hci5: unexpected cc 0x1001 length: 249 > 9
[   75.546383][ T5067] Bluetooth: hci6: unexpected cc 0x1001 length: 249 > 9
[   75.554683][ T5064] Bluetooth: hci2: unexpected cc 0x0c23 length: 249 > 4
[   75.559952][ T5067] Bluetooth: hci3: unexpected cc 0x0c23 length: 249 > 4
[   75.566926][ T5064] Bluetooth: hci0: unexpected cc 0x0c23 length: 249 > 4
[   75.573192][ T5067] Bluetooth: hci7: unexpected cc 0x1001 length: 249 > 9
[   75.582465][ T5064] Bluetooth: hci2: unexpected cc 0x0c25 length: 249 > 3
[   75.587654][ T5067] Bluetooth: hci3: unexpected cc 0x0c25 length: 249 > 3
[   75.595350][ T5064] Bluetooth: hci6: unexpected cc 0x0c23 length: 249 > 4
[   75.601338][ T5067] Bluetooth: hci4: unexpected cc 0x0c23 length: 249 > 4
[   75.608345][ T5064] Bluetooth: hci1: unexpected cc 0x0c23 length: 249 > 4
[   75.615474][ T5067] Bluetooth: hci2: unexpected cc 0x0c38 length: 249 > 2
[   75.623020][ T5064] Bluetooth: hci5: unexpected cc 0x0c23 length: 249 > 4
[   75.629234][ T5067] Bluetooth: hci0: unexpected cc 0x0c25 length: 249 > 3
[   75.636199][ T5064] Bluetooth: hci3: unexpected cc 0x0c38 length: 249 > 2
[   75.644506][ T5067] Bluetooth: hci1: unexpected cc 0x0c25 length: 249 > 3
[   75.650406][ T5064] Bluetooth: hci7: unexpected cc 0x0c23 length: 249 > 4
[   75.657461][ T5067] Bluetooth: hci4: unexpected cc 0x0c25 length: 249 > 3
[   75.664316][ T5064] Bluetooth: hci0: unexpected cc 0x0c38 length: 249 > 2
[   75.671049][ T5067] Bluetooth: hci5: unexpected cc 0x0c25 length: 249 > 3
[   75.678305][ T5064] Bluetooth: hci6: unexpected cc 0x0c25 length: 249 > 3
[   75.685062][ T5067] Bluetooth: hci1: unexpected cc 0x0c38 length: 249 > 2
[   75.693673][ T5050] Bluetooth: hci4: unexpected cc 0x0c38 length: 249 > 2
[   75.699337][ T5067] Bluetooth: hci5: unexpected cc 0x0c38 length: 249 > 2
[   75.718839][ T5050] Bluetooth: hci7: unexpected cc 0x0c25 length: 249 > 3
[   75.726597][   T49] Bluetooth: hci7: unexpected cc 0x0c38 length: 249 > 2
[   75.740352][ T5068] Bluetooth: hci6: unexpected cc 0x0c38 length: 249 > 2
[   76.491813][ T5058] chnl_net:caif_netlink_parms(): no params data found
[   76.509544][ T1232] ieee802154 phy0 wpan0: encryption failed: -22
[   76.516256][ T1232] ieee802154 phy1 wpan1: encryption failed: -22
[   76.545473][ T5061] chnl_net:caif_netlink_parms(): no params data found
[   76.564041][ T5042] chnl_net:caif_netlink_parms(): no params data found
[   76.584618][ T5044] chnl_net:caif_netlink_parms(): no params data found
[   76.716694][ T5049] chnl_net:caif_netlink_parms(): no params data found
[   76.750978][ T5046] chnl_net:caif_netlink_parms(): no params data found
[   76.762994][ T5045] chnl_net:caif_netlink_parms(): no params data found
[   76.977433][ T5042] bridge0: port 1(bridge_slave_0) entered blocking state
[   76.985145][ T5042] bridge0: port 1(bridge_slave_0) entered disabled state
[   76.994321][ T5042] bridge_slave_0: entered allmulticast mode
[   77.001852][ T5042] bridge_slave_0: entered promiscuous mode
[   77.014302][ T5042] bridge0: port 2(bridge_slave_1) entered blocking state
[   77.025858][ T5042] bridge0: port 2(bridge_slave_1) entered disabled state
[   77.033090][ T5042] bridge_slave_1: entered allmulticast mode
[   77.040312][ T5042] bridge_slave_1: entered promiscuous mode
[   77.061706][ T5041] chnl_net:caif_netlink_parms(): no params data found
[   77.100280][ T5044] bridge0: port 1(bridge_slave_0) entered blocking state
[   77.107448][ T5044] bridge0: port 1(bridge_slave_0) entered disabled state
[   77.114598][ T5044] bridge_slave_0: entered allmulticast mode
[   77.122448][ T5044] bridge_slave_0: entered promiscuous mode
[   77.134336][ T5044] bridge0: port 2(bridge_slave_1) entered blocking state
[   77.145935][ T5044] bridge0: port 2(bridge_slave_1) entered disabled state
[   77.153324][ T5044] bridge_slave_1: entered allmulticast mode
[   77.160582][ T5044] bridge_slave_1: entered promiscuous mode
[   77.176162][ T5058] bridge0: port 1(bridge_slave_0) entered blocking state
[   77.183281][ T5058] bridge0: port 1(bridge_slave_0) entered disabled state
[   77.190858][ T5058] bridge_slave_0: entered allmulticast mode
[   77.198107][ T5058] bridge_slave_0: entered promiscuous mode
[   77.220692][ T5061] bridge0: port 1(bridge_slave_0) entered blocking state
[   77.227960][ T5061] bridge0: port 1(bridge_slave_0) entered disabled state
[   77.235127][ T5061] bridge_slave_0: entered allmulticast mode
[   77.242432][ T5061] bridge_slave_0: entered promiscuous mode
[   77.254359][ T5061] bridge0: port 2(bridge_slave_1) entered blocking state
[   77.261606][ T5061] bridge0: port 2(bridge_slave_1) entered disabled state
[   77.268883][ T5061] bridge_slave_1: entered allmulticast mode
[   77.275642][ T5061] bridge_slave_1: entered promiscuous mode
[   77.330052][ T5058] bridge0: port 2(bridge_slave_1) entered blocking state
[   77.337370][ T5058] bridge0: port 2(bridge_slave_1) entered disabled state
[   77.344549][ T5058] bridge_slave_1: entered allmulticast mode
[   77.351687][ T5058] bridge_slave_1: entered promiscuous mode
[   77.442184][ T5042] bond0: (slave bond_slave_0): Enslaving as an active interface with an up link
[   77.470087][ T5046] bridge0: port 1(bridge_slave_0) entered blocking state
[   77.477439][ T5046] bridge0: port 1(bridge_slave_0) entered disabled state
[   77.485164][ T5046] bridge_slave_0: entered allmulticast mode
[   77.492399][ T5046] bridge_slave_0: entered promiscuous mode
[   77.502667][ T5061] bond0: (slave bond_slave_0): Enslaving as an active interface with an up link
[   77.511981][ T5045] bridge0: port 1(bridge_slave_0) entered blocking state
[   77.519256][ T5045] bridge0: port 1(bridge_slave_0) entered disabled state
[   77.526754][ T5045] bridge_slave_0: entered allmulticast mode
[   77.533971][ T5045] bridge_slave_0: entered promiscuous mode
[   77.541149][ T5049] bridge0: port 1(bridge_slave_0) entered blocking state
[   77.549660][ T5049] bridge0: port 1(bridge_slave_0) entered disabled state
[   77.557067][ T5049] bridge_slave_0: entered allmulticast mode
[   77.563835][ T5049] bridge_slave_0: entered promiscuous mode
[   77.573938][ T5044] bond0: (slave bond_slave_0): Enslaving as an active interface with an up link
[   77.585106][ T5042] bond0: (slave bond_slave_1): Enslaving as an active interface with an up link
[   77.601077][ T5058] bond0: (slave bond_slave_0): Enslaving as an active interface with an up link
[   77.610808][ T5046] bridge0: port 2(bridge_slave_1) entered blocking state
[   77.622000][ T5046] bridge0: port 2(bridge_slave_1) entered disabled state
[   77.630398][ T5046] bridge_slave_1: entered allmulticast mode
[   77.638296][ T5046] bridge_slave_1: entered promiscuous mode
[   77.647319][ T5061] bond0: (slave bond_slave_1): Enslaving as an active interface with an up link
[   77.656617][ T5045] bridge0: port 2(bridge_slave_1) entered blocking state
[   77.663801][ T5045] bridge0: port 2(bridge_slave_1) entered disabled state
[   77.671250][ T5045] bridge_slave_1: entered allmulticast mode
[   77.678532][ T5045] bridge_slave_1: entered promiscuous mode
[   77.685204][ T5049] bridge0: port 2(bridge_slave_1) entered blocking state
[   77.695066][ T5049] bridge0: port 2(bridge_slave_1) entered disabled state
[   77.702679][ T5049] bridge_slave_1: entered allmulticast mode
[   77.710676][ T5049] bridge_slave_1: entered promiscuous mode
[   77.718798][ T5044] bond0: (slave bond_slave_1): Enslaving as an active interface with an up link
[   77.743824][ T5058] bond0: (slave bond_slave_1): Enslaving as an active interface with an up link
[   77.786657][ T5062] Bluetooth: hci6: command 0x0409 tx timeout
[   77.793286][ T5062] Bluetooth: hci0: command 0x0409 tx timeout
[   77.799824][ T5063] Bluetooth: hci4: command 0x0409 tx timeout
[   77.799855][ T5068] Bluetooth: hci5: command 0x0409 tx timeout
[   77.806351][ T5063] Bluetooth: hci1: command 0x0409 tx timeout
[   77.812632][ T5064] Bluetooth: hci3: command 0x0409 tx timeout
[   77.866125][ T5042] team0: Port device team_slave_0 added
[   77.875816][ T5063] Bluetooth: hci7: command 0x0409 tx timeout
[   77.882185][ T5063] Bluetooth: hci2: command 0x0409 tx timeout
[   77.952967][ T5042] team0: Port device team_slave_1 added
[   77.972231][ T5058] team0: Port device team_slave_0 added
[   77.980741][ T5046] bond0: (slave bond_slave_0): Enslaving as an active interface with an up link
[   77.992069][ T5061] team0: Port device team_slave_0 added
[   78.000778][ T5045] bond0: (slave bond_slave_0): Enslaving as an active interface with an up link
[   78.013201][ T5049] bond0: (slave bond_slave_0): Enslaving as an active interface with an up link
[   78.025604][ T5044] team0: Port device team_slave_0 added
[   78.055364][ T5058] team0: Port device team_slave_1 added
[   78.063877][ T5046] bond0: (slave bond_slave_1): Enslaving as an active interface with an up link
[   78.075830][ T5061] team0: Port device team_slave_1 added
[   78.083337][ T5045] bond0: (slave bond_slave_1): Enslaving as an active interface with an up link
[   78.094516][ T5049] bond0: (slave bond_slave_1): Enslaving as an active interface with an up link
[   78.105349][ T5044] team0: Port device team_slave_1 added
[   78.122450][ T5041] bridge0: port 1(bridge_slave_0) entered blocking state
[   78.130549][ T5041] bridge0: port 1(bridge_slave_0) entered disabled state
[   78.137886][ T5041] bridge_slave_0: entered allmulticast mode
[   78.144724][ T5041] bridge_slave_0: entered promiscuous mode
[   78.206352][ T5042] batman_adv: batadv0: Adding interface: batadv_slave_0
[   78.213349][ T5042] batman_adv: batadv0: The MTU of interface batadv_slave_0 is too small (1500) to handle the transport of batman-adv packets. Packets going over this interface will be fragmented on layer2 which could impact the performance. Setting the MTU to 1560 would solve the problem.
[   78.239396][ T5042] batman_adv: batadv0: Not using interface batadv_slave_0 (retrying later): interface not active
[   78.251857][ T5041] bridge0: port 2(bridge_slave_1) entered blocking state
[   78.260509][ T5041] bridge0: port 2(bridge_slave_1) entered disabled state
[   78.267963][ T5041] bridge_slave_1: entered allmulticast mode
[   78.274780][ T5041] bridge_slave_1: entered promiscuous mode
[   78.345391][ T5042] batman_adv: batadv0: Adding interface: batadv_slave_1
[   78.352458][ T5042] batman_adv: batadv0: The MTU of interface batadv_slave_1 is too small (1500) to handle the transport of batman-adv packets. Packets going over this interface will be fragmented on layer2 which could impact the performance. Setting the MTU to 1560 would solve the problem.
[   78.378621][ T5042] batman_adv: batadv0: Not using interface batadv_slave_1 (retrying later): interface not active
[   78.401446][ T5058] batman_adv: batadv0: Adding interface: batadv_slave_0
[   78.408650][ T5058] batman_adv: batadv0: The MTU of interface batadv_slave_0 is too small (1500) to handle the transport of batman-adv packets. Packets going over this interface will be fragmented on layer2 which could impact the performance. Setting the MTU to 1560 would solve the problem.
[   78.434714][ T5058] batman_adv: batadv0: Not using interface batadv_slave_0 (retrying later): interface not active
[   78.451095][ T5046] team0: Port device team_slave_0 added
[   78.457984][ T5061] batman_adv: batadv0: Adding interface: batadv_slave_0
[   78.464978][ T5061] batman_adv: batadv0: The MTU of interface batadv_slave_0 is too small (1500) to handle the transport of batman-adv packets. Packets going over this interface will be fragmented on layer2 which could impact the performance. Setting the MTU to 1560 would solve the problem.
[   78.491865][ T5061] batman_adv: batadv0: Not using interface batadv_slave_0 (retrying later): interface not active
[   78.507206][ T5045] team0: Port device team_slave_0 added
[   78.516661][ T5049] team0: Port device team_slave_0 added
[   78.523189][ T5044] batman_adv: batadv0: Adding interface: batadv_slave_0
[   78.530542][ T5044] batman_adv: batadv0: The MTU of interface batadv_slave_0 is too small (1500) to handle the transport of batman-adv packets. Packets going over this interface will be fragmented on layer2 which could impact the performance. Setting the MTU to 1560 would solve the problem.
[   78.556762][ T5044] batman_adv: batadv0: Not using interface batadv_slave_0 (retrying later): interface not active
[   78.596331][ T5058] batman_adv: batadv0: Adding interface: batadv_slave_1
[   78.603342][ T5058] batman_adv: batadv0: The MTU of interface batadv_slave_1 is too small (1500) to handle the transport of batman-adv packets. Packets going over this interface will be fragmented on layer2 which could impact the performance. Setting the MTU to 1560 would solve the problem.
[   78.629725][ T5058] batman_adv: batadv0: Not using interface batadv_slave_1 (retrying later): interface not active
[   78.642996][ T5046] team0: Port device team_slave_1 added
[   78.650030][ T5061] batman_adv: batadv0: Adding interface: batadv_slave_1
[   78.657438][ T5061] batman_adv: batadv0: The MTU of interface batadv_slave_1 is too small (1500) to handle the transport of batman-adv packets. Packets going over this interface will be fragmented on layer2 which could impact the performance. Setting the MTU to 1560 would solve the problem.
[   78.683953][ T5061] batman_adv: batadv0: Not using interface batadv_slave_1 (retrying later): interface not active
[   78.712631][ T5045] team0: Port device team_slave_1 added
[   78.726603][ T5049] team0: Port device team_slave_1 added
[   78.745384][ T5044] batman_adv: batadv0: Adding interface: batadv_slave_1
[   78.753910][ T5044] batman_adv: batadv0: The MTU of interface batadv_slave_1 is too small (1500) to handle the transport of batman-adv packets. Packets going over this interface will be fragmented on layer2 which could impact the performance. Setting the MTU to 1560 would solve the problem.
[   78.780469][ T5044] batman_adv: batadv0: Not using interface batadv_slave_1 (retrying later): interface not active
[   78.799619][ T5041] bond0: (slave bond_slave_0): Enslaving as an active interface with an up link
[   78.879001][ T5041] bond0: (slave bond_slave_1): Enslaving as an active interface with an up link
[   78.893206][ T5042] hsr_slave_0: entered promiscuous mode
[   78.902235][ T5042] hsr_slave_1: entered promiscuous mode
[   78.936854][ T5061] hsr_slave_0: entered promiscuous mode
[   78.943513][ T5061] hsr_slave_1: entered promiscuous mode
[   78.950192][ T5061] debugfs: Directory 'hsr0' with parent 'hsr' already present!
[   78.961415][ T5061] Cannot create hsr debugfs directory
[   78.979851][ T5045] batman_adv: batadv0: Adding interface: batadv_slave_0
[   78.987618][ T5045] batman_adv: batadv0: The MTU of interface batadv_slave_0 is too small (1500) to handle the transport of batman-adv packets. Packets going over this interface will be fragmented on layer2 which could impact the performance. Setting the MTU to 1560 would solve the problem.
[   79.014786][ T5045] batman_adv: batadv0: Not using interface batadv_slave_0 (retrying later): interface not active
[   79.028987][ T5045] batman_adv: batadv0: Adding interface: batadv_slave_1
[   79.036296][ T5045] batman_adv: batadv0: The MTU of interface batadv_slave_1 is too small (1500) to handle the transport of batman-adv packets. Packets going over this interface will be fragmented on layer2 which could impact the performance. Setting the MTU to 1560 would solve the problem.
[   79.062686][ T5045] batman_adv: batadv0: Not using interface batadv_slave_1 (retrying later): interface not active
[   79.074905][ T5049] batman_adv: batadv0: Adding interface: batadv_slave_0
[   79.082449][ T5049] batman_adv: batadv0: The MTU of interface batadv_slave_0 is too small (1500) to handle the transport of batman-adv packets. Packets going over this interface will be fragmented on layer2 which could impact the performance. Setting the MTU to 1560 would solve the problem.
[   79.108696][ T5049] batman_adv: batadv0: Not using interface batadv_slave_0 (retrying later): interface not active
[   79.159753][ T5046] batman_adv: batadv0: Adding interface: batadv_slave_0
[   79.166886][ T5046] batman_adv: batadv0: The MTU of interface batadv_slave_0 is too small (1500) to handle the transport of batman-adv packets. Packets going over this interface will be fragmented on layer2 which could impact the performance. Setting the MTU to 1560 would solve the problem.
[   79.193243][ T5046] batman_adv: batadv0: Not using interface batadv_slave_0 (retrying later): interface not active
[   79.209840][ T5046] batman_adv: batadv0: Adding interface: batadv_slave_1
[   79.216874][ T5046] batman_adv: batadv0: The MTU of interface batadv_slave_1 is too small (1500) to handle the transport of batman-adv packets. Packets going over this interface will be fragmented on layer2 which could impact the performance. Setting the MTU to 1560 would solve the problem.
[   79.242968][ T5046] batman_adv: batadv0: Not using interface batadv_slave_1 (retrying later): interface not active
[   79.258467][ T5049] batman_adv: batadv0: Adding interface: batadv_slave_1
[   79.265454][ T5049] batman_adv: batadv0: The MTU of interface batadv_slave_1 is too small (1500) to handle the transport of batman-adv packets. Packets going over this interface will be fragmented on layer2 which could impact the performance. Setting the MTU to 1560 would solve the problem.
[   79.292169][ T5049] batman_adv: batadv0: Not using interface batadv_slave_1 (retrying later): interface not active
[   79.335897][ T5041] team0: Port device team_slave_0 added
[   79.370027][ T5044] hsr_slave_0: entered promiscuous mode
[   79.377139][ T5044] hsr_slave_1: entered promiscuous mode
[   79.383590][ T5044] debugfs: Directory 'hsr0' with parent 'hsr' already present!
[   79.391299][ T5044] Cannot create hsr debugfs directory
[   79.412348][ T5058] hsr_slave_0: entered promiscuous mode
[   79.420364][ T5058] hsr_slave_1: entered promiscuous mode
[   79.426960][ T5058] debugfs: Directory 'hsr0' with parent 'hsr' already present!
[   79.434546][ T5058] Cannot create hsr debugfs directory
[   79.446952][ T5041] team0: Port device team_slave_1 added
[   79.573374][ T5045] hsr_slave_0: entered promiscuous mode
[   79.580123][ T5045] hsr_slave_1: entered promiscuous mode
[   79.587096][ T5045] debugfs: Directory 'hsr0' with parent 'hsr' already present!
[   79.594765][ T5045] Cannot create hsr debugfs directory
[   79.639365][ T5041] batman_adv: batadv0: Adding interface: batadv_slave_0
[   79.647388][ T5041] batman_adv: batadv0: The MTU of interface batadv_slave_0 is too small (1500) to handle the transport of batman-adv packets. Packets going over this interface will be fragmented on layer2 which could impact the performance. Setting the MTU to 1560 would solve the problem.
[   79.673475][ T5041] batman_adv: batadv0: Not using interface batadv_slave_0 (retrying later): interface not active
[   79.734068][ T5046] hsr_slave_0: entered promiscuous mode
[   79.741255][ T5046] hsr_slave_1: entered promiscuous mode
[   79.747720][ T5046] debugfs: Directory 'hsr0' with parent 'hsr' already present!
[   79.755321][ T5046] Cannot create hsr debugfs directory
[   79.761435][ T5041] batman_adv: batadv0: Adding interface: batadv_slave_1
[   79.768541][ T5041] batman_adv: batadv0: The MTU of interface batadv_slave_1 is too small (1500) to handle the transport of batman-adv packets. Packets going over this interface will be fragmented on layer2 which could impact the performance. Setting the MTU to 1560 would solve the problem.
[   79.795545][ T5041] batman_adv: batadv0: Not using interface batadv_slave_1 (retrying later): interface not active
[   79.841410][ T5049] hsr_slave_0: entered promiscuous mode
[   79.848241][ T5049] hsr_slave_1: entered promiscuous mode
[   79.854395][ T5049] debugfs: Directory 'hsr0' with parent 'hsr' already present!
[   79.864651][ T5049] Cannot create hsr debugfs directory
[   79.870182][ T5063] Bluetooth: hci3: command 0x041b tx timeout
[   79.870216][ T5063] Bluetooth: hci4: command 0x041b tx timeout
[   79.870346][ T5063] Bluetooth: hci6: command 0x041b tx timeout
[   79.876152][ T5068] Bluetooth: hci5: command 0x041b tx timeout
[   79.895954][ T5063] Bluetooth: hci1: command 0x041b tx timeout
[   79.895963][ T5064] Bluetooth: hci0: command 0x041b tx timeout
[   79.946765][ T5064] Bluetooth: hci2: command 0x041b tx timeout
[   79.946775][ T5068] Bluetooth: hci7: command 0x041b tx timeout
[   80.147468][ T5041] hsr_slave_0: entered promiscuous mode
[   80.160414][ T5041] hsr_slave_1: entered promiscuous mode
[   80.166658][ T5041] debugfs: Directory 'hsr0' with parent 'hsr' already present!
[   80.174225][ T5041] Cannot create hsr debugfs directory
[   80.563205][ T5061] netdevsim netdevsim5 netdevsim0: renamed from eth0
[   80.574606][ T5061] netdevsim netdevsim5 netdevsim1: renamed from eth1
[   80.598416][ T5061] netdevsim netdevsim5 netdevsim2: renamed from eth2
[   80.633186][ T5061] netdevsim netdevsim5 netdevsim3: renamed from eth3
[   80.729859][ T5042] netdevsim netdevsim3 netdevsim0: renamed from eth0
[   80.743349][ T5042] netdevsim netdevsim3 netdevsim1: renamed from eth1
[   80.774686][ T5042] netdevsim netdevsim3 netdevsim2: renamed from eth2
[   80.805628][ T5042] netdevsim netdevsim3 netdevsim3: renamed from eth3
[   80.870995][ T5045] netdevsim netdevsim4 netdevsim0: renamed from eth0
[   80.906931][ T5061] 8021q: adding VLAN 0 to HW filter on device bond0
[   80.916204][ T5045] netdevsim netdevsim4 netdevsim1: renamed from eth1
[   80.942845][ T5045] netdevsim netdevsim4 netdevsim2: renamed from eth2
[   80.970581][ T5045] netdevsim netdevsim4 netdevsim3: renamed from eth3
[   81.005099][ T5061] 8021q: adding VLAN 0 to HW filter on device team0
[   81.097991][ T2921] bridge0: port 1(bridge_slave_0) entered blocking state
[   81.105406][ T2921] bridge0: port 1(bridge_slave_0) entered forwarding state
[   81.118861][ T5044] netdevsim netdevsim2 netdevsim0: renamed from eth0
[   81.171330][ T5125] bridge0: port 2(bridge_slave_1) entered blocking state
[   81.178661][ T5125] bridge0: port 2(bridge_slave_1) entered forwarding state
[   81.193527][ T5044] netdevsim netdevsim2 netdevsim1: renamed from eth1
[   81.220328][ T5044] netdevsim netdevsim2 netdevsim2: renamed from eth2
[   81.242459][ T5044] netdevsim netdevsim2 netdevsim3: renamed from eth3
[   81.367376][ T5042] 8021q: adding VLAN 0 to HW filter on device bond0
[   81.389165][ T5058] netdevsim netdevsim1 netdevsim0: renamed from eth0
[   81.402001][ T5058] netdevsim netdevsim1 netdevsim1: renamed from eth1
[   81.418011][ T5061] hsr0: Slave B (hsr_slave_1) is not up; please bring it up to get a fully working HSR network
[   81.454977][ T5042] 8021q: adding VLAN 0 to HW filter on device team0
[   81.493059][ T5058] netdevsim netdevsim1 netdevsim2: renamed from eth2
[   81.543715][ T5058] netdevsim netdevsim1 netdevsim3: renamed from eth3
[   81.598401][ T5045] 8021q: adding VLAN 0 to HW filter on device bond0
[   81.607117][ T5126] bridge0: port 1(bridge_slave_0) entered blocking state
[   81.614267][ T5126] bridge0: port 1(bridge_slave_0) entered forwarding state
[   81.731171][ T5126] bridge0: port 2(bridge_slave_1) entered blocking state
[   81.738378][ T5126] bridge0: port 2(bridge_slave_1) entered forwarding state
[   81.859739][ T5046] netdevsim netdevsim7 netdevsim0: renamed from eth0
[   81.902211][ T5045] 8021q: adding VLAN 0 to HW filter on device team0
[   81.947096][ T5068] Bluetooth: hci5: command 0x040f tx timeout
[   81.953188][ T5068] Bluetooth: hci1: command 0x040f tx timeout
[   81.960065][ T5063] Bluetooth: hci6: command 0x040f tx timeout
[   81.960094][ T5064] Bluetooth: hci4: command 0x040f tx timeout
[   81.967094][ T5063] Bluetooth: hci3: command 0x040f tx timeout
[   81.972623][ T5062] Bluetooth: hci0: command 0x040f tx timeout
[   81.989517][ T5078] bridge0: port 1(bridge_slave_0) entered blocking state
[   81.996705][ T5078] bridge0: port 1(bridge_slave_0) entered forwarding state
[   82.026014][ T5062] Bluetooth: hci2: command 0x040f tx timeout
[   82.032089][ T5062] Bluetooth: hci7: command 0x040f tx timeout
[   82.055874][ T5046] netdevsim netdevsim7 netdevsim1: renamed from eth1
[   82.103873][ T5042] hsr0: Slave B (hsr_slave_1) is not up; please bring it up to get a fully working HSR network
[   82.128737][ T4763] bridge0: port 2(bridge_slave_1) entered blocking state
[   82.135930][ T4763] bridge0: port 2(bridge_slave_1) entered forwarding state
[   82.174606][ T5044] 8021q: adding VLAN 0 to HW filter on device bond0
[   82.182091][ T5046] netdevsim netdevsim7 netdevsim2: renamed from eth2
[   82.206454][ T5046] netdevsim netdevsim7 netdevsim3: renamed from eth3
[   82.314307][ T5061] 8021q: adding VLAN 0 to HW filter on device batadv0
[   82.349807][ T5044] 8021q: adding VLAN 0 to HW filter on device team0
[   82.380630][ T5045] hsr0: Slave B (hsr_slave_1) is not up; please bring it up to get a fully working HSR network
[   82.437534][ T5049] netdevsim netdevsim6 netdevsim0: renamed from eth0
[   82.513143][ T5058] 8021q: adding VLAN 0 to HW filter on device bond0
[   82.546588][ T5049] netdevsim netdevsim6 netdevsim1: renamed from eth1
[   82.575335][ T5049] netdevsim netdevsim6 netdevsim2: renamed from eth2
[   82.630998][ T5078] bridge0: port 1(bridge_slave_0) entered blocking state
[   82.638201][ T5078] bridge0: port 1(bridge_slave_0) entered forwarding state
[   82.717145][ T5058] 8021q: adding VLAN 0 to HW filter on device team0
[   82.738982][ T5049] netdevsim netdevsim6 netdevsim3: renamed from eth3
[   82.783697][ T5125] bridge0: port 2(bridge_slave_1) entered blocking state
[   82.790925][ T5125] bridge0: port 2(bridge_slave_1) entered forwarding state
[   82.932412][ T5124] bridge0: port 1(bridge_slave_0) entered blocking state
[   82.939622][ T5124] bridge0: port 1(bridge_slave_0) entered forwarding state
[   82.970378][ T5124] bridge0: port 2(bridge_slave_1) entered blocking state
[   82.977772][ T5124] bridge0: port 2(bridge_slave_1) entered forwarding state
[   83.098739][ T5041] netdevsim netdevsim0 netdevsim0: renamed from eth0
[   83.195668][ T5044] hsr0: Slave A (hsr_slave_0) is not up; please bring it up to get a fully working HSR network
[   83.210221][ T5044] hsr0: Slave B (hsr_slave_1) is not up; please bring it up to get a fully working HSR network
[   83.242213][ T5041] netdevsim netdevsim0 netdevsim1: renamed from eth1
[   83.254446][ T5041] netdevsim netdevsim0 netdevsim2: renamed from eth2
[   83.270480][ T5042] 8021q: adding VLAN 0 to HW filter on device batadv0
[   83.295569][ T5046] 8021q: adding VLAN 0 to HW filter on device bond0
[   83.346831][ T5041] netdevsim netdevsim0 netdevsim3: renamed from eth3
[   83.404559][ T5046] 8021q: adding VLAN 0 to HW filter on device team0
[   83.431929][ T5058] hsr0: Slave B (hsr_slave_1) is not up; please bring it up to get a fully working HSR network
[   83.513076][ T5045] 8021q: adding VLAN 0 to HW filter on device batadv0
[   83.558394][ T5147] bridge0: port 1(bridge_slave_0) entered blocking state
[   83.565550][ T5147] bridge0: port 1(bridge_slave_0) entered forwarding state
[   83.596002][ T5147] bridge0: port 2(bridge_slave_1) entered blocking state
[   83.603161][ T5147] bridge0: port 2(bridge_slave_1) entered forwarding state
[   83.642574][ T5061] veth0_vlan: entered promiscuous mode
[   83.734842][ T5061] veth1_vlan: entered promiscuous mode
[   83.817387][ T5049] 8021q: adding VLAN 0 to HW filter on device bond0
[   83.847872][ T5042] veth0_vlan: entered promiscuous mode
[   83.937743][ T5049] 8021q: adding VLAN 0 to HW filter on device team0
[   83.955086][ T5046] hsr0: Slave B (hsr_slave_1) is not up; please bring it up to get a fully working HSR network
[   83.999502][ T5042] veth1_vlan: entered promiscuous mode
[   84.026727][ T5062] Bluetooth: hci4: command 0x0419 tx timeout
[   84.032802][ T5062] Bluetooth: hci0: command 0x0419 tx timeout
[   84.039004][ T5064] Bluetooth: hci3: command 0x0419 tx timeout
[   84.045052][ T5064] Bluetooth: hci1: command 0x0419 tx timeout
[   84.048820][ T5059] Bluetooth: hci6: command 0x0419 tx timeout
[   84.051750][ T5064] Bluetooth: hci5: command 0x0419 tx timeout
[   84.081446][    T9] bridge0: port 1(bridge_slave_0) entered blocking state
[   84.088741][    T9] bridge0: port 1(bridge_slave_0) entered forwarding state
[   84.106283][ T5064] Bluetooth: hci7: command 0x0419 tx timeout
[   84.106362][ T5062] Bluetooth: hci2: command 0x0419 tx timeout
[   84.164225][    T9] bridge0: port 2(bridge_slave_1) entered blocking state
[   84.171456][    T9] bridge0: port 2(bridge_slave_1) entered forwarding state
[   84.297259][ T5061] veth0_macvtap: entered promiscuous mode
[   84.308949][ T5044] 8021q: adding VLAN 0 to HW filter on device batadv0
[   84.352120][ T5042] veth0_macvtap: entered promiscuous mode
[   84.422703][ T5058] 8021q: adding VLAN 0 to HW filter on device batadv0
[   84.450086][ T5061] veth1_macvtap: entered promiscuous mode
[   84.469582][ T5042] veth1_macvtap: entered promiscuous mode
[   84.490819][ T5041] 8021q: adding VLAN 0 to HW filter on device bond0
[   84.560291][ T5049] hsr0: Slave A (hsr_slave_0) is not up; please bring it up to get a fully working HSR network
[   84.572931][ T5049] hsr0: Slave B (hsr_slave_1) is not up; please bring it up to get a fully working HSR network
[   84.643980][ T5042] batman_adv: batadv0: Interface activated: batadv_slave_0
[   84.676629][ T5046] 8021q: adding VLAN 0 to HW filter on device batadv0
[   84.684264][ T5061] batman_adv: The newly added mac address (aa:aa:aa:aa:aa:3e) already exists on: batadv_slave_0
[   84.709227][ T5061] batman_adv: It is strongly recommended to keep mac addresses unique to avoid problems!
[   84.733198][ T5061] batman_adv: batadv0: Interface activated: batadv_slave_0
[   84.775058][ T5041] 8021q: adding VLAN 0 to HW filter on device team0
[   84.803952][ T5058] veth0_vlan: entered promiscuous mode
[   84.837594][ T5044] veth0_vlan: entered promiscuous mode
[   84.851768][ T5042] batman_adv: batadv0: Interface activated: batadv_slave_1
[   84.863387][ T5061] batman_adv: The newly added mac address (aa:aa:aa:aa:aa:3f) already exists on: batadv_slave_1
[   84.882159][ T5061] batman_adv: It is strongly recommended to keep mac addresses unique to avoid problems!
[   84.896973][ T5061] batman_adv: batadv0: Interface activated: batadv_slave_1
[   84.923654][ T5045] veth0_vlan: entered promiscuous mode
[   84.945660][ T5042] netdevsim netdevsim3 netdevsim0: set [1, 0] type 2 family 0 port 6081 - 0
[   84.960887][ T5042] netdevsim netdevsim3 netdevsim1: set [1, 0] type 2 family 0 port 6081 - 0
[   84.970689][ T5042] netdevsim netdevsim3 netdevsim2: set [1, 0] type 2 family 0 port 6081 - 0
[   84.979850][ T5042] netdevsim netdevsim3 netdevsim3: set [1, 0] type 2 family 0 port 6081 - 0
[   84.995581][ T5061] netdevsim netdevsim5 netdevsim0: set [1, 0] type 2 family 0 port 6081 - 0
[   85.010122][ T5061] netdevsim netdevsim5 netdevsim1: set [1, 0] type 2 family 0 port 6081 - 0
[   85.020212][ T5061] netdevsim netdevsim5 netdevsim2: set [1, 0] type 2 family 0 port 6081 - 0
[   85.040392][ T5061] netdevsim netdevsim5 netdevsim3: set [1, 0] type 2 family 0 port 6081 - 0
[   85.067697][   T22] bridge0: port 1(bridge_slave_0) entered blocking state
[   85.074887][   T22] bridge0: port 1(bridge_slave_0) entered forwarding state
[   85.126904][   T22] bridge0: port 2(bridge_slave_1) entered blocking state
[   85.134100][   T22] bridge0: port 2(bridge_slave_1) entered forwarding state
[   85.162628][ T5044] veth1_vlan: entered promiscuous mode
[   85.171860][ T5058] veth1_vlan: entered promiscuous mode
[   85.234240][ T5045] veth1_vlan: entered promiscuous mode
[   85.329574][ T5041] hsr0: Slave A (hsr_slave_0) is not up; please bring it up to get a fully working HSR network
[   85.348076][ T5041] hsr0: Slave B (hsr_slave_1) is not up; please bring it up to get a fully working HSR network
[   85.419062][ T5049] 8021q: adding VLAN 0 to HW filter on device batadv0
[   85.440300][ T5045] veth0_macvtap: entered promiscuous mode
[   85.472944][ T5058] veth0_macvtap: entered promiscuous mode
[   85.549810][ T5045] veth1_macvtap: entered promiscuous mode
[   85.577037][ T5058] veth1_macvtap: entered promiscuous mode
[   85.618342][ T5044] veth0_macvtap: entered promiscuous mode
[   85.717294][ T5045] batman_adv: The newly added mac address (aa:aa:aa:aa:aa:3e) already exists on: batadv_slave_0
[   85.744100][ T5045] batman_adv: It is strongly recommended to keep mac addresses unique to avoid problems!
[   85.754764][ T5045] batman_adv: The newly added mac address (aa:aa:aa:aa:aa:3e) already exists on: batadv_slave_0
[   85.765470][ T5045] batman_adv: It is strongly recommended to keep mac addresses unique to avoid problems!
[   85.780970][ T5045] batman_adv: batadv0: Interface activated: batadv_slave_0
[   85.807530][ T5044] veth1_macvtap: entered promiscuous mode
[   85.814078][ T2921] wlan0: Created IBSS using preconfigured BSSID 50:50:50:50:50:50
[   85.839150][ T5058] batman_adv: The newly added mac address (aa:aa:aa:aa:aa:3e) already exists on: batadv_slave_0
[   85.846702][ T2921] wlan0: Creating new IBSS network, BSSID 50:50:50:50:50:50
[   85.879376][ T5058] batman_adv: It is strongly recommended to keep mac addresses unique to avoid problems!
[   85.907200][ T5058] batman_adv: The newly added mac address (aa:aa:aa:aa:aa:3e) already exists on: batadv_slave_0
[   85.936555][ T5058] batman_adv: It is strongly recommended to keep mac addresses unique to avoid problems!
[   85.958348][ T5058] batman_adv: The newly added mac address (aa:aa:aa:aa:aa:3e) already exists on: batadv_slave_0
[   85.978825][ T5058] batman_adv: It is strongly recommended to keep mac addresses unique to avoid problems!
[   86.000626][ T5058] batman_adv: batadv0: Interface activated: batadv_slave_0
[   86.022658][ T5044] batman_adv: The newly added mac address (aa:aa:aa:aa:aa:3e) already exists on: batadv_slave_0
[   86.039161][ T5044] batman_adv: It is strongly recommended to keep mac addresses unique to avoid problems!
[   86.049881][ T5044] batman_adv: The newly added mac address (aa:aa:aa:aa:aa:3e) already exists on: batadv_slave_0
[   86.060781][ T5044] batman_adv: It is strongly recommended to keep mac addresses unique to avoid problems!
[   86.071197][ T5044] batman_adv: The newly added mac address (aa:aa:aa:aa:aa:3e) already exists on: batadv_slave_0
[   86.082241][ T5044] batman_adv: It is strongly recommended to keep mac addresses unique to avoid problems!
[   86.094913][ T5044] batman_adv: The newly added mac address (aa:aa:aa:aa:aa:3e) already exists on: batadv_slave_0
[   86.115807][ T5044] batman_adv: It is strongly recommended to keep mac addresses unique to avoid problems!
[   86.128016][ T5044] batman_adv: batadv0: Interface activated: batadv_slave_0
[   86.139776][ T5045] batman_adv: The newly added mac address (aa:aa:aa:aa:aa:3f) already exists on: batadv_slave_1
[   86.157674][ T5045] batman_adv: It is strongly recommended to keep mac addresses unique to avoid problems!
[   86.168611][ T5045] batman_adv: The newly added mac address (aa:aa:aa:aa:aa:3f) already exists on: batadv_slave_1
[   86.179860][ T5045] batman_adv: It is strongly recommended to keep mac addresses unique to avoid problems!
[   86.201813][ T5045] batman_adv: batadv0: Interface activated: batadv_slave_1
[   86.232332][ T5058] batman_adv: The newly added mac address (aa:aa:aa:aa:aa:3f) already exists on: batadv_slave_1
[   86.235970][    T7] wlan0: Created IBSS using preconfigured BSSID 50:50:50:50:50:50
[   86.245004][ T5058] batman_adv: It is strongly recommended to keep mac addresses unique to avoid problems!
[   86.261727][ T5058] batman_adv: The newly added mac address (aa:aa:aa:aa:aa:3f) already exists on: batadv_slave_1
[   86.272443][    T7] wlan0: Creating new IBSS network, BSSID 50:50:50:50:50:50
[   86.281910][ T5058] batman_adv: It is strongly recommended to keep mac addresses unique to avoid problems!
[   86.292309][ T5058] batman_adv: The newly added mac address (aa:aa:aa:aa:aa:3f) already exists on: batadv_slave_1
[   86.303609][ T5058] batman_adv: It is strongly recommended to keep mac addresses unique to avoid problems!
[   86.318211][ T5058] batman_adv: batadv0: Interface activated: batadv_slave_1
[   86.338824][ T5046] veth0_vlan: entered promiscuous mode
[   86.351928][ T5044] batman_adv: The newly added mac address (aa:aa:aa:aa:aa:3f) already exists on: batadv_slave_1
[   86.364703][ T5044] batman_adv: It is strongly recommended to keep mac addresses unique to avoid problems!
[   86.375218][ T5044] batman_adv: The newly added mac address (aa:aa:aa:aa:aa:3f) already exists on: batadv_slave_1
[   86.388063][ T5044] batman_adv: It is strongly recommended to keep mac addresses unique to avoid problems!
[   86.398234][ T5044] batman_adv: The newly added mac address (aa:aa:aa:aa:aa:3f) already exists on: batadv_slave_1
[   86.408798][ T5044] batman_adv: It is strongly recommended to keep mac addresses unique to avoid problems!
[   86.420381][ T5044] batman_adv: The newly added mac address (aa:aa:aa:aa:aa:3f) already exists on: batadv_slave_1
[   86.434160][ T5044] batman_adv: It is strongly recommended to keep mac addresses unique to avoid problems!
[   86.445877][ T5044] batman_adv: batadv0: Interface activated: batadv_slave_1
[   86.490852][ T5058] netdevsim netdevsim1 netdevsim0: set [1, 0] type 2 family 0 port 6081 - 0
[   86.500979][ T5058] netdevsim netdevsim1 netdevsim1: set [1, 0] type 2 family 0 port 6081 - 0
[   86.512113][ T5058] netdevsim netdevsim1 netdevsim2: set [1, 0] type 2 family 0 port 6081 - 0
[   86.527701][ T5058] netdevsim netdevsim1 netdevsim3: set [1, 0] type 2 family 0 port 6081 - 0
[   86.545460][ T5041] 8021q: adding VLAN 0 to HW filter on device batadv0
[   86.556067][ T5045] netdevsim netdevsim4 netdevsim0: set [1, 0] type 2 family 0 port 6081 - 0
[   86.564944][ T5045] netdevsim netdevsim4 netdevsim1: set [1, 0] type 2 family 0 port 6081 - 0
[   86.574338][ T5045] netdevsim netdevsim4 netdevsim2: set [1, 0] type 2 family 0 port 6081 - 0
[   86.583167][ T5045] netdevsim netdevsim4 netdevsim3: set [1, 0] type 2 family 0 port 6081 - 0
[   86.638597][ T5046] veth1_vlan: entered promiscuous mode
[   86.672087][ T5044] netdevsim netdevsim2 netdevsim0: set [1, 0] type 2 family 0 port 6081 - 0
[   86.681677][ T5044] netdevsim netdevsim2 netdevsim1: set [1, 0] type 2 family 0 port 6081 - 0
[   86.690739][ T5044] netdevsim netdevsim2 netdevsim2: set [1, 0] type 2 family 0 port 6081 - 0
[   86.699801][ T5044] netdevsim netdevsim2 netdevsim3: set [1, 0] type 2 family 0 port 6081 - 0
[   86.712086][ T5128] wlan1: Created IBSS using preconfigured BSSID 50:50:50:50:50:50
[   86.719476][    T7] wlan1: Created IBSS using preconfigured BSSID 50:50:50:50:50:50
[   86.736708][ T5128] wlan1: Creating new IBSS network, BSSID 50:50:50:50:50:50
[   86.745190][    T7] wlan1: Creating new IBSS network, BSSID 50:50:50:50:50:50
[   86.922453][ T5049] veth0_vlan: entered promiscuous mode
[   86.990179][ T5046] veth0_macvtap: entered promiscuous mode
[   87.042790][ T5041] veth0_vlan: entered promiscuous mode
[   87.065599][ T5191] ------------[ cut here ]------------
[   87.071573][ T5191] WARNING: CPU: 1 PID: 5191 at mm/gup.c:1173 __get_user_pages+0xd68/0x10c0
[   87.081269][ T5191] Modules linked in:
2024/04/16 17:56:55 executed programs: 8
[   87.085235][ T5191] CPU: 1 PID: 5191 Comm: syz-executor.5 Not tainted 6.4.0-syzkaller-11478-gd528014517f2 #0
[   87.096209][ T5191] Hardware name: Google Google Compute Engine/Google Compute Engine, BIOS Google 03/27/2024
[   87.106519][ T5191] RIP: 0010:__get_user_pages+0xd68/0x10c0
[   87.112314][ T5191] Code: 48 89 fa 48 c1 ea 03 80 3c 02 00 0f 85 61 03 00 00 48 8b 04 24 48 8b 80 c0 00 00 00 4a 8d 2c f8 e9 38 f7 ff ff e8 d8 f7 c2 ff <0f> 0b e9 a7 f5 ff ff e8 cc f7 c2 ff 0f 0b e8 c5 f7 c2 ff 41 89 dc
[   87.132375][ T5191] RSP: 0018:ffffc900043d7540 EFLAGS: 00010293
[   87.138911][ T5191] RAX: 0000000000000000 RBX: 0000000000210002 RCX: 0000000000000000
[   87.148063][ T5191] RDX: ffff8880793c3b80 RSI: ffffffff81c2bad8 RDI: 0000000000000007
[   87.156416][ T5191] RBP: 0000000000000100 R08: 0000000000000007 R09: 0000000000000000
[   87.164446][ T5191] R10: 0000000000000100 R11: 0000000000000000 R12: 0000000020006000
[   87.172711][ T5191] R13: 0000000020009000 R14: 0000000000000001 R15: 1ffff9200087aeb0
[   87.181045][ T5191] FS:  00007fa5d37fe6c0(0000) GS:ffff8880b9900000(0000) knlGS:0000000000000000
[   87.190277][ T5191] CS:  0010 DS: 0000 ES: 0000 CR0: 0000000080050033
[   87.197216][ T5191] CR2: 0000555555d578f8 CR3: 000000007a912000 CR4: 00000000003506e0
[   87.205449][ T5191] DR0: 0000000000000000 DR1: 0000000000000000 DR2: 0000000000000000
[   87.213707][ T5191] DR3: 0000000000000000 DR6: 00000000fffe0ff0 DR7: 0000000000000400
[   87.221968][ T5191] Call Trace:
[   87.225288][ T5191]  <TASK>
[   87.230015][ T5191]  ? __warn+0xe6/0x380
[   87.234153][ T5191]  ? __get_user_pages+0xd68/0x10c0
[   87.240129][ T5191]  ? report_bug+0x3bc/0x580
[   87.244737][ T5191]  ? handle_bug+0x3c/0x70
[   87.249715][ T5191]  ? exc_invalid_op+0x17/0x40
[   87.254481][ T5191]  ? asm_exc_invalid_op+0x1a/0x20
[   87.259826][ T5191]  ? __get_user_pages+0xd68/0x10c0
[   87.265009][ T5191]  ? __get_user_pages+0xd68/0x10c0
[   87.270330][ T5191]  ? follow_page_mask+0xdc0/0xdc0
[   87.275461][ T5191]  ? down_read_killable+0x222/0x4b0
[   87.280808][ T5191]  ? down_read+0x470/0x470
[   87.285308][ T5191]  ? mark_lock+0x105/0x1950
[   87.289958][ T5191]  __gup_longterm_locked+0x755/0x24d0
[   87.295421][ T5191]  ? find_held_lock+0x2d/0x110
[   87.300427][ T5191]  ? get_user_pages_unlocked+0x6c0/0x6c0
[   87.306775][ T5191]  ? internal_get_user_pages_fast+0x1521/0x3190
[   87.313189][ T5191]  ? mark_held_locks+0x9f/0xe0
[   87.318111][ T5191]  internal_get_user_pages_fast+0x1c37/0x3190
[   87.324279][ T5191]  ? __gup_device_huge+0x670/0x670
[   87.329535][ T5191]  ? __lock_acquire+0xc8f/0x5de0
[   87.334552][ T5191]  get_user_pages_fast+0xa8/0xf0
[   87.339660][ T5191]  ? get_user_pages_fast_only+0xf0/0xf0
[   87.345275][ T5191]  ? lockdep_hardirqs_on_prepare+0x410/0x410
[   87.351759][ T5191]  ? __switch_to+0x5da/0xfa0
[   87.356546][ T5191]  ? first_iovec_segment+0x16b/0x290
[   87.361912][ T5191]  __iov_iter_get_pages_alloc+0x2b3/0x19c0
[   87.367859][ T5191]  ? trace_contention_end+0xd6/0x100
[   87.373212][ T5191]  ? page_copy_sane+0x2d0/0x2d0
[   87.378289][ T5191]  ? pipe_lock+0x5e/0x70
[   87.382637][ T5191]  ? __fget_files+0x257/0x410
[   87.388297][ T5191]  ? reacquire_held_locks+0x4b0/0x4b0
[   87.393753][ T5191]  ? mutex_lock_io_nested+0x1120/0x1120
[   87.400180][ T5191]  ? import_ubuf+0x1f5/0x260
[   87.404871][ T5191]  iov_iter_get_pages2+0xa4/0xf0
[   87.410013][ T5191]  ? __iov_iter_get_pages_alloc+0x19c0/0x19c0
[   87.416231][ T5191]  ? wait_for_space+0x20b/0x2c0
[   87.421201][ T5191]  __do_sys_vmsplice+0x520/0xaf0
[   87.426293][ T5191]  ? __splice_from_pipe+0x800/0x800
[   87.431575][ T5191]  ? wake_up_q+0x8f/0xf0
[   87.435952][ T5191]  ? do_raw_spin_unlock+0x173/0x230
[   87.441242][ T5191]  ? find_held_lock+0x2d/0x110
[   87.446151][ T5191]  ? __might_fault+0xe5/0x190
[   87.450903][ T5191]  ? reacquire_held_locks+0x4b0/0x4b0
[   87.456662][ T5191]  ? rcu_is_watching+0x12/0xb0
[   87.461547][ T5191]  ? __rseq_handle_notify_resume+0x5c7/0xfe0
[   87.468422][ T5191]  ? folio_memcg_unlock+0x2d0/0x2d0
[   87.473708][ T5191]  ? do_futex+0x350/0x350
[   87.478181][ T5191]  ? syscall_enter_from_user_mode+0x26/0x80
[   87.484144][ T5191]  ? lockdep_hardirqs_on+0x7d/0x100
[   87.489466][ T5191]  do_syscall_64+0x38/0xb0
[   87.493961][ T5191]  entry_SYSCALL_64_after_hwframe+0x63/0xcd
[   87.499980][ T5191] RIP: 0033:0x7fa5d447cbe9
[   87.504474][ T5191] Code: 28 00 00 00 75 05 48 83 c4 28 c3 e8 e1 20 00 00 90 48 89 f8 48 89 f7 48 89 d6 48 89 ca 4d 89 c2 4d 89 c8 4c 8b 4c 24 08 0f 05 <48> 3d 01 f0 ff ff 73 01 c3 48 c7 c1 b0 ff ff ff f7 d8 64 89 01 48
[   87.524241][ T5191] RSP: 002b:00007fa5d37fe0c8 EFLAGS: 00000246 ORIG_RAX: 0000000000000116
[   87.532805][ T5191] RAX: ffffffffffffffda RBX: 00007fa5d459bf80 RCX: 00007fa5d447cbe9
[   87.540910][ T5191] RDX: 0000000000000001 RSI: 00000000200000c0 RDI: 0000000000000004
[   87.549399][ T5191] RBP: 00007fa5d44c847a R08: 0000000000000000 R09: 0000000000000000
[   87.557895][ T5191] R10: 0000000000000001 R11: 0000000000000246 R12: 0000000000000000
[   87.566175][ T5191] R13: 000000000000000b R14: 00007fa5d459bf80 R15: 00007fff33cf89f8
[   87.574361][ T5191]  </TASK>
[   87.577489][ T5191] Kernel panic - not syncing: kernel: panic_on_warn set ...
[   87.584810][ T5191] CPU: 1 PID: 5191 Comm: syz-executor.5 Not tainted 6.4.0-syzkaller-11478-gd528014517f2 #0
[   87.594834][ T5191] Hardware name: Google Google Compute Engine/Google Compute Engine, BIOS Google 03/27/2024
[   87.605522][ T5191] Call Trace:
[   87.608822][ T5191]  <TASK>
[   87.611870][ T5191]  dump_stack_lvl+0xd9/0x1b0
[   87.616516][ T5191]  panic+0x689/0x730
[   87.620458][ T5191]  ? panic_smp_self_stop+0xa0/0xa0
[   87.625600][ T5191]  ? show_trace_log_lvl+0x297/0x3d0
[   87.630855][ T5191]  ? __get_user_pages+0xd68/0x10c0
[   87.636012][ T5191]  check_panic_on_warn+0xab/0xb0
[   87.640992][ T5191]  __warn+0xf2/0x380
[   87.644929][ T5191]  ? __get_user_pages+0xd68/0x10c0
[   87.650074][ T5191]  report_bug+0x3bc/0x580
[   87.654458][ T5191]  handle_bug+0x3c/0x70
[   87.658829][ T5191]  exc_invalid_op+0x17/0x40
[   87.663371][ T5191]  asm_exc_invalid_op+0x1a/0x20
[   87.668259][ T5191] RIP: 0010:__get_user_pages+0xd68/0x10c0
[   87.674032][ T5191] Code: 48 89 fa 48 c1 ea 03 80 3c 02 00 0f 85 61 03 00 00 48 8b 04 24 48 8b 80 c0 00 00 00 4a 8d 2c f8 e9 38 f7 ff ff e8 d8 f7 c2 ff <0f> 0b e9 a7 f5 ff ff e8 cc f7 c2 ff 0f 0b e8 c5 f7 c2 ff 41 89 dc
[   87.693750][ T5191] RSP: 0018:ffffc900043d7540 EFLAGS: 00010293
[   87.699846][ T5191] RAX: 0000000000000000 RBX: 0000000000210002 RCX: 0000000000000000
[   87.707840][ T5191] RDX: ffff8880793c3b80 RSI: ffffffff81c2bad8 RDI: 0000000000000007
[   87.715836][ T5191] RBP: 0000000000000100 R08: 0000000000000007 R09: 0000000000000000
[   87.723832][ T5191] R10: 0000000000000100 R11: 0000000000000000 R12: 0000000020006000
[   87.731828][ T5191] R13: 0000000020009000 R14: 0000000000000001 R15: 1ffff9200087aeb0
[   87.739831][ T5191]  ? __get_user_pages+0xd68/0x10c0
[   87.744985][ T5191]  ? follow_page_mask+0xdc0/0xdc0
[   87.750046][ T5191]  ? down_read_killable+0x222/0x4b0
[   87.755275][ T5191]  ? down_read+0x470/0x470
[   87.759726][ T5191]  ? mark_lock+0x105/0x1950
[   87.764267][ T5191]  __gup_longterm_locked+0x755/0x24d0
[   87.769681][ T5191]  ? find_held_lock+0x2d/0x110
[   87.774489][ T5191]  ? get_user_pages_unlocked+0x6c0/0x6c0
[   87.780157][ T5191]  ? internal_get_user_pages_fast+0x1521/0x3190
[   87.786438][ T5191]  ? mark_held_locks+0x9f/0xe0
[   87.791244][ T5191]  internal_get_user_pages_fast+0x1c37/0x3190
[   87.797365][ T5191]  ? __gup_device_huge+0x670/0x670
[   87.802512][ T5191]  ? __lock_acquire+0xc8f/0x5de0
[   87.807497][ T5191]  get_user_pages_fast+0xa8/0xf0
[   87.812474][ T5191]  ? get_user_pages_fast_only+0xf0/0xf0
[   87.818057][ T5191]  ? lockdep_hardirqs_on_prepare+0x410/0x410
[   87.824083][ T5191]  ? __switch_to+0x5da/0xfa0
[   87.828710][ T5191]  ? first_iovec_segment+0x16b/0x290
[   87.834034][ T5191]  __iov_iter_get_pages_alloc+0x2b3/0x19c0
[   87.839888][ T5191]  ? trace_contention_end+0xd6/0x100
[   87.845201][ T5191]  ? page_copy_sane+0x2d0/0x2d0
[   87.850089][ T5191]  ? pipe_lock+0x5e/0x70
[   87.854403][ T5191]  ? __fget_files+0x257/0x410
[   87.859124][ T5191]  ? reacquire_held_locks+0x4b0/0x4b0
[   87.864538][ T5191]  ? mutex_lock_io_nested+0x1120/0x1120
[   87.870122][ T5191]  ? import_ubuf+0x1f5/0x260
[   87.874761][ T5191]  iov_iter_get_pages2+0xa4/0xf0
[   87.879742][ T5191]  ? __iov_iter_get_pages_alloc+0x19c0/0x19c0
[   87.885854][ T5191]  ? wait_for_space+0x20b/0x2c0
[   87.890750][ T5191]  __do_sys_vmsplice+0x520/0xaf0
[   87.895745][ T5191]  ? __splice_from_pipe+0x800/0x800
[   87.901003][ T5191]  ? wake_up_q+0x8f/0xf0
[   87.905284][ T5191]  ? do_raw_spin_unlock+0x173/0x230
[   87.910526][ T5191]  ? find_held_lock+0x2d/0x110
[   87.915323][ T5191]  ? __might_fault+0xe5/0x190
[   87.920036][ T5191]  ? reacquire_held_locks+0x4b0/0x4b0
[   87.925540][ T5191]  ? rcu_is_watching+0x12/0xb0
[   87.930344][ T5191]  ? __rseq_handle_notify_resume+0x5c7/0xfe0
[   87.936379][ T5191]  ? folio_memcg_unlock+0x2d0/0x2d0
[   87.941614][ T5191]  ? do_futex+0x350/0x350
[   87.945997][ T5191]  ? syscall_enter_from_user_mode+0x26/0x80
[   87.951929][ T5191]  ? lockdep_hardirqs_on+0x7d/0x100
[   87.957164][ T5191]  do_syscall_64+0x38/0xb0
[   87.961648][ T5191]  entry_SYSCALL_64_after_hwframe+0x63/0xcd
[   87.967585][ T5191] RIP: 0033:0x7fa5d447cbe9
[   87.972021][ T5191] Code: 28 00 00 00 75 05 48 83 c4 28 c3 e8 e1 20 00 00 90 48 89 f8 48 89 f7 48 89 d6 48 89 ca 4d 89 c2 4d 89 c8 4c 8b 4c 24 08 0f 05 <48> 3d 01 f0 ff ff 73 01 c3 48 c7 c1 b0 ff ff ff f7 d8 64 89 01 48
[   87.991652][ T5191] RSP: 002b:00007fa5d37fe0c8 EFLAGS: 00000246 ORIG_RAX: 0000000000000116
[   88.000263][ T5191] RAX: ffffffffffffffda RBX: 00007fa5d459bf80 RCX: 00007fa5d447cbe9
[   88.008254][ T5191] RDX: 0000000000000001 RSI: 00000000200000c0 RDI: 0000000000000004
[   88.016258][ T5191] RBP: 00007fa5d44c847a R08: 0000000000000000 R09: 0000000000000000
[   88.024247][ T5191] R10: 0000000000000001 R11: 0000000000000246 R12: 0000000000000000
[   88.032259][ T5191] R13: 000000000000000b R14: 00007fa5d459bf80 R15: 00007fff33cf89f8
[   88.040271][ T5191]  </TASK>
[   88.043532][ SeaBIOS (version 1.8.2-google)
Total RAM Size = 0x0000000200000000 = 8192 MiB
CPUs found: 2     Max CPUs supported: 2
SeaBIOS (version 1.8.2-google)
Machine UUID bdda889d-e228-ba42-0c2a-4535c4bdd918
found virtio-scsi at 0:3
virtio-scsi vendor='Google' product='PersistentDisk' rev='1' type=0 removable=0
virtio-scsi blksize=512 sectors=4194304 = 2048 MiB
drive 0x000f27c0: PCHS=0/0/0 translation=lba LCHS=520/128/63 s=4194304
Sending Seabios boot VM event.
Booting from Hard Disk 0...
[    0.000000][    T0] Linux version 6.4.0-syzkaller-11478-gd528014517f2 (syzkaller@syzkaller) (gcc (Debian 12.2.0-14) 12.2.0, GNU ld (GNU Binutils for Debian) 2.40) #0 SMP PREEMPT_DYNAMIC now
[    0.000000][    T0] Command line: BOOT_IMAGE=/boot/bzImage root=/dev/sda1 console=ttyS0
[    0.000000][    T0] KERNEL supported cpus:
[    0.000000][    T0]   Intel GenuineIntel
[    0.000000][    T0]   AMD AuthenticAMD
[    0.000000][    T0] BIOS-provided physical RAM map:
[    0.000000][    T0] BIOS-e820: [mem 0x0000000000000000-0x000000000009fbff] usable
[    0.000000][    T0] BIOS-e820: [mem 0x000000000009fc00-0x000000000009ffff] reserved
[    0.000000][    T0] BIOS-e820: [mem 0x00000000000f0000-0x00000000000fffff] reserved
[    0.000000][    T0] BIOS-e820: [mem 0x0000000000100000-0x00000000bfffcfff] usable
[    0.000000][    T0] BIOS-e820: [mem 0x00000000bfffd000-0x00000000bfffffff] reserved
[    0.000000][    T0] BIOS-e820: [mem 0x00000000fffbc000-0x00000000ffffffff] reserved
[    0.000000][    T0] BIOS-e820: [mem 0x0000000100000000-0x000000023fffffff] usable
[    0.000000][    T0] printk: bootconsole [earlyser0] enabled
[    0.000000][    T0] ERROR: earlyprintk= earlyser already used
[    0.000000][    T0] ERROR: earlyprintk= earlyser already used
[    0.000000][    T0] **********************************************************
[    0.000000][    T0] **   NOTICE NOTICE NOTICE NOTICE NOTICE NOTICE NOTICE   **
[    0.000000][    T0] **                                                      **
[    0.000000][    T0] ** This system shows unhashed kernel memory addresses   **
[    0.000000][    T0] ** via the console, logs, and other interfaces. This    **
[    0.000000][    T0] ** might reduce the security of your system.            **
[    0.000000][    T0] **                                                      **
[    0.000000][    T0] ** If you see this message and you are not debugging    **
[    0.000000][    T0] ** the kernel, report this immediately to your system   **
[    0.000000][    T0] ** administrator!                                       **
[    0.000000][    T0] **                                                      **
[    0.000000][    T0] **   NOTICE NOTICE NOTICE NOTICE NOTICE NOTICE NOTICE   **
[    0.000000][    T0] **********************************************************
[    0.000000][    T0] Malformed early option 'vsyscall'
[    0.000000][    T0] nopcid: PCID feature disabled
[    0.000000][    T0] NX (Execute Disable) protection: active
[    0.000000][    T0] SMBIOS 2.4 present.
[    0.000000][    T0] DMI: Google Google Compute Engine/Google Compute Engine, BIOS Google 03/27/2024
[    0.000000][    T0] Hypervisor detected: KVM
[    0.000000][    T0] kvm-clock: Using msrs 4b564d01 and 4b564d00
[    0.000006][    T0] kvm-clock: using sched offset of 3491968899 cycles
[    0.000891][    T0] clocksource: kvm-clock: mask: 0xffffffffffffffff max_cycles: 0x1cd42e4dffb, max_idle_ns: 881590591483 ns
[    0.003693][    T0] tsc: Detected 2199.998 MHz processor
[    0.008578][    T0] last_pfn = 0x240000 max_arch_pfn = 0x400000000
[    0.009672][    T0] MTRR map: 4 entries (3 fixed + 1 variable; max 19), built from 8 variable MTRRs
[    0.010902][    T0] x86/PAT: Configuration [0-7]: WB  WC  UC- UC  WB  WP  UC- WT  
[    0.012020][    T0] last_pfn = 0xbfffd max_arch_pfn = 0x400000000
[    0.019296][    T0] found SMP MP-table at [mem 0x000f2a80-0x000f2a8f]
[    0.020375][    T0] Using GB pages for direct mapping
[    0.022712][    T0] ACPI: Early table checksum verification disabled
[    0.023605][    T0] ACPI: RSDP 0x00000000000F2800 000014 (v00 Google)
[    0.024600][    T0] ACPI: RSDT 0x00000000BFFFFFA0 000038 (v01 Google GOOGRSDT 00000001 GOOG 00000001)
[    0.026046][    T0] ACPI: FACP 0x00000000BFFFF330 0000F4 (v02 Google GOOGFACP 00000001 GOOG 00000001)
[    0.027640][    T0] ACPI: DSDT 0x00000000BFFFD8C0 001A64 (v01 Google GOOGDSDT 00000001 GOOG 00000001)
[    0.028972][    T0] ACPI: FACS 0x00000000BFFFD880 000040
[    0.029773][    T0] ACPI: FACS 0x00000000BFFFD880 000040
[    0.030717][    T0] ACPI: SRAT 0x00000000BFFFFE60 0000C8 (v03 Google GOOGSRAT 00000001 GOOG 00000001)
[    0.032085][    T0] ACPI: APIC 0x00000000BFFFFDB0 000076 (v05 Google GOOGAPIC 00000001 GOOG 00000001)
[    0.033400][    T0] ACPI: SSDT 0x00000000BFFFF430 000980 (v01 Google GOOGSSDT 00000001 GOOG 00000001)
[    0.034690][    T0] ACPI: WAET 0x00000000BFFFFE30 000028 (v01 Google GOOGWAET 00000001 GOOG 00000001)
[    0.036230][    T0] ACPI: Reserving FACP table memory at [mem 0xbffff330-0xbffff423]
[    0.037301][    T0] ACPI: Reserving DSDT table memory at [mem 0xbfffd8c0-0xbffff323]
[    0.038414][    T0] ACPI: Reserving FACS table memory at [mem 0xbfffd880-0xbfffd8bf]
[    0.039508][    T0] ACPI: Reserving FACS table memory at [mem 0xbfffd880-0xbfffd8bf]
[    0.040573][    T0] ACPI: Reserving SRAT table memory at [mem 0xbffffe60-0xbfffff27]
[    0.041645][    T0] ACPI: Reserving APIC table memory at [mem 0xbffffdb0-0xbffffe25]
[    0.042678][    T0] ACPI: Reserving SSDT table memory at [mem 0xbffff430-0xbffffdaf]
[    0.043696][    T0] ACPI: Reserving WAET table memory at [mem 0xbffffe30-0xbffffe57]
[    0.045073][    T0] SRAT: PXM 0 -> APIC 0x00 -> Node 0
[    0.045761][    T0] SRAT: PXM 0 -> APIC 0x01 -> Node 0
[    0.046465][    T0] ACPI: SRAT: Node 0 PXM 0 [mem 0x00000000-0x0009ffff]
[    0.047352][    T0] ACPI: SRAT: Node 0 PXM 0 [mem 0x00100000-0xbfffffff]
[    0.048419][    T0] ACPI: SRAT: Node 0 PXM 0 [mem 0x100000000-0x23fffffff]
[    0.049421][    T0] NUMA: Node 0 [mem 0x00000000-0x0009ffff] + [mem 0x00100000-0xbfffffff] -> [mem 0x00000000-0xbfffffff]
[    0.050910][    T0] NUMA: Node 0 [mem 0x00000000-0xbfffffff] + [mem 0x100000000-0x23fffffff] -> [mem 0x00000000-0x23fffffff]
[    0.052428][    T0] Faking node 0 at [mem 0x0000000000000000-0x000000013fffffff] (5120MB)
[    0.053532][    T0] Faking node 1 at [mem 0x0000000140000000-0x000000023fffffff] (4096MB)
[    0.055153][    T0] NODE_DATA(0) allocated [mem 0x13fffa000-0x13fffffff]
[    0.056517][    T0] NODE_DATA(1) allocated [mem 0x23fff7000-0x23fffcfff]
[    0.094899][    T0] Zone ranges:
[    0.095416][    T0]   DMA      [mem 0x0000000000001000-0x0000000000ffffff]
[    0.096368][    T0]   DMA32    [mem 0x0000000001000000-0x00000000ffffffff]
[    0.097351][    T0]   Normal   [mem 0x0000000100000000-0x000000023fffffff]
[    0.098474][    T0]   Device   empty
[    0.099078][    T0] Movable zone start for each node
[    0.099821][    T0] Early memory node ranges
[    0.100457][    T0]   node   0: [mem 0x0000000000001000-0x000000000009efff]
[    0.101499][    T0]   node   0: [mem 0x0000000000100000-0x00000000bfffcfff]
[    0.102465][    T0]   node   0: [mem 0x0000000100000000-0x000000013fffffff]
[    0.103393][    T0]   node   1: [mem 0x0000000140000000-0x000000023fffffff]
[    0.104499][    T0] Initmem setup node 0 [mem 0x0000000000001000-0x000000013fffffff]
[    0.105596][    T0] Initmem setup node 1 [mem 0x0000000140000000-0x000000023fffffff]
[    0.106734][    T0] On node 0, zone DMA: 1 pages in unavailable ranges
[    0.106962][    T0] On node 0, zone DMA: 97 pages in unavailable ranges
[    0.161842][    T0] On node 0, zone Normal: 3 pages in unavailable ranges
[    0.521899][    T0] kasan: KernelAddressSanitizer initialized
[    0.524299][    T0] ACPI: PM-Timer IO Port: 0xb008
[    0.524977][    T0] ACPI: LAPIC_NMI (acpi_id[0xff] dfl dfl lint[0x1])
[    0.526007][    T0] IOAPIC[0]: apic_id 0, version 17, address 0xfec00000, GSI 0-23
[    0.527046][    T0] ACPI: INT_SRC_OVR (bus 0 bus_irq 5 global_irq 5 high level)
[    0.528072][    T0] ACPI: INT_SRC_OVR (bus 0 bus_irq 9 global_irq 9 high level)
[    0.529109][    T0] ACPI: INT_SRC_OVR (bus 0 bus_irq 10 global_irq 10 high level)
[    0.530120][    T0] ACPI: INT_SRC_OVR (bus 0 bus_irq 11 global_irq 11 high level)
[    0.531125][    T0] ACPI: Using ACPI (MADT) for SMP configuration information
[    0.532093][    T0] smpboot: Allowing 2 CPUs, 0 hotplug CPUs
[    0.532977][    T0] PM: hibernation: Registered nosave memory: [mem 0x00000000-0x00000fff]
[    0.534141][    T0] PM: hibernation: Registered nosave memory: [mem 0x0009f000-0x0009ffff]
[    0.535336][    T0] PM: hibernation: Registered nosave memory: [mem 0x000a0000-0x000effff]
[    0.536639][    T0] PM: hibernation: Registered nosave memory: [mem 0x000f0000-0x000fffff]
[    0.537855][    T0] PM: hibernation: Registered nosave memory: [mem 0xbfffd000-0xbfffffff]
[    0.538961][    T0] PM: hibernation: Registered nosave memory: [mem 0xc0000000-0xfffbbfff]
[    0.540060][    T0] PM: hibernation: Registered nosave memory: [mem 0xfffbc000-0xffffffff]
[    0.541209][    T0] [mem 0xc0000000-0xfffbbfff] available for PCI devices
[    0.542146][    T0] Booting paravirtualized kernel on KVM
[    0.542891][    T0] clocksource: refined-jiffies: mask: 0xffffffff max_cycles: 0xffffffff, max_idle_ns: 19112604462750000 ns
[    0.611303][    T0] setup_percpu: NR_CPUS:8 nr_cpumask_bits:2 nr_cpu_ids:2 nr_node_ids:2
[    0.613324][    T0] percpu: Embedded 72 pages/cpu s254344 r8192 d32376 u1048576
[    0.614695][    T0] kvm-guest: PV spinlocks enabled
[    0.615573][    T0] PV qspinlock hash table entries: 256 (order: 0, 4096 bytes, linear)
[    0.616714][    T0] Kernel command line: earlyprintk=serial net.ifnames=0 sysctl.kernel.hung_task_all_cpu_backtrace=1 ima_policy=tcb nf-conntrack-ftp.ports=20000 nf-conntrack-tftp.ports=20000 nf-conntrack-sip.ports=20000 nf-conntrack-irc.ports=20000 nf-conntrack-sane.ports=20000 binder.debug_mask=0 rcupdate.rcu_expedited=1 rcupdate.rcu_cpu_stall_cputime=1 no_hash_pointers page_owner=on sysctl.vm.nr_hugepages=4 sysctl.vm.nr_overcommit_hugepages=4 secretmem.enable=1 sysctl.max_rcu_stall_to_panic=1 msr.allow_writes=off coredump_filter=0xffff root=/dev/sda console=ttyS0 vsyscall=native numa=fake=2 kvm-intel.nested=1 spec_store_bypass_disable=prctl nopcid vivid.n_devs=16 vivid.multiplanar=1,2,1,2,1,2,1,2,1,2,1,2,1,2,1,2 netrom.nr_ndevs=16 rose.rose_ndevs=16 smp.csd_lock_timeout=100000 watchdog_thresh=55 workqueue.watchdog_thresh=140 sysctl.net.core.netdev_unregister_timeout_secs=140 dummy_hcd.num=8 panic_on_warn=1 BOOT_IMAGE=/boot/bzImage root=/dev/sda1 console=ttyS0
[    0.634248][    T0] Unknown kernel command line parameters "spec_store_bypass_disable=prctl BOOT_IMAGE=/boot/bzImage", will be passed to user space.
[    0.636291][    T0] random: crng init done
[    0.637078][    T0] Fallback order for Node 0: 0 1 
[    0.637094][    T0] Fallback order for Node 1: 1 0 
[    0.637107][    T0] Built 2 zonelists, mobility grouping on.  Total pages: 2064125
[    0.639701][    T0] Policy zone: Normal
[    0.640931][    T0] mem auto-init: stack:off, heap alloc:on, heap free:off
[    0.641957][    T0] stackdepot: allocating hash table via alloc_large_system_hash
[    0.645396][    T0] stackdepot hash table entries: 1048576 (order: 11, 8388608 bytes, linear)
[    0.646620][    T0] software IO TLB: area num 2.
[    1.505068][    T0] Memory: 6809972K/8388204K available (153600K kernel code, 37700K rwdata, 31816K rodata, 3332K init, 35332K bss, 1577976K reserved, 0K cma-reserved)
[    1.508623][    T0] SLUB: HWalign=64, Order=0-3, MinObjects=0, CPUs=2, Nodes=2
[    1.630834][    T0] allocated 150994944 bytes of page_ext
[    1.631812][    T0] Node 0, zone      DMA: page owner found early allocated 0 pages
[    1.647109][    T0] Node 0, zone    DMA32: page owner found early allocated 18528 pages
[    1.659682][    T0] Node 0, zone   Normal: page owner found early allocated 0 pages
[    1.671004][    T0] Node 1, zone   Normal: page owner found early allocated 18435 pages
[    1.673151][    T0] Dynamic Preempt: full
[    1.674644][    T0] Running RCU self tests
[    1.675315][    T0] Running RCU synchronous self tests
[    1.676028][    T0] rcu: Preemptible hierarchical RCU implementation.
[    1.676903][    T0] rcu: 	RCU lockdep checking is enabled.
[    1.677909][    T0] rcu: 	RCU restricting CPUs from NR_CPUS=8 to nr_cpu_ids=2.
[    1.678898][    T0] rcu: 	RCU callback double-/use-after-free debug is enabled.
[    1.679939][    T0] rcu: 	RCU debug extended QS entry/exit.
[    1.680846][    T0] 	All grace periods are expedited (rcu_expedited).
[    1.681850][    T0] 	Trampoline variant of Tasks RCU enabled.
[    1.682638][    T0] 	Tracing variant of Tasks RCU enabled.
[    1.683419][    T0] rcu: RCU calculated value of scheduler-enlistment delay is 10 jiffies.
[    1.684521][    T0] rcu: Adjusting geometry for rcu_fanout_leaf=16, nr_cpu_ids=2
[    1.685629][    T0] Running RCU synchronous self tests
[    1.741615][    T0] NR_IRQS: 4352, nr_irqs: 440, preallocated irqs: 16
[    1.743417][    T0] rcu: srcu_init: Setting srcu_struct sizes based on contention.
[    1.744829][    T0] kfence: initialized - using 2097152 bytes for 255 objects at 0xffff88823bc00000-0xffff88823be00000
[    1.747578][    T0] Console: colour VGA+ 80x25
[    1.748284][    T0] printk: console [ttyS0] enabled
[    1.748284][    T0] printk: console [ttyS0] enabled
[    1.749675][    T0] printk: bootconsole [earlyser0] disabled
[    1.749675][    T0] printk: bootconsole [earlyser0] disabled
[    1.751752][    T0] Lock dependency validator: Copyright (c) 2006 Red Hat, Inc., Ingo Molnar
[    1.753294][    T0] ... MAX_LOCKDEP_SUBCLASSES:  8
[    1.754064][    T0] ... MAX_LOCK_DEPTH:          48
[    1.754825][    T0] ... MAX_LOCKDEP_KEYS:        8192
[    1.755599][    T0] ... CLASSHASH_SIZE:          4096
[    1.756362][    T0] ... MAX_LOCKDEP_ENTRIES:     131072
[    1.757132][    T0] ... MAX_LOCKDEP_CHAINS:      262144
[    1.758085][    T0] ... CHAINHASH_SIZE:          131072
[    1.758959][    T0]  memory used by lock dependency info: 20785 kB
[    1.759857][    T0]  memory used for stack traces: 8320 kB
[    1.760712][    T0]  per task-struct memory footprint: 1920 bytes
[    1.761745][    T0] mempolicy: Enabling automatic NUMA balancing. Configure with numa_balancing= or the kernel.numa_balancing sysctl
[    1.763571][    T0] ACPI: Core revision 20230331
[    1.764931][    T0] APIC: Switch to symmetric I/O mode setup
[    1.766467][    T0] x2apic enabled
[    1.769649][    T0] Switched APIC routing to physical x2apic.
[    1.776053][    T0] ..TIMER: vector=0x30 apic1=0 pin1=0 apic2=-1 pin2=-1
[    1.777544][    T0] clocksource: tsc-early: mask: 0xffffffffffffffff max_cycles: 0x1fb63109b96, max_idle_ns: 440795265316 ns
[    1.779315][    T0] Calibrating delay loop (skipped) preset value.. 4399.99 BogoMIPS (lpj=21999980)
[    1.781430][    T0] Last level iTLB entries: 4KB 64, 2MB 8, 4MB 8
[    1.782544][    T0] Last level dTLB entries: 4KB 64, 2MB 0, 4MB 0, 1GB 4
[    1.783641][    T0] Spectre V1 : Mitigation: usercopy/swapgs barriers and __user pointer sanitization
[    1.789420][    T0] Spectre V2 : Mitigation: IBRS
[    1.790197][    T0] Spectre V2 : Spectre v2 / SpectreRSB mitigation: Filling RSB on context switch
[    1.791694][    T0] Spectre V2 : Spectre v2 / SpectreRSB : Filling RSB on VMEXIT
[    1.793008][    T0] RETBleed: Mitigation: IBRS
[    1.793795][    T0] Spectre V2 : mitigation: Enabling conditional Indirect Branch Prediction Barrier
[    1.795091][    T0] Spectre V2 : User space: Mitigation: STIBP via prctl
[    1.796305][    T0] Speculative Store Bypass: Mitigation: Speculative Store Bypass disabled via prctl
[    1.797861][    T0] MDS: Mitigation: Clear CPU buffers
[    1.798632][    T0] TAA: Mitigation: Clear CPU buffers
[    1.799369][    T0] MMIO Stale Data: Vulnerable: Clear CPU buffers attempted, no microcode
[    1.800638][    T0] x86/fpu: Supporting XSAVE feature 0x001: 'x87 floating point registers'
[    1.801965][    T0] x86/fpu: Supporting XSAVE feature 0x002: 'SSE registers'
[    1.803045][    T0] x86/fpu: Supporting XSAVE feature 0x004: 'AVX registers'
[    1.804302][    T0] x86/fpu: xstate_offset[2]:  576, xstate_sizes[2]:  256
[    1.805517][    T0] x86/fpu: Enabled xstate features 0x7, context size is 832 bytes, using 'standard' format.
[    1.826100][    T0] Freeing SMP alternatives memory: 116K
[    1.826976][    T0] pid_max: default: 32768 minimum: 301
[    1.828310][    T0] LSM: initializing lsm=lockdown,capability,landlock,yama,safesetid,tomoyo,apparmor,bpf,integrity
[    1.829403][    T0] landlock: Up and running.
[    1.830115][    T0] Yama: becoming mindful.
[    1.830976][    T0] TOMOYO Linux initialized
[    1.832034][    T0] AppArmor: AppArmor initialized
[    1.832898][    T0] LSM support for eBPF active
[    1.840450][    T0] Dentry cache hash table entries: 1048576 (order: 11, 8388608 bytes, vmalloc hugepage)
[    1.845240][    T0] Inode-cache hash table entries: 524288 (order: 10, 4194304 bytes, vmalloc hugepage)
[    1.847292][    T0] Mount-cache hash table entries: 16384 (order: 5, 131072 bytes, vmalloc)
[    1.849099][    T0] Mountpoint-cache hash table entries: 16384 (order: 5, 131072 bytes, vmalloc)
[    1.853390][    T0] Running RCU synchronous self tests
[    1.854269][    T0] Running RCU synchronous self tests
[    1.977361][    T1] smpboot: CPU0: Intel(R) Xeon(R) CPU @ 2.20GHz (family: 0x6, model: 0x4f, stepping: 0x0)
[    1.979298][    T1] RCU Tasks: Setting shift to 1 and lim to 1 rcu_task_cb_adjust=1.
[    1.979298][    T1] RCU Tasks Trace: Setting shift to 1 and lim to 1 rcu_task_cb_adjust=1.
[    1.979298][    T1] Running RCU-tasks wait API self tests
[    2.109651][    T1] Performance Events: unsupported p6 CPU model 79 no PMU driver, software events only.
[    2.111290][    T1] signal: max sigframe size: 1776
[    2.112713][    T1] rcu: Hierarchical SRCU implementation.
[    2.113556][    T1] rcu: 	Max phase no-delay instances is 1000.
[    2.120088][    T1] NMI watchdog: Perf NMI watchdog permanently disabled
[    2.122188][    T1] smp: Bringing up secondary CPUs ...
[    2.125308][    T1] smpboot: x86: Booting SMP configuration:
[    2.126285][    T1] .... node  #0, CPUs:      #1
[    2.126648][    T1] MDS CPU bug present and SMT on, data leak possible. See https://www.kernel.org/doc/html/latest/admin-guide/hw-vuln/mds.html for more details.
[    2.129445][    T1] TAA CPU bug present and SMT on, data leak possible. See https://www.kernel.org/doc/html/latest/admin-guide/hw-vuln/tsx_async_abort.html for more details.
[    2.131721][    T1] MMIO Stale Data CPU bug present and SMT on, data leak possible. See https://www.kernel.org/doc/html/latest/admin-guide/hw-vuln/processor_mmio_stale_data.html for more details.
[    2.134393][    T1] smp: Brought up 2 nodes, 2 CPUs
[    2.135174][    T1] smpboot: Max logical packages: 1
[    2.136028][    T1] smpboot: Total of 2 processors activated (8799.99 BogoMIPS)
[    2.142405][    T1] devtmpfs: initialized
[    2.142417][    T1] x86/mm: Memory block size: 128MB
[    2.149449][   T14] Callback from call_rcu_tasks_trace() invoked.
[    2.192993][    T1] Running RCU synchronous self tests
[    2.193916][    T1] Running RCU synchronous self tests
[    2.199344][    T1] clocksource: jiffies: mask: 0xffffffff max_cycles: 0xffffffff, max_idle_ns: 19112604462750000 ns
[    2.199344][    T1] futex hash table entries: 512 (order: 4, 65536 bytes, vmalloc)
[    2.209337][    T1] PM: RTC time: 17:57:02, date: 2024-04-16
[    2.229323][    T1] NET: Registered PF_NETLINK/PF_ROUTE protocol family
[    2.235031][    T1] audit: initializing netlink subsys (disabled)
[    2.239482][   T27] audit: type=2000 audit(1713290222.087:1): state=initialized audit_enabled=0 res=1
[    2.243347][    T1] thermal_sys: Registered thermal governor 'step_wise'
[    2.243363][    T1] thermal_sys: Registered thermal governor 'user_space'
[    2.249568][    T1] cpuidle: using governor menu
[    2.251547][    T1] NET: Registered PF_QIPCRTR protocol family
[    2.256916][    T1] dca service started, version 1.12.1
[    2.256916][    T1] PCI: Using configuration type 1 for base access
[    2.269430][    T1] WARNING: workqueue cpumask: online intersect > possible intersect
[    2.279314][    T1] HugeTLB: registered 1.00 GiB page size, pre-allocated 0 pages
[    2.279314][    T1] HugeTLB: 16380 KiB vmemmap can be freed for a 1.00 GiB page
[    2.279314][    T1] HugeTLB: registered 2.00 MiB page size, pre-allocated 0 pages
[    2.279314][    T1] HugeTLB: 28 KiB vmemmap can be freed for a 2.00 MiB page
[    2.307848][    T1] cryptd: max_cpu_qlen set to 1000
[    2.314864][    T1] raid6: skipped pq benchmark and selected avx2x4
[    2.316725][    T1] raid6: using avx2x2 recovery algorithm
[    2.320499][    T1] ACPI: Added _OSI(Module Device)
[    2.321863][    T1] ACPI: Added _OSI(Processor Device)
[    2.323286][    T1] ACPI: Added _OSI(3.0 _SCP Extensions)
[    2.324792][    T1] ACPI: Added _OSI(Processor Aggregator Device)
[    2.329618][   T13] Callback from call_rcu_tasks() invoked.
[    2.437636][    T1] ACPI: 2 ACPI AML tables successfully acquired and loaded
[    2.476830][    T1] ACPI: Interpreter enabled
[    2.478615][    T1] ACPI: PM: (supports S0 S3 S4 S5)
[    2.479343][    T1] ACPI: Using IOAPIC for interrupt routing
[    2.481212][    T1] PCI: Using host bridge windows from ACPI; if necessary, use "pci=nocrs" and report a bug
[    2.483920][    T1] PCI: Ignoring E820 reservations for host bridge windows
[    2.491099][    T1] ACPI: Enabled 16 GPEs in block 00 to 0F
[    2.644641][    T1] ACPI: PCI Root Bridge [PCI0] (domain 0000 [bus 00-ff])
[    2.647015][    T1] acpi PNP0A03:00: _OSC: OS supports [ASPM ClockPM Segments MSI HPX-Type3]
[    2.649330][    T1] acpi PNP0A03:00: _OSC: not requesting OS control; OS requires [ExtendedConfig ASPM ClockPM MSI]
[    2.653451][    T1] acpi PNP0A03:00: fail to add MMCONFIG information, can't access extended configuration space under this bridge
[    2.672183][    T1] PCI host bridge to bus 0000:00
[    2.673835][    T1] pci_bus 0000:00: Unknown NUMA node; performance will be reduced
[    2.676474][    T1] pci_bus 0000:00: root bus resource [io  0x0000-0x0cf7 window]
[    2.678993][    T1] pci_bus 0000:00: root bus resource [io  0x0d00-0xffff window]
[    2.679329][    T1] pci_bus 0000:00: root bus resource [mem 0x000a0000-0x000bffff window]
[    2.681722][    T1] pci_bus 0000:00: root bus resource [mem 0xc0000000-0xfebfefff window]
[    2.684215][    T1] pci_bus 0000:00: root bus resource [bus 00-ff]
[    2.687156][    T1] pci 0000:00:00.0: [8086:1237] type 00 class 0x060000
[    2.694951][    T1] pci 0000:00:01.0: [8086:7110] type 00 class 0x060100
[    2.722671][    T1] pci 0000:00:01.3: [8086:7113] type 00 class 0x068000
[    2.741359][    T1] pci 0000:00:01.3: quirk: [io  0xb000-0xb03f] claimed by PIIX4 ACPI
[    2.747320][    T1] pci 0000:00:03.0: [1af4:1004] type 00 class 0x000000
[    2.755824][    T1] pci 0000:00:03.0: reg 0x10: [io  0xc000-0xc03f]
[    2.761374][    T1] pci 0000:00:03.0: reg 0x14: [mem 0xfe800000-0xfe80007f]
[    2.779777][    T1] pci 0000:00:04.0: [1af4:1000] type 00 class 0x020000
[    2.788425][    T1] pci 0000:00:04.0: reg 0x10: [io  0xc040-0xc07f]
[    2.793640][    T1] pci 0000:00:04.0: reg 0x14: [mem 0xfe801000-0xfe80107f]
[    2.813252][    T1] pci 0000:00:05.0: [1ae0:a002] type 00 class 0x030000
[    2.823005][    T1] pci 0000:00:05.0: reg 0x10: [mem 0xfe000000-0xfe7fffff]
[    2.846785][    T1] pci 0000:00:05.0: Video device with shadowed ROM at [mem 0x000c0000-0x000dffff]
[    2.853082][    T1] pci 0000:00:06.0: [1af4:1002] type 00 class 0x00ff00
[    2.863677][    T1] pci 0000:00:06.0: reg 0x10: [io  0xc080-0xc09f]
[    2.869334][    T1] pci 0000:00:06.0: reg 0x14: [mem 0xfe802000-0xfe80207f]
[    2.888973][    T1] pci 0000:00:07.0: [1af4:1005] type 00 class 0x00ff00
[    2.898198][    T1] pci 0000:00:07.0: reg 0x10: [io  0xc0a0-0xc0bf]
[    2.904068][    T1] pci 0000:00:07.0: reg 0x14: [mem 0xfe803000-0xfe80303f]
[    2.947580][    T1] ACPI: PCI: Interrupt link LNKA configured for IRQ 10
[    2.954976][    T1] ACPI: PCI: Interrupt link LNKB configured for IRQ 10
[    2.962916][    T1] ACPI: PCI: Interrupt link LNKC configured for IRQ 11
[    2.970618][    T1] ACPI: PCI: Interrupt link LNKD configured for IRQ 11
[    2.975632][    T1] ACPI: PCI: Interrupt link LNKS configured for IRQ 9
[    2.992410][    T1] iommu: Default domain type: Translated
[    2.994189][    T1] iommu: DMA domain TLB invalidation policy: lazy mode
[    3.001401][    T1] SCSI subsystem initialized
[    3.005265][    T1] ACPI: bus type USB registered
[    3.007069][    T1] usbcore: registered new interface driver usbfs
[    3.009165][    T1] usbcore: registered new interface driver hub
[    3.009587][    T1] usbcore: registered new device driver usb
[    3.013154][    T1] mc: Linux media interface: v0.10
[    3.014780][    T1] videodev: Linux video capture interface: v2.00
[    3.017243][    T1] pps_core: LinuxPPS API ver. 1 registered
[    3.019521][    T1] pps_core: Software ver. 5.3.6 - Copyright 2005-2007 Rodolfo Giometti <giometti@linux.it>
[    3.022881][    T1] PTP clock support registered
[    3.026274][    T1] EDAC MC: Ver: 3.0.0
[    3.033338][    T1] Advanced Linux Sound Architecture Driver Initialized.
[    3.041497][    T1] Bluetooth: Core ver 2.22
[    3.043141][    T1] NET: Registered PF_BLUETOOTH protocol family
[    3.044855][    T1] Bluetooth: HCI device and connection manager initialized
[    3.046776][    T1] Bluetooth: HCI socket layer initialized
[    3.048395][    T1] Bluetooth: L2CAP socket layer initialized
[    3.049465][    T1] Bluetooth: SCO socket layer initialized
[    3.050949][    T1] NET: Registered PF_ATMPVC protocol family
[    3.052434][    T1] NET: Registered PF_ATMSVC protocol family
[    3.054516][    T1] NetLabel: Initializing
[    3.055593][    T1] NetLabel:  domain hash size = 128
[    3.057046][    T1] NetLabel:  protocols = UNLABELED CIPSOv4 CALIPSO
[    3.059830][    T1] NetLabel:  unlabeled traffic allowed by default
[    3.064265][    T1] nfc: nfc_init: NFC Core ver 0.1
[    3.066052][    T1] NET: Registered PF_NFC protocol family
[    3.067944][    T1] PCI: Using ACPI for IRQ routing
[    3.070619][    T1] pci 0000:00:05.0: vgaarb: setting as boot VGA device
[    3.072800][    T1] pci 0000:00:05.0: vgaarb: bridge control possible
[    3.075133][    T1] pci 0000:00:05.0: vgaarb: VGA device added: decodes=io+mem,owns=io+mem,locks=none
[    3.078004][    T1] vgaarb: loaded
[    3.090064][    T1] clocksource: Switched to clocksource kvm-clock
[    3.100867][    T1] VFS: Disk quotas dquot_6.6.0
[    3.102623][    T1] VFS: Dquot-cache hash table entries: 512 (order 0, 4096 bytes)
[    3.105761][    T1] FS-Cache: Loaded
[    3.108707][    T1] CacheFiles: Loaded
[    3.110798][    T1] TOMOYO: 2.6.0
[    3.112040][    T1] Mandatory Access Control activated.
[    3.117847][    T1] AppArmor: AppArmor Filesystem Enabled
[    3.120597][    T1] pnp: PnP ACPI init
[    3.144720][    T1] pnp: PnP ACPI: found 7 devices
[    3.198550][    T1] clocksource: acpi_pm: mask: 0xffffff max_cycles: 0xffffff, max_idle_ns: 2085701024 ns
[    3.202857][    T1] NET: Registered PF_INET protocol family
[    3.209421][    T1] IP idents hash table entries: 131072 (order: 8, 1048576 bytes, vmalloc)
[    3.225536][    T1] tcp_listen_portaddr_hash hash table entries: 4096 (order: 6, 294912 bytes, vmalloc)
[    3.230237][    T1] Table-perturb hash table entries: 65536 (order: 6, 262144 bytes, vmalloc)
[    3.235538][    T1] TCP established hash table entries: 65536 (order: 7, 524288 bytes, vmalloc)
[    3.250669][    T1] TCP bind hash table entries: 65536 (order: 11, 9437184 bytes, vmalloc hugepage)
[    3.265452][    T1] TCP: Hash tables configured (established 65536 bind 65536)
[    3.271800][    T1] MPTCP token hash table entries: 8192 (order: 7, 720896 bytes, vmalloc)
[    3.278025][    T1] UDP hash table entries: 4096 (order: 7, 655360 bytes, vmalloc)
[    3.283565][    T1] UDP-Lite hash table entries: 4096 (order: 7, 655360 bytes, vmalloc)
[    3.287873][    T1] NET: Registered PF_UNIX/PF_LOCAL protocol family
[    3.292289][    T1] RPC: Registered named UNIX socket transport module.
[    3.294248][    T1] RPC: Registered udp transport module.
[    3.295977][    T1] RPC: Registered tcp transport module.
[    3.297646][    T1] RPC: Registered tcp-with-tls transport module.
[    3.299638][    T1] RPC: Registered tcp NFSv4.1 backchannel transport module.
[    3.306419][    T1] NET: Registered PF_XDP protocol family
[    3.308068][    T1] pci_bus 0000:00: resource 4 [io  0x0000-0x0cf7 window]
[    3.310042][    T1] pci_bus 0000:00: resource 5 [io  0x0d00-0xffff window]
[    3.312078][    T1] pci_bus 0000:00: resource 6 [mem 0x000a0000-0x000bffff window]
[    3.314473][    T1] pci_bus 0000:00: resource 7 [mem 0xc0000000-0xfebfefff window]
[    3.318266][    T1] pci 0000:00:00.0: Limiting direct PCI/PCI transfers
[    3.320583][    T1] PCI: CLS 0 bytes, default 64
[    3.321997][    T1] PCI-DMA: Using software bounce buffering for IO (SWIOTLB)
[    3.323870][    T1] software IO TLB: mapped [mem 0x00000000b5800000-0x00000000b9800000] (64MB)
[    3.326387][    T1] ACPI: bus type thunderbolt registered
[    3.339509][   T59] kworker/u4:1 (59) used greatest stack depth: 28304 bytes left
[    3.341960][   T58] kworker/u4:1 (58) used greatest stack depth: 27952 bytes left
[    3.345906][    T1] RAPL PMU: API unit is 2^-32 Joules, 0 fixed counters, 10737418240 ms ovfl timer
[    3.348870][    T1] kvm_intel: VMX not supported by CPU 1
[    3.350748][    T1] kvm_amd: SVM not supported by CPU 1, not amd or hygon
[    3.353172][    T1] clocksource: tsc: mask: 0xffffffffffffffff max_cycles: 0x1fb63109b96, max_idle_ns: 440795265316 ns
[    3.356591][    T1] clocksource: Switched to clocksource tsc
[    3.366314][    T1] AVX2 instructions are not detected.
[    3.367999][    T1] AVX or AES-NI instructions are not detected.
[    3.369719][    T1] AVX2 or AES-NI instructions are not detected.
[    3.373375][    T1] AVX or AES-NI instructions are not detected.
[    3.377580][   T63] kworker/u4:4 (63) used greatest stack depth: 27744 bytes left
[    3.382296][    T1] AVX2 or AES-NI instructions are not detected.
[    3.384042][    T1] AVX or AES-NI instructions are not detected.
[    3.401156][   T73] kworker/u4:4 (73) used greatest stack depth: 27248 bytes left
