Warning: Permanently added '10.128.0.62' (ED25519) to the list of known hosts.
2024/04/16 17:55:41 ignoring optional flag "sandboxArg"="0"
2024/04/16 17:55:41 parsed 1 programs
[   60.939234][ T4993] cgroup: Unknown subsys name 'net'
[   61.072533][ T4993] cgroup: Unknown subsys name 'rlimit'
2024/04/16 17:55:43 executed programs: 0
[   62.689125][ T4993] Adding 124996k swap on ./swap-file.  Priority:0 extents:1 across:124996k FS
[   62.704154][ T4992] memfd_create() without MFD_EXEC nor MFD_NOEXEC_SEAL, pid=4992 'syz-execprog'
[   62.903088][   T49] Bluetooth: hci0: unexpected cc 0x0c03 length: 249 > 1
[   62.911526][   T49] Bluetooth: hci0: unexpected cc 0x1003 length: 249 > 9
[   62.925850][ T5016] Bluetooth: hci0: unexpected cc 0x1001 length: 249 > 9
[   62.933809][ T5021] Bluetooth: hci1: unexpected cc 0x0c03 length: 249 > 1
[   62.942960][ T5016] Bluetooth: hci0: unexpected cc 0x0c23 length: 249 > 4
[   62.951228][ T5021] Bluetooth: hci1: unexpected cc 0x1003 length: 249 > 9
[   62.951522][ T5023] Bluetooth: hci0: unexpected cc 0x0c25 length: 249 > 3
[   62.959220][ T5021] Bluetooth: hci1: unexpected cc 0x1001 length: 249 > 9
[   62.972408][ T5023] Bluetooth: hci0: unexpected cc 0x0c38 length: 249 > 2
[   62.974198][ T5021] Bluetooth: hci1: unexpected cc 0x0c23 length: 249 > 4
[   62.987203][ T5021] Bluetooth: hci1: unexpected cc 0x0c25 length: 249 > 3
[   62.994420][ T5021] Bluetooth: hci1: unexpected cc 0x0c38 length: 249 > 2
[   63.018627][   T49] Bluetooth: hci3: unexpected cc 0x1003 length: 249 > 9
[   63.028353][ T5024] Bluetooth: hci3: unexpected cc 0x1001 length: 249 > 9
[   63.028369][   T49] Bluetooth: hci2: unexpected cc 0x0c03 length: 249 > 1
[   63.038509][ T5023] Bluetooth: hci3: unexpected cc 0x0c23 length: 249 > 4
[   63.050113][ T5023] Bluetooth: hci3: unexpected cc 0x0c25 length: 249 > 3
[   63.057448][ T5023] Bluetooth: hci3: unexpected cc 0x0c38 length: 249 > 2
[   63.066509][ T5021] Bluetooth: hci2: unexpected cc 0x1003 length: 249 > 9
[   63.077733][ T5021] Bluetooth: hci2: unexpected cc 0x1001 length: 249 > 9
[   63.088948][ T5021] Bluetooth: hci2: unexpected cc 0x0c23 length: 249 > 4
[   63.096801][ T5021] Bluetooth: hci2: unexpected cc 0x0c25 length: 249 > 3
[   63.106045][ T5021] Bluetooth: hci2: unexpected cc 0x0c38 length: 249 > 2
[   63.136271][ T5023] Bluetooth: hci4: unexpected cc 0x1003 length: 249 > 9
[   63.144500][ T5023] Bluetooth: hci4: unexpected cc 0x1001 length: 249 > 9
[   63.154535][ T5023] Bluetooth: hci4: unexpected cc 0x0c23 length: 249 > 4
[   63.162387][ T5016] Bluetooth: hci4: unexpected cc 0x0c25 length: 249 > 3
[   63.169638][ T5024] Bluetooth: hci6: unexpected cc 0x1003 length: 249 > 9
[   63.170202][ T5024] Bluetooth: hci6: unexpected cc 0x1001 length: 249 > 9
[   63.182380][ T5016] Bluetooth: hci4: unexpected cc 0x0c38 length: 249 > 2
[   63.184938][ T5024] Bluetooth: hci6: unexpected cc 0x0c23 length: 249 > 4
[   63.215615][ T5016] Bluetooth: hci6: unexpected cc 0x0c25 length: 249 > 3
[   63.222879][ T5016] Bluetooth: hci6: unexpected cc 0x0c38 length: 249 > 2
[   63.239379][ T5021] Bluetooth: hci7: unexpected cc 0x1003 length: 249 > 9
[   63.247654][ T5021] Bluetooth: hci7: unexpected cc 0x1001 length: 249 > 9
[   63.256643][ T5021] Bluetooth: hci7: unexpected cc 0x0c23 length: 249 > 4
[   63.264269][ T5021] Bluetooth: hci7: unexpected cc 0x0c25 length: 249 > 3
[   63.271691][ T5021] Bluetooth: hci7: unexpected cc 0x0c38 length: 249 > 2
[   63.305556][ T5023] Bluetooth: hci5: unexpected cc 0x0c03 length: 249 > 1
[   63.314042][ T5023] Bluetooth: hci5: unexpected cc 0x1003 length: 249 > 9
[   63.322010][ T5023] Bluetooth: hci5: unexpected cc 0x1001 length: 249 > 9
[   63.333531][ T5023] Bluetooth: hci5: unexpected cc 0x0c23 length: 249 > 4
[   63.344373][ T5023] Bluetooth: hci5: unexpected cc 0x0c25 length: 249 > 3
[   63.351707][ T5023] Bluetooth: hci5: unexpected cc 0x0c38 length: 249 > 2
[   63.660894][ T5020] chnl_net:caif_netlink_parms(): no params data found
[   63.858069][ T5018] chnl_net:caif_netlink_parms(): no params data found
[   63.952145][ T5014] chnl_net:caif_netlink_parms(): no params data found
[   64.011462][ T5020] bridge0: port 1(bridge_slave_0) entered blocking state
[   64.019571][ T5020] bridge0: port 1(bridge_slave_0) entered disabled state
[   64.028294][ T5020] bridge_slave_0: entered allmulticast mode
[   64.036141][ T5020] bridge_slave_0: entered promiscuous mode
[   64.078424][ T5020] bridge0: port 2(bridge_slave_1) entered blocking state
[   64.086425][ T5020] bridge0: port 2(bridge_slave_1) entered disabled state
[   64.093614][ T5020] bridge_slave_1: entered allmulticast mode
[   64.101107][ T5020] bridge_slave_1: entered promiscuous mode
[   64.113699][ T5031] chnl_net:caif_netlink_parms(): no params data found
[   64.135552][ T5015] chnl_net:caif_netlink_parms(): no params data found
[   64.169633][ T5027] chnl_net:caif_netlink_parms(): no params data found
[   64.190060][ T5030] chnl_net:caif_netlink_parms(): no params data found
[   64.282667][ T5018] bridge0: port 1(bridge_slave_0) entered blocking state
[   64.290005][ T5018] bridge0: port 1(bridge_slave_0) entered disabled state
[   64.297795][ T5018] bridge_slave_0: entered allmulticast mode
[   64.304368][ T5018] bridge_slave_0: entered promiscuous mode
[   64.328274][ T5020] bond0: (slave bond_slave_0): Enslaving as an active interface with an up link
[   64.365143][ T5014] bridge0: port 1(bridge_slave_0) entered blocking state
[   64.372382][ T5014] bridge0: port 1(bridge_slave_0) entered disabled state
[   64.380057][ T5014] bridge_slave_0: entered allmulticast mode
[   64.386893][ T5014] bridge_slave_0: entered promiscuous mode
[   64.393709][ T5018] bridge0: port 2(bridge_slave_1) entered blocking state
[   64.400970][ T5018] bridge0: port 2(bridge_slave_1) entered disabled state
[   64.408223][ T5018] bridge_slave_1: entered allmulticast mode
[   64.414886][ T5018] bridge_slave_1: entered promiscuous mode
[   64.434077][ T5020] bond0: (slave bond_slave_1): Enslaving as an active interface with an up link
[   64.455814][ T5034] chnl_net:caif_netlink_parms(): no params data found
[   64.470399][ T5014] bridge0: port 2(bridge_slave_1) entered blocking state
[   64.478103][ T5014] bridge0: port 2(bridge_slave_1) entered disabled state
[   64.485676][ T5014] bridge_slave_1: entered allmulticast mode
[   64.492275][ T5014] bridge_slave_1: entered promiscuous mode
[   64.534753][ T5031] bridge0: port 1(bridge_slave_0) entered blocking state
[   64.542227][ T5031] bridge0: port 1(bridge_slave_0) entered disabled state
[   64.549596][ T5031] bridge_slave_0: entered allmulticast mode
[   64.556836][ T5031] bridge_slave_0: entered promiscuous mode
[   64.606328][ T5018] bond0: (slave bond_slave_0): Enslaving as an active interface with an up link
[   64.636277][ T5031] bridge0: port 2(bridge_slave_1) entered blocking state
[   64.643376][ T5031] bridge0: port 2(bridge_slave_1) entered disabled state
[   64.650972][ T5031] bridge_slave_1: entered allmulticast mode
[   64.658326][ T5031] bridge_slave_1: entered promiscuous mode
[   64.673402][ T5014] bond0: (slave bond_slave_0): Enslaving as an active interface with an up link
[   64.693500][ T5018] bond0: (slave bond_slave_1): Enslaving as an active interface with an up link
[   64.706189][ T5020] team0: Port device team_slave_0 added
[   64.746770][ T5014] bond0: (slave bond_slave_1): Enslaving as an active interface with an up link
[   64.773472][ T5020] team0: Port device team_slave_1 added
[   64.779446][ T5030] bridge0: port 1(bridge_slave_0) entered blocking state
[   64.787125][ T5030] bridge0: port 1(bridge_slave_0) entered disabled state
[   64.794312][ T5030] bridge_slave_0: entered allmulticast mode
[   64.801888][ T5030] bridge_slave_0: entered promiscuous mode
[   64.837398][ T5015] bridge0: port 1(bridge_slave_0) entered blocking state
[   64.844493][ T5015] bridge0: port 1(bridge_slave_0) entered disabled state
[   64.851928][ T5015] bridge_slave_0: entered allmulticast mode
[   64.859191][ T5015] bridge_slave_0: entered promiscuous mode
[   64.884901][ T5031] bond0: (slave bond_slave_0): Enslaving as an active interface with an up link
[   64.894184][ T5030] bridge0: port 2(bridge_slave_1) entered blocking state
[   64.901870][ T5030] bridge0: port 2(bridge_slave_1) entered disabled state
[   64.909394][ T5030] bridge_slave_1: entered allmulticast mode
[   64.916689][ T5030] bridge_slave_1: entered promiscuous mode
[   64.933112][ T5027] bridge0: port 1(bridge_slave_0) entered blocking state
[   64.940402][ T5027] bridge0: port 1(bridge_slave_0) entered disabled state
[   64.947906][ T5027] bridge_slave_0: entered allmulticast mode
[   64.954791][ T5027] bridge_slave_0: entered promiscuous mode
[   64.972205][ T5015] bridge0: port 2(bridge_slave_1) entered blocking state
[   64.979396][ T5015] bridge0: port 2(bridge_slave_1) entered disabled state
[   64.986860][ T5015] bridge_slave_1: entered allmulticast mode
[   64.993474][ T5015] bridge_slave_1: entered promiscuous mode
[   65.003106][ T5018] team0: Port device team_slave_0 added
[   65.016079][ T5024] Bluetooth: hci0: command 0x0409 tx timeout
[   65.022912][ T5023] Bluetooth: hci1: command 0x0409 tx timeout
[   65.031597][ T5031] bond0: (slave bond_slave_1): Enslaving as an active interface with an up link
[   65.068187][ T5034] bridge0: port 1(bridge_slave_0) entered blocking state
[   65.075529][ T5034] bridge0: port 1(bridge_slave_0) entered disabled state
[   65.082672][ T5034] bridge_slave_0: entered allmulticast mode
[   65.089651][ T5034] bridge_slave_0: entered promiscuous mode
[   65.095675][ T5023] Bluetooth: hci3: command 0x0409 tx timeout
[   65.100438][ T5027] bridge0: port 2(bridge_slave_1) entered blocking state
[   65.109145][ T5027] bridge0: port 2(bridge_slave_1) entered disabled state
[   65.117077][ T5027] bridge_slave_1: entered allmulticast mode
[   65.123711][ T5027] bridge_slave_1: entered promiscuous mode
[   65.131991][ T5014] team0: Port device team_slave_0 added
[   65.150496][ T5018] team0: Port device team_slave_1 added
[   65.157181][ T5020] batman_adv: batadv0: Adding interface: batadv_slave_0
[   65.164145][ T5020] batman_adv: batadv0: The MTU of interface batadv_slave_0 is too small (1500) to handle the transport of batman-adv packets. Packets going over this interface will be fragmented on layer2 which could impact the performance. Setting the MTU to 1560 would solve the problem.
[   65.190202][ T5021] Bluetooth: hci2: command 0x0409 tx timeout
[   65.196424][ T5020] batman_adv: batadv0: Not using interface batadv_slave_0 (retrying later): interface not active
[   65.226858][ T5034] bridge0: port 2(bridge_slave_1) entered blocking state
[   65.233930][ T5034] bridge0: port 2(bridge_slave_1) entered disabled state
[   65.242318][ T5034] bridge_slave_1: entered allmulticast mode
[   65.249261][ T5034] bridge_slave_1: entered promiscuous mode
[   65.255417][ T5023] Bluetooth: hci4: command 0x0409 tx timeout
[   65.273626][ T5014] team0: Port device team_slave_1 added
[   65.294944][ T5020] batman_adv: batadv0: Adding interface: batadv_slave_1
[   65.301990][ T5020] batman_adv: batadv0: The MTU of interface batadv_slave_1 is too small (1500) to handle the transport of batman-adv packets. Packets going over this interface will be fragmented on layer2 which could impact the performance. Setting the MTU to 1560 would solve the problem.
[   65.328164][ T5020] batman_adv: batadv0: Not using interface batadv_slave_1 (retrying later): interface not active
[   65.335589][ T5023] Bluetooth: hci6: command 0x0409 tx timeout
[   65.339394][ T5021] Bluetooth: hci7: command 0x0409 tx timeout
[   65.354595][ T5031] team0: Port device team_slave_0 added
[   65.362743][ T5030] bond0: (slave bond_slave_0): Enslaving as an active interface with an up link
[   65.408721][ T5015] bond0: (slave bond_slave_0): Enslaving as an active interface with an up link
[   65.417917][ T5021] Bluetooth: hci5: command 0x0409 tx timeout
[   65.424606][ T5031] team0: Port device team_slave_1 added
[   65.433534][ T5030] bond0: (slave bond_slave_1): Enslaving as an active interface with an up link
[   65.453736][ T5027] bond0: (slave bond_slave_0): Enslaving as an active interface with an up link
[   65.470619][ T5018] batman_adv: batadv0: Adding interface: batadv_slave_0
[   65.477711][ T5018] batman_adv: batadv0: The MTU of interface batadv_slave_0 is too small (1500) to handle the transport of batman-adv packets. Packets going over this interface will be fragmented on layer2 which could impact the performance. Setting the MTU to 1560 would solve the problem.
[   65.504043][ T5018] batman_adv: batadv0: Not using interface batadv_slave_0 (retrying later): interface not active
[   65.517721][ T5018] batman_adv: batadv0: Adding interface: batadv_slave_1
[   65.524685][ T5018] batman_adv: batadv0: The MTU of interface batadv_slave_1 is too small (1500) to handle the transport of batman-adv packets. Packets going over this interface will be fragmented on layer2 which could impact the performance. Setting the MTU to 1560 would solve the problem.
[   65.551363][ T5018] batman_adv: batadv0: Not using interface batadv_slave_1 (retrying later): interface not active
[   65.570214][ T5015] bond0: (slave bond_slave_1): Enslaving as an active interface with an up link
[   65.598379][ T5034] bond0: (slave bond_slave_0): Enslaving as an active interface with an up link
[   65.609413][ T5027] bond0: (slave bond_slave_1): Enslaving as an active interface with an up link
[   65.619419][ T5014] batman_adv: batadv0: Adding interface: batadv_slave_0
[   65.626707][ T5014] batman_adv: batadv0: The MTU of interface batadv_slave_0 is too small (1500) to handle the transport of batman-adv packets. Packets going over this interface will be fragmented on layer2 which could impact the performance. Setting the MTU to 1560 would solve the problem.
[   65.652781][ T5014] batman_adv: batadv0: Not using interface batadv_slave_0 (retrying later): interface not active
[   65.712819][ T5034] bond0: (slave bond_slave_1): Enslaving as an active interface with an up link
[   65.731161][ T5014] batman_adv: batadv0: Adding interface: batadv_slave_1
[   65.738250][ T5014] batman_adv: batadv0: The MTU of interface batadv_slave_1 is too small (1500) to handle the transport of batman-adv packets. Packets going over this interface will be fragmented on layer2 which could impact the performance. Setting the MTU to 1560 would solve the problem.
[   65.764459][ T5014] batman_adv: batadv0: Not using interface batadv_slave_1 (retrying later): interface not active
[   65.802532][ T5031] batman_adv: batadv0: Adding interface: batadv_slave_0
[   65.810620][ T5031] batman_adv: batadv0: The MTU of interface batadv_slave_0 is too small (1500) to handle the transport of batman-adv packets. Packets going over this interface will be fragmented on layer2 which could impact the performance. Setting the MTU to 1560 would solve the problem.
[   65.837093][ T5031] batman_adv: batadv0: Not using interface batadv_slave_0 (retrying later): interface not active
[   65.850400][ T5031] batman_adv: batadv0: Adding interface: batadv_slave_1
[   65.857864][ T5031] batman_adv: batadv0: The MTU of interface batadv_slave_1 is too small (1500) to handle the transport of batman-adv packets. Packets going over this interface will be fragmented on layer2 which could impact the performance. Setting the MTU to 1560 would solve the problem.
[   65.883890][ T5031] batman_adv: batadv0: Not using interface batadv_slave_1 (retrying later): interface not active
[   65.897986][ T5030] team0: Port device team_slave_0 added
[   65.938965][ T5020] hsr_slave_0: entered promiscuous mode
[   65.946178][ T5020] hsr_slave_1: entered promiscuous mode
[   65.956532][ T5018] hsr_slave_0: entered promiscuous mode
[   65.962919][ T5018] hsr_slave_1: entered promiscuous mode
[   65.976044][ T5018] debugfs: Directory 'hsr0' with parent 'hsr' already present!
[   65.983841][ T5018] Cannot create hsr debugfs directory
[   65.991904][ T5015] team0: Port device team_slave_0 added
[   66.005822][ T5030] team0: Port device team_slave_1 added
[   66.026024][ T5027] team0: Port device team_slave_0 added
[   66.043544][ T5015] team0: Port device team_slave_1 added
[   66.063110][ T5034] team0: Port device team_slave_0 added
[   66.080063][ T5027] team0: Port device team_slave_1 added
[   66.130798][ T5034] team0: Port device team_slave_1 added
[   66.157136][ T5014] hsr_slave_0: entered promiscuous mode
[   66.164163][ T5014] hsr_slave_1: entered promiscuous mode
[   66.175879][ T5014] debugfs: Directory 'hsr0' with parent 'hsr' already present!
[   66.183453][ T5014] Cannot create hsr debugfs directory
[   66.209077][ T5031] hsr_slave_0: entered promiscuous mode
[   66.216904][ T5031] hsr_slave_1: entered promiscuous mode
[   66.223103][ T5031] debugfs: Directory 'hsr0' with parent 'hsr' already present!
[   66.231077][ T5031] Cannot create hsr debugfs directory
[   66.245841][ T5030] batman_adv: batadv0: Adding interface: batadv_slave_0
[   66.252802][ T5030] batman_adv: batadv0: The MTU of interface batadv_slave_0 is too small (1500) to handle the transport of batman-adv packets. Packets going over this interface will be fragmented on layer2 which could impact the performance. Setting the MTU to 1560 would solve the problem.
[   66.279856][ T5030] batman_adv: batadv0: Not using interface batadv_slave_0 (retrying later): interface not active
[   66.332047][ T5015] batman_adv: batadv0: Adding interface: batadv_slave_0
[   66.339422][ T5015] batman_adv: batadv0: The MTU of interface batadv_slave_0 is too small (1500) to handle the transport of batman-adv packets. Packets going over this interface will be fragmented on layer2 which could impact the performance. Setting the MTU to 1560 would solve the problem.
[   66.365920][ T5015] batman_adv: batadv0: Not using interface batadv_slave_0 (retrying later): interface not active
[   66.379429][ T5015] batman_adv: batadv0: Adding interface: batadv_slave_1
[   66.386701][ T5015] batman_adv: batadv0: The MTU of interface batadv_slave_1 is too small (1500) to handle the transport of batman-adv packets. Packets going over this interface will be fragmented on layer2 which could impact the performance. Setting the MTU to 1560 would solve the problem.
[   66.419261][ T5015] batman_adv: batadv0: Not using interface batadv_slave_1 (retrying later): interface not active
[   66.440571][ T5030] batman_adv: batadv0: Adding interface: batadv_slave_1
[   66.447641][ T5030] batman_adv: batadv0: The MTU of interface batadv_slave_1 is too small (1500) to handle the transport of batman-adv packets. Packets going over this interface will be fragmented on layer2 which could impact the performance. Setting the MTU to 1560 would solve the problem.
[   66.473954][ T5030] batman_adv: batadv0: Not using interface batadv_slave_1 (retrying later): interface not active
[   66.490668][ T5027] batman_adv: batadv0: Adding interface: batadv_slave_0
[   66.497749][ T5027] batman_adv: batadv0: The MTU of interface batadv_slave_0 is too small (1500) to handle the transport of batman-adv packets. Packets going over this interface will be fragmented on layer2 which could impact the performance. Setting the MTU to 1560 would solve the problem.
[   66.524713][ T5027] batman_adv: batadv0: Not using interface batadv_slave_0 (retrying later): interface not active
[   66.552631][ T5027] batman_adv: batadv0: Adding interface: batadv_slave_1
[   66.560260][ T5027] batman_adv: batadv0: The MTU of interface batadv_slave_1 is too small (1500) to handle the transport of batman-adv packets. Packets going over this interface will be fragmented on layer2 which could impact the performance. Setting the MTU to 1560 would solve the problem.
[   66.586753][ T5027] batman_adv: batadv0: Not using interface batadv_slave_1 (retrying later): interface not active
[   66.614300][ T5034] batman_adv: batadv0: Adding interface: batadv_slave_0
[   66.621543][ T5034] batman_adv: batadv0: The MTU of interface batadv_slave_0 is too small (1500) to handle the transport of batman-adv packets. Packets going over this interface will be fragmented on layer2 which could impact the performance. Setting the MTU to 1560 would solve the problem.
[   66.647890][ T5034] batman_adv: batadv0: Not using interface batadv_slave_0 (retrying later): interface not active
[   66.662007][ T5034] batman_adv: batadv0: Adding interface: batadv_slave_1
[   66.669759][ T5034] batman_adv: batadv0: The MTU of interface batadv_slave_1 is too small (1500) to handle the transport of batman-adv packets. Packets going over this interface will be fragmented on layer2 which could impact the performance. Setting the MTU to 1560 would solve the problem.
[   66.696174][ T5034] batman_adv: batadv0: Not using interface batadv_slave_1 (retrying later): interface not active
[   66.804812][ T5030] hsr_slave_0: entered promiscuous mode
[   66.811859][ T5030] hsr_slave_1: entered promiscuous mode
[   66.818476][ T5030] debugfs: Directory 'hsr0' with parent 'hsr' already present!
[   66.826377][ T5030] Cannot create hsr debugfs directory
[   66.924678][ T5027] hsr_slave_0: entered promiscuous mode
[   66.931157][ T5027] hsr_slave_1: entered promiscuous mode
[   66.946380][ T5027] debugfs: Directory 'hsr0' with parent 'hsr' already present!
[   66.953964][ T5027] Cannot create hsr debugfs directory
[   66.968149][ T5015] hsr_slave_0: entered promiscuous mode
[   66.974436][ T5015] hsr_slave_1: entered promiscuous mode
[   66.980733][ T5015] debugfs: Directory 'hsr0' with parent 'hsr' already present!
[   66.989063][ T5015] Cannot create hsr debugfs directory
[   67.091842][ T5034] hsr_slave_0: entered promiscuous mode
[   67.097516][ T5021] Bluetooth: hci1: command 0x041b tx timeout
[   67.104726][ T5034] hsr_slave_1: entered promiscuous mode
[   67.105673][ T5024] Bluetooth: hci0: command 0x041b tx timeout
[   67.117423][ T5034] debugfs: Directory 'hsr0' with parent 'hsr' already present!
[   67.125011][ T5034] Cannot create hsr debugfs directory
[   67.175391][ T5024] Bluetooth: hci3: command 0x041b tx timeout
[   67.255377][ T5024] Bluetooth: hci2: command 0x041b tx timeout
[   67.335850][ T5024] Bluetooth: hci4: command 0x041b tx timeout
[   67.415348][ T5024] Bluetooth: hci7: command 0x041b tx timeout
[   67.415666][ T5021] Bluetooth: hci6: command 0x041b tx timeout
[   67.493701][ T5020] netdevsim netdevsim6 netdevsim0: renamed from eth0
[   67.505346][ T5021] Bluetooth: hci5: command 0x041b tx timeout
[   67.542569][ T5020] netdevsim netdevsim6 netdevsim1: renamed from eth1
[   67.563032][ T5020] netdevsim netdevsim6 netdevsim2: renamed from eth2
[   67.584449][ T5020] netdevsim netdevsim6 netdevsim3: renamed from eth3
[   67.635361][ T5018] netdevsim netdevsim7 netdevsim0: renamed from eth0
[   67.659761][ T5018] netdevsim netdevsim7 netdevsim1: renamed from eth1
[   67.669729][ T5018] netdevsim netdevsim7 netdevsim2: renamed from eth2
[   67.683077][ T5018] netdevsim netdevsim7 netdevsim3: renamed from eth3
[   67.768277][ T5031] netdevsim netdevsim0 netdevsim0: renamed from eth0
[   67.778724][ T5031] netdevsim netdevsim0 netdevsim1: renamed from eth1
[   67.788467][ T5031] netdevsim netdevsim0 netdevsim2: renamed from eth2
[   67.802688][ T5031] netdevsim netdevsim0 netdevsim3: renamed from eth3
[   67.911223][ T5020] 8021q: adding VLAN 0 to HW filter on device bond0
[   67.918380][ T5014] netdevsim netdevsim4 netdevsim0: renamed from eth0
[   67.944985][ T5018] 8021q: adding VLAN 0 to HW filter on device bond0
[   67.954457][ T5014] netdevsim netdevsim4 netdevsim1: renamed from eth1
[   67.966291][ T5014] netdevsim netdevsim4 netdevsim2: renamed from eth2
[   67.983001][ T5020] 8021q: adding VLAN 0 to HW filter on device team0
[   68.011258][ T5014] netdevsim netdevsim4 netdevsim3: renamed from eth3
[   68.091321][ T5018] 8021q: adding VLAN 0 to HW filter on device team0
[   68.103579][    T7] bridge0: port 1(bridge_slave_0) entered blocking state
[   68.110942][    T7] bridge0: port 1(bridge_slave_0) entered forwarding state
[   68.121668][    T7] bridge0: port 2(bridge_slave_1) entered blocking state
[   68.128833][    T7] bridge0: port 2(bridge_slave_1) entered forwarding state
[   68.182378][    T7] bridge0: port 1(bridge_slave_0) entered blocking state
[   68.189578][    T7] bridge0: port 1(bridge_slave_0) entered forwarding state
[   68.228665][ T5027] netdevsim netdevsim5 netdevsim0: renamed from eth0
[   68.266436][    T7] bridge0: port 2(bridge_slave_1) entered blocking state
[   68.273566][    T7] bridge0: port 2(bridge_slave_1) entered forwarding state
[   68.292711][ T5020] hsr0: Slave B (hsr_slave_1) is not up; please bring it up to get a fully working HSR network
[   68.317728][ T5027] netdevsim netdevsim5 netdevsim1: renamed from eth1
[   68.339661][ T5031] 8021q: adding VLAN 0 to HW filter on device bond0
[   68.380492][ T5027] netdevsim netdevsim5 netdevsim2: renamed from eth2
[   68.433522][ T5031] 8021q: adding VLAN 0 to HW filter on device team0
[   68.451643][ T5015] netdevsim netdevsim1 netdevsim0: renamed from eth0
[   68.462171][ T5027] netdevsim netdevsim5 netdevsim3: renamed from eth3
[   68.498869][ T5015] netdevsim netdevsim1 netdevsim1: renamed from eth1
[   68.510483][ T5015] netdevsim netdevsim1 netdevsim2: renamed from eth2
[   68.529503][ T5015] netdevsim netdevsim1 netdevsim3: renamed from eth3
[   68.604851][ T5091] bridge0: port 1(bridge_slave_0) entered blocking state
[   68.612055][ T5091] bridge0: port 1(bridge_slave_0) entered forwarding state
[   68.637375][ T5091] bridge0: port 2(bridge_slave_1) entered blocking state
[   68.644503][ T5091] bridge0: port 2(bridge_slave_1) entered forwarding state
[   68.678524][ T5018] hsr0: Slave B (hsr_slave_1) is not up; please bring it up to get a fully working HSR network
[   68.787441][ T5030] netdevsim netdevsim3 netdevsim0: renamed from eth0
[   68.857573][ T5030] netdevsim netdevsim3 netdevsim1: renamed from eth1
[   68.926243][ T5020] 8021q: adding VLAN 0 to HW filter on device batadv0
[   68.940930][ T5030] netdevsim netdevsim3 netdevsim2: renamed from eth2
[   68.972427][ T5014] 8021q: adding VLAN 0 to HW filter on device bond0
[   69.001247][ T5030] netdevsim netdevsim3 netdevsim3: renamed from eth3
[   69.027072][ T5031] hsr0: Slave B (hsr_slave_1) is not up; please bring it up to get a fully working HSR network
[   69.081906][ T5014] 8021q: adding VLAN 0 to HW filter on device team0
[   69.126368][ T5034] netdevsim netdevsim2 netdevsim0: renamed from eth0
[   69.165183][ T5101] bridge0: port 1(bridge_slave_0) entered blocking state
[   69.172376][ T5101] bridge0: port 1(bridge_slave_0) entered forwarding state
[   69.180095][ T5021] Bluetooth: hci0: command 0x040f tx timeout
[   69.186308][ T5023] Bluetooth: hci1: command 0x040f tx timeout
[   69.220555][ T5101] bridge0: port 2(bridge_slave_1) entered blocking state
[   69.228115][ T5101] bridge0: port 2(bridge_slave_1) entered forwarding state
[   69.256605][ T5023] Bluetooth: hci3: command 0x040f tx timeout
[   69.270560][ T5034] netdevsim netdevsim2 netdevsim1: renamed from eth1
[   69.281165][ T5034] netdevsim netdevsim2 netdevsim2: renamed from eth2
[   69.318959][ T5034] netdevsim netdevsim2 netdevsim3: renamed from eth3
[   69.337079][ T5023] Bluetooth: hci2: command 0x040f tx timeout
[   69.391156][ T5027] 8021q: adding VLAN 0 to HW filter on device bond0
[   69.415687][ T5023] Bluetooth: hci4: command 0x040f tx timeout
[   69.436842][ T5018] 8021q: adding VLAN 0 to HW filter on device batadv0
[   69.454409][ T5014] hsr0: Slave A (hsr_slave_0) is not up; please bring it up to get a fully working HSR network
[   69.497665][ T5023] Bluetooth: hci6: command 0x040f tx timeout
[   69.505559][ T5023] Bluetooth: hci7: command 0x040f tx timeout
[   69.515704][ T5014] hsr0: Slave B (hsr_slave_1) is not up; please bring it up to get a fully working HSR network
[   69.563974][ T5015] 8021q: adding VLAN 0 to HW filter on device bond0
[   69.576099][ T5023] Bluetooth: hci5: command 0x040f tx timeout
[   69.651525][ T5027] 8021q: adding VLAN 0 to HW filter on device team0
[   69.754356][ T5101] bridge0: port 1(bridge_slave_0) entered blocking state
[   69.761540][ T5101] bridge0: port 1(bridge_slave_0) entered forwarding state
[   69.783736][ T5101] bridge0: port 2(bridge_slave_1) entered blocking state
[   69.790910][ T5101] bridge0: port 2(bridge_slave_1) entered forwarding state
[   69.828173][ T5015] 8021q: adding VLAN 0 to HW filter on device team0
[   69.854295][ T5030] 8021q: adding VLAN 0 to HW filter on device bond0
[   69.893614][ T5031] 8021q: adding VLAN 0 to HW filter on device batadv0
[   69.927096][ T5020] veth0_vlan: entered promiscuous mode
[   69.947072][ T5092] bridge0: port 1(bridge_slave_0) entered blocking state
[   69.954144][ T5092] bridge0: port 1(bridge_slave_0) entered forwarding state
[   70.020192][ T5030] 8021q: adding VLAN 0 to HW filter on device team0
[   70.049104][ T5092] bridge0: port 2(bridge_slave_1) entered blocking state
[   70.056296][ T5092] bridge0: port 2(bridge_slave_1) entered forwarding state
[   70.137596][ T5020] veth1_vlan: entered promiscuous mode
[   70.173773][ T5091] bridge0: port 1(bridge_slave_0) entered blocking state
[   70.180970][ T5091] bridge0: port 1(bridge_slave_0) entered forwarding state
[   70.229706][ T5091] bridge0: port 2(bridge_slave_1) entered blocking state
[   70.236926][ T5091] bridge0: port 2(bridge_slave_1) entered forwarding state
[   70.264049][ T5034] 8021q: adding VLAN 0 to HW filter on device bond0
[   70.373692][ T5030] hsr0: Slave A (hsr_slave_0) is not up; please bring it up to get a fully working HSR network
[   70.388519][ T5030] hsr0: Slave B (hsr_slave_1) is not up; please bring it up to get a fully working HSR network
[   70.449910][ T5020] veth0_macvtap: entered promiscuous mode
[   70.475980][ T5015] hsr0: Slave B (hsr_slave_1) is not up; please bring it up to get a fully working HSR network
[   70.508801][ T5034] 8021q: adding VLAN 0 to HW filter on device team0
[   70.528053][ T5031] veth0_vlan: entered promiscuous mode
[   70.558741][ T5020] veth1_macvtap: entered promiscuous mode
[   70.585041][ T5018] veth0_vlan: entered promiscuous mode
[   70.610023][ T5027] 8021q: adding VLAN 0 to HW filter on device batadv0
[   70.643883][ T5014] 8021q: adding VLAN 0 to HW filter on device batadv0
[   70.663165][ T5031] veth1_vlan: entered promiscuous mode
[   70.700562][ T5084] bridge0: port 1(bridge_slave_0) entered blocking state
[   70.707773][ T5084] bridge0: port 1(bridge_slave_0) entered forwarding state
[   70.750415][ T5084] bridge0: port 2(bridge_slave_1) entered blocking state
[   70.757650][ T5084] bridge0: port 2(bridge_slave_1) entered forwarding state
[   70.811443][ T5018] veth1_vlan: entered promiscuous mode
[   70.884037][ T5020] batman_adv: batadv0: Interface activated: batadv_slave_0
[   70.942574][ T5030] 8021q: adding VLAN 0 to HW filter on device batadv0
[   70.987124][ T5020] batman_adv: batadv0: Interface activated: batadv_slave_1
[   71.034056][ T5018] veth0_macvtap: entered promiscuous mode
[   71.104363][ T5020] netdevsim netdevsim6 netdevsim0: set [1, 0] type 2 family 0 port 6081 - 0
[   71.118180][ T5020] netdevsim netdevsim6 netdevsim1: set [1, 0] type 2 family 0 port 6081 - 0
[   71.127911][ T5020] netdevsim netdevsim6 netdevsim2: set [1, 0] type 2 family 0 port 6081 - 0
[   71.137195][ T5020] netdevsim netdevsim6 netdevsim3: set [1, 0] type 2 family 0 port 6081 - 0
[   71.164674][ T5018] veth1_macvtap: entered promiscuous mode
[   71.224092][ T5031] veth0_macvtap: entered promiscuous mode
[   71.255763][ T5023] Bluetooth: hci0: command 0x0419 tx timeout
[   71.261847][ T5023] Bluetooth: hci1: command 0x0419 tx timeout
[   71.295085][ T5018] batman_adv: The newly added mac address (aa:aa:aa:aa:aa:3e) already exists on: batadv_slave_0
[   71.337061][ T5018] batman_adv: It is strongly recommended to keep mac addresses unique to avoid problems!
[   71.339195][ T5023] Bluetooth: hci3: command 0x0419 tx timeout
[   71.373706][ T5018] batman_adv: batadv0: Interface activated: batadv_slave_0
[   71.414508][ T5031] veth1_macvtap: entered promiscuous mode
[   71.417233][ T5023] Bluetooth: hci2: command 0x0419 tx timeout
[   71.427367][ T1218] ieee802154 phy0 wpan0: encryption failed: -22
[   71.433900][ T1218] ieee802154 phy1 wpan1: encryption failed: -22
[   71.457991][ T5015] 8021q: adding VLAN 0 to HW filter on device batadv0
[   71.486564][ T5018] batman_adv: The newly added mac address (aa:aa:aa:aa:aa:3f) already exists on: batadv_slave_1
[   71.498546][ T5023] Bluetooth: hci4: command 0x0419 tx timeout
[   71.515502][ T5018] batman_adv: It is strongly recommended to keep mac addresses unique to avoid problems!
[   71.534401][ T5018] batman_adv: batadv0: Interface activated: batadv_slave_1
[   71.576380][ T5023] Bluetooth: hci7: command 0x0419 tx timeout
[   71.582443][ T5023] Bluetooth: hci6: command 0x0419 tx timeout
[   71.637087][ T5018] netdevsim netdevsim7 netdevsim0: set [1, 0] type 2 family 0 port 6081 - 0
[   71.656935][ T5023] Bluetooth: hci5: command 0x0419 tx timeout
[   71.659042][ T5018] netdevsim netdevsim7 netdevsim1: set [1, 0] type 2 family 0 port 6081 - 0
[   71.681687][ T5018] netdevsim netdevsim7 netdevsim2: set [1, 0] type 2 family 0 port 6081 - 0
[   71.690533][ T5018] netdevsim netdevsim7 netdevsim3: set [1, 0] type 2 family 0 port 6081 - 0
[   71.741285][ T5030] veth0_vlan: entered promiscuous mode
[   71.779770][ T5090] wlan0: Created IBSS using preconfigured BSSID 50:50:50:50:50:50
[   71.789317][ T5031] batman_adv: The newly added mac address (aa:aa:aa:aa:aa:3e) already exists on: batadv_slave_0
[   71.800278][ T5090] wlan0: Creating new IBSS network, BSSID 50:50:50:50:50:50
[   71.808172][ T5031] batman_adv: It is strongly recommended to keep mac addresses unique to avoid problems!
[   71.819716][ T5031] batman_adv: The newly added mac address (aa:aa:aa:aa:aa:3e) already exists on: batadv_slave_0
[   71.830489][ T5031] batman_adv: It is strongly recommended to keep mac addresses unique to avoid problems!
[   71.842081][ T5031] batman_adv: batadv0: Interface activated: batadv_slave_0
[   71.864325][ T5027] veth0_vlan: entered promiscuous mode
[   71.880946][ T5030] veth1_vlan: entered promiscuous mode
[   71.934950][ T5108] wlan0: Created IBSS using preconfigured BSSID 50:50:50:50:50:50
[   71.943155][ T5108] wlan0: Creating new IBSS network, BSSID 50:50:50:50:50:50
[   71.944217][ T5034] 8021q: adding VLAN 0 to HW filter on device batadv0
[   71.961141][ T5014] veth0_vlan: entered promiscuous mode
[   71.988619][ T5031] batman_adv: The newly added mac address (aa:aa:aa:aa:aa:3f) already exists on: batadv_slave_1
[   72.002850][ T5031] batman_adv: It is strongly recommended to keep mac addresses unique to avoid problems!
[   72.013110][ T5031] batman_adv: The newly added mac address (aa:aa:aa:aa:aa:3f) already exists on: batadv_slave_1
[   72.024033][ T5031] batman_adv: It is strongly recommended to keep mac addresses unique to avoid problems!
[   72.036032][ T5031] batman_adv: batadv0: Interface activated: batadv_slave_1
[   72.082709][ T5027] veth1_vlan: entered promiscuous mode
[   72.089809][ T5031] netdevsim netdevsim0 netdevsim0: set [1, 0] type 2 family 0 port 6081 - 0
[   72.099448][ T5031] netdevsim netdevsim0 netdevsim1: set [1, 0] type 2 family 0 port 6081 - 0
[   72.113747][ T5031] netdevsim netdevsim0 netdevsim2: set [1, 0] type 2 family 0 port 6081 - 0
[   72.123037][ T5031] netdevsim netdevsim0 netdevsim3: set [1, 0] type 2 family 0 port 6081 - 0
[   72.139645][ T5084] wlan1: Created IBSS using preconfigured BSSID 50:50:50:50:50:50
[   72.152971][ T5084] wlan1: Creating new IBSS network, BSSID 50:50:50:50:50:50
[   72.196574][   T22] wlan1: Created IBSS using preconfigured BSSID 50:50:50:50:50:50
[   72.202859][ T5034] veth0_vlan: entered promiscuous mode
[   72.204411][   T22] wlan1: Creating new IBSS network, BSSID 50:50:50:50:50:50
[   72.237357][ T5014] veth1_vlan: entered promiscuous mode
[   72.256237][ T5015] veth0_vlan: entered promiscuous mode
[   72.281252][ T5030] veth0_macvtap: entered promiscuous mode
[   72.306895][ T5034] veth1_vlan: entered promiscuous mode
[   72.320398][ T5027] veth0_macvtap: entered promiscuous mode
[   72.373325][ T5015] veth1_vlan: entered promiscuous mode
[   72.393116][ T5030] veth1_macvtap: entered promiscuous mode
[   72.439329][ T5027] veth1_macvtap: entered promiscuous mode
[   72.490792][ T5014] veth0_macvtap: entered promiscuous mode
[   72.495795][ T5153] wlan0: Created IBSS using preconfigured BSSID 50:50:50:50:50:50
[   72.504392][ T5153] wlan0: Creating new IBSS network, BSSID 50:50:50:50:50:50
[   72.522379][   T27] audit: type=1804 audit(1713290153.064:2): pid=5156 uid=0 auid=4294967295 ses=4294967295 subj=_ op=invalid_pcr cause=ToMToU comm="syz-executor.6" name="/root/syzkaller-testdir2528484858/syzkaller.uHwYNo/0/bus/file0" dev="overlay" ino=1952 res=1 errno=0
[   72.543214][ T5027] batman_adv: The newly added mac address (aa:aa:aa:aa:aa:3e) already exists on: batadv_slave_0
[   72.558996][ T5156] FAULT_INJECTION: forcing a failure.
[   72.558996][ T5156] name failslab, interval 1, probability 0, space 0, times 1
[   72.584206][ T5027] batman_adv: It is strongly recommended to keep mac addresses unique to avoid problems!
[   72.589365][   T27] audit: type=1804 audit(1713290153.124:3): pid=5158 uid=0 auid=4294967295 ses=4294967295 subj=_ op=invalid_pcr cause=ToMToU comm="syz-executor.7" name="/root/syzkaller-testdir280802711/syzkaller.j6nCl8/0/bus/file0" dev="overlay" ino=1963 res=1 errno=0
[   72.605311][ T5027] batman_adv: The newly added mac address (aa:aa:aa:aa:aa:3e) already exists on: batadv_slave_0
[   72.623010][ T5158] FAULT_INJECTION: forcing a failure.
[   72.623010][ T5158] name failslab, interval 1, probability 0, space 0, times 1
[   72.642550][ T5156] CPU: 0 PID: 5156 Comm: syz-executor.6 Not tainted 6.4.0-syzkaller-10098-g995b406c7e97 #0
[   72.649244][ T5027] batman_adv: It is strongly recommended to keep mac addresses unique to avoid problems!
[   72.652540][ T5156] Hardware name: Google Google Compute Engine/Google Compute Engine, BIOS Google 03/27/2024
[   72.652555][ T5156] Call Trace:
[   72.652563][ T5156]  <TASK>
[   72.652573][ T5156]  dump_stack_lvl+0x1e7/0x2d0
[   72.683402][ T5156]  ? nf_tcp_handle_invalid+0x650/0x650
[   72.688889][ T5156]  ? panic+0x770/0x770
[   72.692981][ T5156]  ? __might_sleep+0xc0/0xc0
[   72.697596][ T5156]  should_fail_ex+0x3aa/0x4e0
[   72.702285][ T5156]  should_failslab+0x9/0x20
[   72.706794][ T5156]  slab_pre_alloc_hook+0x59/0x2b0
[   72.711835][ T5156]  ? smack_inode_rename+0x310/0x310
[   72.717051][ T5156]  ? alloc_empty_backing_file+0x52/0xd0
[   72.722605][ T5156]  __kmem_cache_alloc_node+0x4b/0x270
[   72.728008][ T5156]  ? alloc_empty_backing_file+0x52/0xd0
[   72.733565][ T5156]  kmalloc_trace+0x2a/0xe0
[   72.737996][ T5156]  alloc_empty_backing_file+0x52/0xd0
[   72.743375][ T5156]  backing_file_open+0x26/0x100
[   72.748259][ T5156]  ovl_open_realfile+0x1f6/0x350
[   72.753210][ T5156]  ovl_real_fdget_meta+0x3be/0x4b0
[   72.758334][ T5156]  ? ovl_aio_request_cache_destroy+0x20/0x20
[   72.764325][ T5156]  ? __asan_memset+0x23/0x40
[   72.768933][ T5156]  ? ovl_d_real+0x107/0x3e0
[   72.773533][ T5156]  ovl_splice_read+0x1a5/0x670
[   72.778315][ T5156]  ? ovl_splice_write+0x490/0x490
[   72.783350][ T5156]  ? vfs_splice_read+0x24d/0x3b0
[   72.788293][ T5156]  ? ovl_splice_write+0x490/0x490
[   72.793425][ T5156]  splice_direct_to_actor+0x2c4/0x9e0
[   72.798834][ T5156]  ? direct_file_splice_eof+0xb0/0xb0
[   72.804231][ T5156]  ? warn_unsupported+0xc0/0xc0
[   72.809105][ T5156]  ? fsnotify_perm+0x63/0x5a0
[   72.813790][ T5156]  ? security_file_permission+0x79/0xa0
[   72.819349][ T5156]  do_splice_direct+0x2ac/0x3f0
[   72.824222][ T5156]  ? splice_direct_to_actor+0x9e0/0x9e0
[   72.829781][ T5156]  ? rcu_read_lock_any_held+0xb7/0x160
[   72.835264][ T5156]  ? do_splice_direct+0x3f0/0x3f0
[   72.840312][ T5156]  do_sendfile+0x623/0x1070
[   72.844841][ T5156]  ? do_pwritev+0x360/0x360
[   72.849357][ T5156]  ? lockdep_hardirqs_on_prepare+0x43c/0x7a0
[   72.855360][ T5156]  __se_sys_sendfile64+0x17c/0x1e0
[   72.860527][ T5156]  ? __x64_sys_sendfile64+0xb0/0xb0
[   72.865753][ T5156]  ? syscall_enter_from_user_mode+0x32/0x230
[   72.871754][ T5156]  ? lockdep_hardirqs_on+0x98/0x140
[   72.876983][ T5156]  ? syscall_enter_from_user_mode+0x32/0x230
[   72.882988][ T5156]  do_syscall_64+0x41/0xc0
[   72.887425][ T5156]  entry_SYSCALL_64_after_hwframe+0x63/0xcd
[   72.893341][ T5156] RIP: 0033:0x7f2cbb27cbe9
[   72.897781][ T5156] Code: 28 00 00 00 75 05 48 83 c4 28 c3 e8 e1 20 00 00 90 48 89 f8 48 89 f7 48 89 d6 48 89 ca 4d 89 c2 4d 89 c8 4c 8b 4c 24 08 0f 05 <48> 3d 01 f0 ff ff 73 01 c3 48 c7 c1 b0 ff ff ff f7 d8 64 89 01 48
[   72.917430][ T5156] RSP: 002b:00007f2cbc0180c8 EFLAGS: 00000246 ORIG_RAX: 0000000000000028
[   72.925888][ T5156] RAX: ffffffffffffffda RBX: 00007f2cbb39bf80 RCX: 00007f2cbb27cbe9
[   72.933880][ T5156] RDX: 0000000000000000 RSI: 0000000000000004 RDI: 0000000000000005
[   72.941952][ T5156] RBP: 00007f2cbc018120 R08: 0000000000000000 R09: 0000000000000000
[   72.949938][ T5156] R10: 000000007ffff000 R11: 0000000000000246 R12: 0000000000000001
[   72.957918][ T5156] R13: 000000000000000b R14: 00007f2cbb39bf80 R15: 00007ffcd8998ef8
[   72.965927][ T5156]  </TASK>
[   72.979055][ T5158] CPU: 1 PID: 5158 Comm: syz-executor.7 Not tainted 6.4.0-syzkaller-10098-g995b406c7e97 #0
[   72.989089][ T5158] Hardware name: Google Google Compute Engine/Google Compute Engine, BIOS Google 03/27/2024
[   72.999176][ T5158] Call Trace:
[   73.001669][ T5027] batman_adv: The newly added mac address (aa:aa:aa:aa:aa:3e) already exists on: batadv_slave_0
[   73.002457][ T5158]  <TASK>
[   73.002469][ T5158]  dump_stack_lvl+0x1e7/0x2d0
[   73.013574][ T5027] batman_adv: It is strongly recommended to keep mac addresses unique to avoid problems!
[   73.015812][ T5158]  ? nf_tcp_handle_invalid+0x650/0x650
[   73.015848][ T5158]  ? panic+0x770/0x770
[   73.015872][ T5158]  ? __might_sleep+0xc0/0xc0
[   73.023048][ T5027] batman_adv: batadv0: Interface activated: batadv_slave_0
[   73.030432][ T5158]  should_fail_ex+0x3aa/0x4e0
[   73.030466][ T5158]  should_failslab+0x9/0x20
[   73.030487][ T5158]  slab_pre_alloc_hook+0x59/0x2b0
[   73.030523][ T5158]  kmem_cache_alloc+0x52/0x300
[   73.030551][ T5158]  ? security_file_alloc+0x28/0x120
[   73.030579][ T5158]  security_file_alloc+0x28/0x120
[   73.030608][ T5158]  init_file+0xa0/0x200
[   73.030631][ T5158]  alloc_empty_backing_file+0x67/0xd0
[   73.030654][ T5158]  backing_file_open+0x26/0x100
[   73.030684][ T5158]  ovl_open_realfile+0x1f6/0x350
[   73.030716][ T5158]  ovl_real_fdget_meta+0x3be/0x4b0
[   73.030746][ T5158]  ? ovl_aio_request_cache_destroy+0x20/0x20
[   73.111797][ T5158]  ? __asan_memset+0x23/0x40
[   73.116412][ T5158]  ? ovl_d_real+0x107/0x3e0
[   73.120933][ T5158]  ovl_splice_read+0x1a5/0x670
[   73.125720][ T5158]  ? ovl_splice_write+0x490/0x490
[   73.130758][ T5158]  ? vfs_splice_read+0x24d/0x3b0
[   73.135710][ T5158]  ? ovl_splice_write+0x490/0x490
[   73.140760][ T5158]  splice_direct_to_actor+0x2c4/0x9e0
[   73.146163][ T5158]  ? direct_file_splice_eof+0xb0/0xb0
[   73.151556][ T5158]  ? warn_unsupported+0xc0/0xc0
[   73.156424][ T5158]  ? fsnotify_perm+0x63/0x5a0
[   73.161109][ T5158]  ? security_file_permission+0x79/0xa0
[   73.166668][ T5158]  do_splice_direct+0x2ac/0x3f0
[   73.171532][ T5158]  ? splice_direct_to_actor+0x9e0/0x9e0
[   73.177087][ T5158]  ? rcu_read_lock_any_held+0xb7/0x160
[   73.182556][ T5158]  ? do_splice_direct+0x3f0/0x3f0
[   73.188462][ T5158]  do_sendfile+0x623/0x1070
[   73.193133][ T5158]  ? do_pwritev+0x360/0x360
[   73.197643][ T5158]  ? lockdep_hardirqs_on_prepare+0x43c/0x7a0
[   73.203636][ T5158]  __se_sys_sendfile64+0x17c/0x1e0
[   73.208854][ T5158]  ? __x64_sys_sendfile64+0xb0/0xb0
[   73.214078][ T5158]  ? syscall_enter_from_user_mode+0x32/0x230
[   73.220157][ T5158]  ? lockdep_hardirqs_on+0x98/0x140
[   73.225363][ T5158]  ? syscall_enter_from_user_mode+0x32/0x230
[   73.231356][ T5158]  do_syscall_64+0x41/0xc0
[   73.235787][ T5158]  entry_SYSCALL_64_after_hwframe+0x63/0xcd
[   73.241688][ T5158] RIP: 0033:0x7f7b34c7cbe9
[   73.246115][ T5158] Code: 28 00 00 00 75 05 48 83 c4 28 c3 e8 e1 20 00 00 90 48 89 f8 48 89 f7 48 89 d6 48 89 ca 4d 89 c2 4d 89 c8 4c 8b 4c 24 08 0f 05 <48> 3d 01 f0 ff ff 73 01 c3 48 c7 c1 b0 ff ff ff f7 d8 64 89 01 48
[   73.265727][ T5158] RSP: 002b:00007f7b359ae0c8 EFLAGS: 00000246 ORIG_RAX: 0000000000000028
[   73.274144][ T5158] RAX: ffffffffffffffda RBX: 00007f7b34d9bf80 RCX: 00007f7b34c7cbe9
[   73.282120][ T5158] RDX: 0000000000000000 RSI: 0000000000000004 RDI: 0000000000000005
2024/04/16 17:55:53 executed programs: 8
[   73.290096][ T5158] RBP: 00007f7b359ae120 R08: 0000000000000000 R09: 0000000000000000
[   73.298074][ T5158] R10: 000000007ffff000 R11: 0000000000000246 R12: 0000000000000001
[   73.306135][ T5158] R13: 000000000000000b R14: 00007f7b34d9bf80 R15: 00007ffee52871d8
[   73.314122][ T5158]  </TASK>
[   73.329818][ T5030] batman_adv: The newly added mac address (aa:aa:aa:aa:aa:3e) already exists on: batadv_slave_0
[   73.356864][ T5030] batman_adv: It is strongly recommended to keep mac addresses unique to avoid problems!
[   73.367481][ T5030] batman_adv: The newly added mac address (aa:aa:aa:aa:aa:3e) already exists on: batadv_slave_0
[   73.378212][ T5030] batman_adv: It is strongly recommended to keep mac addresses unique to avoid problems!
[   73.388475][ T5030] batman_adv: The newly added mac address (aa:aa:aa:aa:aa:3e) already exists on: batadv_slave_0
[   73.399116][ T5030] batman_adv: It is strongly recommended to keep mac addresses unique to avoid problems!
[   73.409137][ T5030] batman_adv: The newly added mac address (aa:aa:aa:aa:aa:3e) already exists on: batadv_slave_0
[   73.420624][ T5030] batman_adv: It is strongly recommended to keep mac addresses unique to avoid problems!
[   73.449498][ T5030] batman_adv: batadv0: Interface activated: batadv_slave_0
[   73.464385][ T5034] veth0_macvtap: entered promiscuous mode
[   73.474090][ T5014] veth1_macvtap: entered promiscuous mode
[   73.489593][ T5027] batman_adv: The newly added mac address (aa:aa:aa:aa:aa:3f) already exists on: batadv_slave_1
[   73.506575][ T5027] batman_adv: It is strongly recommended to keep mac addresses unique to avoid problems!
[   73.517277][ T5027] batman_adv: The newly added mac address (aa:aa:aa:aa:aa:3f) already exists on: batadv_slave_1
[   73.536132][ T5027] batman_adv: It is strongly recommended to keep mac addresses unique to avoid problems!
[   73.550779][ T5027] batman_adv: The newly added mac address (aa:aa:aa:aa:aa:3f) already exists on: batadv_slave_1
[   73.561823][ T5027] batman_adv: It is strongly recommended to keep mac addresses unique to avoid problems!
[   73.574527][ T5027] batman_adv: batadv0: Interface activated: batadv_slave_1
[   73.589537][ T5030] batman_adv: The newly added mac address (aa:aa:aa:aa:aa:3f) already exists on: batadv_slave_1
[   73.601196][ T5030] batman_adv: It is strongly recommended to keep mac addresses unique to avoid problems!
[   73.611600][ T5030] batman_adv: The newly added mac address (aa:aa:aa:aa:aa:3f) already exists on: batadv_slave_1
[   73.622521][ T5030] batman_adv: It is strongly recommended to keep mac addresses unique to avoid problems!
[   73.632984][ T5030] batman_adv: The newly added mac address (aa:aa:aa:aa:aa:3f) already exists on: batadv_slave_1
[   73.644974][ T5030] batman_adv: It is strongly recommended to keep mac addresses unique to avoid problems!
[   73.660651][ T5030] batman_adv: The newly added mac address (aa:aa:aa:aa:aa:3f) already exists on: batadv_slave_1
[   73.672257][ T5030] batman_adv: It is strongly recommended to keep mac addresses unique to avoid problems!
[   73.684576][ T5030] batman_adv: batadv0: Interface activated: batadv_slave_1
[   73.696559][ T5034] veth1_macvtap: entered promiscuous mode
[   73.738555][ T5027] netdevsim netdevsim5 netdevsim0: set [1, 0] type 2 family 0 port 6081 - 0
[   73.748158][ T5027] netdevsim netdevsim5 netdevsim1: set [1, 0] type 2 family 0 port 6081 - 0
[   73.758183][ T5027] netdevsim netdevsim5 netdevsim2: set [1, 0] type 2 family 0 port 6081 - 0
[   73.771246][ T5027] netdevsim netdevsim5 netdevsim3: set [1, 0] type 2 family 0 port 6081 - 0
[   73.792506][ T5014] batman_adv: The newly added mac address (aa:aa:aa:aa:aa:3e) already exists on: batadv_slave_0
[   73.816992][ T5014] batman_adv: It is strongly recommended to keep mac addresses unique to avoid problems!
[   73.833826][ T5014] batman_adv: The newly added mac address (aa:aa:aa:aa:aa:3e) already exists on: batadv_slave_0
[   73.852844][ T5014] batman_adv: It is strongly recommended to keep mac addresses unique to avoid problems!
[   73.863203][ T5014] batman_adv: The newly added mac address (aa:aa:aa:aa:aa:3e) already exists on: batadv_slave_0
[   73.874392][ T5014] batman_adv: It is strongly recommended to keep mac addresses unique to avoid problems!
[   73.888599][ T5014] batman_adv: The newly added mac address (aa:aa:aa:aa:aa:3e) already exists on: batadv_slave_0
[   73.900272][ T5014] batman_adv: It is strongly recommended to keep mac addresses unique to avoid problems!
[   73.910371][ T5014] batman_adv: The newly added mac address (aa:aa:aa:aa:aa:3e) already exists on: batadv_slave_0
[   73.921330][ T5014] batman_adv: It is strongly recommended to keep mac addresses unique to avoid problems!
[   73.933486][ T5014] batman_adv: batadv0: Interface activated: batadv_slave_0
[   73.958569][ T5030] netdevsim netdevsim3 netdevsim0: set [1, 0] type 2 family 0 port 6081 - 0
[   73.976843][ T5030] netdevsim netdevsim3 netdevsim1: set [1, 0] type 2 family 0 port 6081 - 0
[   73.998630][ T5030] netdevsim netdevsim3 netdevsim2: set [1, 0] type 2 family 0 port 6081 - 0
[   74.025298][ T5030] netdevsim netdevsim3 netdevsim3: set [1, 0] type 2 family 0 port 6081 - 0
[   74.060564][ T5014] batman_adv: The newly added mac address (aa:aa:aa:aa:aa:3f) already exists on: batadv_slave_1
[   74.071732][ T5088] wlan1: Created IBSS using preconfigured BSSID 50:50:50:50:50:50
[   74.080249][ T5088] wlan1: Creating new IBSS network, BSSID 50:50:50:50:50:50
[   74.082477][ T5161] FAULT_INJECTION: forcing a failure.
[   74.082477][ T5161] name failslab, interval 1, probability 0, space 0, times 0
[   74.087675][   T27] audit: type=1804 audit(1713290154.624:4): pid=5161 uid=0 auid=4294967295 ses=4294967295 subj=_ op=invalid_pcr cause=ToMToU comm="syz-executor.7" name="/root/syzkaller-testdir280802711/syzkaller.j6nCl8/1/bus/file0" dev="overlay" ino=1958 res=1 errno=0
[   74.113564][ T5161] CPU: 0 PID: 5161 Comm: syz-executor.7 Not tainted 6.4.0-syzkaller-10098-g995b406c7e97 #0
[   74.134089][ T5014] batman_adv: It is strongly recommended to keep mac addresses unique to avoid problems!
[   74.134313][ T5161] Hardware name: Google Google Compute Engine/Google Compute Engine, BIOS Google 03/27/2024
[   74.145034][ T5014] batman_adv: The newly added mac address (aa:aa:aa:aa:aa:3f) already exists on: batadv_slave_1
[   74.154143][ T5161] Call Trace:
[   74.154153][ T5161]  <TASK>
[   74.154162][ T5161]  dump_stack_lvl+0x1e7/0x2d0
[   74.154199][ T5161]  ? nf_tcp_handle_invalid+0x650/0x650
[   74.154228][ T5161]  ? panic+0x770/0x770
[   74.154250][ T5161]  ? __might_sleep+0xc0/0xc0
[   74.154286][ T5161]  should_fail_ex+0x3aa/0x4e0
[   74.154314][ T5161]  should_failslab+0x9/0x20
[   74.154334][ T5161]  slab_pre_alloc_hook+0x59/0x2b0
[   74.154370][ T5161]  kmem_cache_alloc+0x52/0x300
[   74.154400][ T5161]  ? security_file_alloc+0x28/0x120
[   74.154434][ T5161]  security_file_alloc+0x28/0x120
[   74.154457][ T5161]  init_file+0xa0/0x200
[   74.154480][ T5161]  alloc_empty_backing_file+0x67/0xd0
[   74.154503][ T5161]  backing_file_open+0x26/0x100
[   74.154533][ T5161]  ovl_open_realfile+0x1f6/0x350
[   74.154564][ T5161]  ovl_real_fdget_meta+0x3be/0x4b0
[   74.154593][ T5161]  ? ovl_aio_request_cache_destroy+0x20/0x20
[   74.154619][ T5161]  ? __asan_memset+0x23/0x40
[   74.154649][ T5161]  ? ovl_d_real+0x107/0x3e0
[   74.154679][ T5161]  ovl_splice_read+0x1a5/0x670
[   74.171354][ T5014] batman_adv: It is strongly recommended to keep mac addresses unique to avoid problems!
[   74.171412][ T5161]  ? ovl_splice_write+0x490/0x490
[   74.176447][ T5014] batman_adv: The newly added mac address (aa:aa:aa:aa:aa:3f) already exists on: batadv_slave_1
[   74.181522][ T5161]  ? vfs_splice_read+0x24d/0x3b0
[   74.181547][ T5161]  ? ovl_splice_write+0x490/0x490
[   74.187127][   T27] audit: type=1804 audit(1713290154.734:5): pid=5162 uid=0 auid=4294967295 ses=4294967295 subj=_ op=invalid_pcr cause=open_writers comm="syz-executor.6" name="/root/syzkaller-testdir2528484858/syzkaller.uHwYNo/1/file0" dev="sda1" ino=1959 res=1 errno=0
[   74.190205][ T5161]  splice_direct_to_actor+0x2c4/0x9e0
[   74.199383][ T5162] FAULT_INJECTION: forcing a failure.
[   74.199383][ T5162] name fail_usercopy, interval 1, probability 0, space 0, times 1
[   74.204492][ T5161]  ? direct_file_splice_eof+0xb0/0xb0
[   74.209802][   T27] audit: type=1804 audit(1713290154.744:6): pid=5162 uid=0 auid=4294967295 ses=4294967295 subj=_ op=invalid_pcr cause=ToMToU comm="syz-executor.6" name="/root/syzkaller-testdir2528484858/syzkaller.uHwYNo/1/file0" dev="sda1" ino=1959 res=1 errno=0
[   74.214525][ T5161]  ? warn_unsupported+0xc0/0xc0
[   74.219976][ T5014] batman_adv: It is strongly recommended to keep mac addresses unique to avoid problems!
[   74.223771][ T5161]  ? fsnotify_perm+0x63/0x5a0
[   74.229907][ T5014] batman_adv: The newly added mac address (aa:aa:aa:aa:aa:3f) already exists on: batadv_slave_1
[   74.233951][ T5161]  ? security_file_permission+0x79/0xa0
[   74.242859][ T5014] batman_adv: It is strongly recommended to keep mac addresses unique to avoid problems!
[   74.243996][ T5161]  do_splice_direct+0x2ac/0x3f0
[   74.254491][ T5014] batman_adv: The newly added mac address (aa:aa:aa:aa:aa:3f) already exists on: batadv_slave_1
[   74.254548][ T5161]  ? splice_direct_to_actor+0x9e0/0x9e0
[   74.261728][ T5014] batman_adv: It is strongly recommended to keep mac addresses unique to avoid problems!
[   74.263779][ T5161]  ? rcu_read_lock_any_held+0xb7/0x160
[   74.281382][ T5014] batman_adv: batadv0: Interface activated: batadv_slave_1
[   74.289057][ T5161]  ? do_splice_direct+0x3f0/0x3f0
[   74.289097][ T5161]  do_sendfile+0x623/0x1070
[   74.289132][ T5161]  ? do_pwritev+0x360/0x360
[   74.289160][ T5161]  ? lockdep_hardirqs_on_prepare+0x43c/0x7a0
[   74.289193][ T5161]  __se_sys_sendfile64+0x17c/0x1e0
[   74.289231][ T5161]  ? __x64_sys_sendfile64+0xb0/0xb0
[   74.289266][ T5161]  ? syscall_enter_from_user_mode+0x32/0x230
[   74.289289][ T5161]  ? lockdep_hardirqs_on+0x98/0x140
[   74.289311][ T5161]  ? syscall_enter_from_user_mode+0x32/0x230
[   74.289338][ T5161]  do_syscall_64+0x41/0xc0
[   74.310984][ T5034] batman_adv: The newly added mac address (aa:aa:aa:aa:aa:3e) already exists on: batadv_slave_0
[   74.323306][ T5161]  entry_SYSCALL_64_after_hwframe+0x63/0xcd
[   74.323338][ T5161] RIP: 0033:0x7f7b34c7cbe9
[   74.323357][ T5161] Code: 28 00 00 00 75 05 48 83 c4 28 c3 e8 e1 20 00 00 90 48 89 f8 48 89 f7 48 89 d6 48 89 ca 4d 89 c2 4d 89 c8 4c 8b 4c 24 08 0f 05 <48> 3d 01 f0 ff ff 73 01 c3 48 c7 c1 b0 ff ff ff f7 d8 64 89 01 48
[   74.323373][ T5161] RSP: 002b:00007f7b359ae0c8 EFLAGS: 00000246 ORIG_RAX: 0000000000000028
[   74.323396][ T5161] RAX: ffffffffffffffda RBX: 00007f7b34d9bf80 RCX: 00007f7b34c7cbe9
[   74.323420][ T5161] RDX: 0000000000000000 RSI: 0000000000000004 RDI: 0000000000000005
[   74.323432][ T5161] RBP: 00007f7b359ae120 R08: 0000000000000000 R09: 0000000000000000
[   74.323445][ T5161] R10: 000000007ffff000 R11: 0000000000000246 R12: 0000000000000001
[   74.323458][ T5161] R13: 000000000000000b R14: 00007f7b34d9bf80 R15: 00007ffee52871d8
[   74.323486][ T5161]  </TASK>
[   74.612381][ T5161] ==================================================================
[   74.615474][ T5162] CPU: 0 PID: 5162 Comm: syz-executor.6 Not tainted 6.4.0-syzkaller-10098-g995b406c7e97 #0
[   74.620465][ T5161] BUG: KASAN: invalid-free in init_file+0x195/0x200
[   74.630426][ T5162] Hardware name: Google Google Compute Engine/Google Compute Engine, BIOS Google 03/27/2024
[   74.636989][ T5161] Free of addr ffff88814b397400 by task syz-executor.7/5161
[   74.647030][ T5162] Call Trace:
[   74.647039][ T5162]  <TASK>
[   74.654287][ T5161] 
[   74.662882][ T5162]  dump_stack_lvl+0x1e7/0x2d0
[   74.667577][ T5162]  ? nf_tcp_handle_invalid+0x650/0x650
[   74.673049][ T5162]  ? panic+0x770/0x770
[   74.677128][ T5162]  ? snprintf+0xda/0x120
[   74.681389][ T5162]  should_fail_ex+0x3aa/0x4e0
[   74.686077][ T5162]  _copy_to_user+0x2f/0xa0
[   74.690502][ T5162]  simple_read_from_buffer+0xca/0x150
[   74.695884][ T5162]  proc_fail_nth_read+0x1aa/0x210
[   74.700930][ T5162]  ? proc_fault_inject_write+0x390/0x390
[   74.706578][ T5162]  ? trace_contention_end+0x3c/0xf0
[   74.711805][ T5162]  ? fsnotify_perm+0x420/0x5a0
[   74.716575][ T5162]  ? proc_fault_inject_write+0x390/0x390
[   74.722224][ T5162]  vfs_read+0x279/0xb00
[   74.726402][ T5162]  ? kernel_read+0x1f0/0x1f0
[   74.731012][ T5162]  ? mutex_lock_nested+0x1b/0x20
[   74.735960][ T5162]  ? __fdget_pos+0x254/0x2f0
[   74.740564][ T5162]  ? ksys_read+0x7b/0x2c0
[   74.744913][ T5162]  ksys_read+0x1a0/0x2c0
[   74.749175][ T5162]  ? print_irqtrace_events+0x220/0x220
[   74.754646][ T5162]  ? vfs_write+0xaf0/0xaf0
[   74.759081][ T5162]  ? syscall_enter_from_user_mode+0x32/0x230
[   74.765068][ T5162]  ? lockdep_hardirqs_on+0x98/0x140
[   74.770275][ T5162]  ? syscall_enter_from_user_mode+0x32/0x230
[   74.776262][ T5162]  do_syscall_64+0x41/0xc0
[   74.780691][ T5162]  entry_SYSCALL_64_after_hwframe+0x63/0xcd
[   74.786596][ T5162] RIP: 0033:0x7f2cbb27b88c
[   74.791035][ T5162] Code: ec 28 48 89 54 24 18 48 89 74 24 10 89 7c 24 08 e8 69 81 02 00 48 8b 54 24 18 48 8b 74 24 10 41 89 c0 8b 7c 24 08 31 c0 0f 05 <48> 3d 00 f0 ff ff 77 34 44 89 c7 48 89 44 24 08 e8 bf 81 02 00 48
[   74.810663][ T5162] RSP: 002b:00007f2cbc0180c0 EFLAGS: 00000246 ORIG_RAX: 0000000000000000
[   74.819106][ T5162] RAX: ffffffffffffffda RBX: 00007f2cbb39bf80 RCX: 00007f2cbb27b88c
[   74.827096][ T5162] RDX: 000000000000000f RSI: 00007f2cbc018130 RDI: 0000000000000006
[   74.835077][ T5162] RBP: 00007f2cbc018120 R08: 0000000000000000 R09: 0000000000000000
[   74.843062][ T5162] R10: 000000007ffff000 R11: 0000000000000246 R12: 0000000000000001
[   74.851065][ T5162] R13: 000000000000000b R14: 00007f2cbb39bf80 R15: 00007ffcd8998ef8
[   74.859081][ T5162]  </TASK>
[   74.862134][ T5161] CPU: 1 PID: 5161 Comm: syz-executor.7 Not tainted 6.4.0-syzkaller-10098-g995b406c7e97 #0
[   74.872135][ T5161] Hardware name: Google Google Compute Engine/Google Compute Engine, BIOS Google 03/27/2024
[   74.882225][ T5161] Call Trace:
[   74.885523][ T5161]  <TASK>
[   74.888483][ T5161]  dump_stack_lvl+0x1e7/0x2d0
[   74.892925][ T5034] batman_adv: It is strongly recommended to keep mac addresses unique to avoid problems!
[   74.893192][ T5161]  ? nf_tcp_handle_invalid+0x650/0x650
[   74.908464][ T5161]  ? panic+0x770/0x770
[   74.912563][ T5161]  ? _printk+0xd5/0x120
[   74.915263][ T5034] batman_adv: The newly added mac address (aa:aa:aa:aa:aa:3e) already exists on: batadv_slave_0
[   74.916734][ T5161]  ? init_file+0x195/0x200
[   74.931599][ T5161]  print_report+0x163/0x540
[   74.936137][ T5161]  ? _raw_spin_unlock_irqrestore+0xdd/0x140
[   74.942055][ T5161]  ? __virt_addr_valid+0x22f/0x2e0
[   74.945254][ T5034] batman_adv: It is strongly recommended to keep mac addresses unique to avoid problems!
[   74.947185][ T5161]  ? __phys_addr+0xba/0x170
[   74.961504][ T5161]  ? init_file+0x195/0x200
[   74.963825][ T5034] batman_adv: The newly added mac address (aa:aa:aa:aa:aa:3e) already exists on: batadv_slave_0
[   74.965924][ T5161]  ? init_file+0x195/0x200
[   74.965946][ T5161]  kasan_report_invalid_free+0xeb/0x110
[   74.965974][ T5161]  ? init_file+0x195/0x200
[   74.977052][ T5034] batman_adv: It is strongly recommended to keep mac addresses unique to avoid problems!
[   74.980763][ T5161]  ____kasan_slab_free+0xfb/0x120
[   74.995308][ T5034] batman_adv: The newly added mac address (aa:aa:aa:aa:aa:3e) already exists on: batadv_slave_0
[   75.000529][ T5161]  kmem_cache_free+0x292/0x500
[   75.006191][ T5034] batman_adv: It is strongly recommended to keep mac addresses unique to avoid problems!
[   75.015934][ T5161]  ? init_file+0x195/0x200
[   75.015961][ T5161]  init_file+0x195/0x200
[   75.020721][ T5034] batman_adv: The newly added mac address (aa:aa:aa:aa:aa:3e) already exists on: batadv_slave_0
[   75.030495][ T5161]  alloc_empty_backing_file+0x67/0xd0
[   75.030521][ T5161]  backing_file_open+0x26/0x100
[   75.035020][ T5034] batman_adv: It is strongly recommended to keep mac addresses unique to avoid problems!
[   75.039240][ T5161]  ovl_open_realfile+0x1f6/0x350
[   75.039269][ T5161]  ovl_real_fdget_meta+0x3be/0x4b0
[   75.039294][ T5161]  ? ovl_aio_request_cache_destroy+0x20/0x20
[   75.039316][ T5161]  ? __asan_memset+0x23/0x40
[   75.039351][ T5161]  ? ovl_d_real+0x107/0x3e0
[   75.039391][ T5161]  ovl_splice_read+0x1a5/0x670
[   75.039417][ T5161]  ? ovl_splice_write+0x490/0x490
[   75.039439][ T5161]  ? vfs_splice_read+0x24d/0x3b0
[   75.039457][ T5161]  ? ovl_splice_write+0x490/0x490
[   75.039480][ T5161]  splice_direct_to_actor+0x2c4/0x9e0
[   75.039509][ T5161]  ? direct_file_splice_eof+0xb0/0xb0
[   75.039529][ T5161]  ? warn_unsupported+0xc0/0xc0
[   75.039551][ T5161]  ? fsnotify_perm+0x63/0x5a0
[   75.039570][ T5161]  ? security_file_permission+0x79/0xa0
[   75.039593][ T5161]  do_splice_direct+0x2ac/0x3f0
[   75.039615][ T5161]  ? splice_direct_to_actor+0x9e0/0x9e0
[   75.039634][ T5161]  ? rcu_read_lock_any_held+0xb7/0x160
[   75.039661][ T5161]  ? do_splice_direct+0x3f0/0x3f0
[   75.039686][ T5161]  do_sendfile+0x623/0x1070
[   75.039711][ T5161]  ? do_pwritev+0x360/0x360
[   75.039733][ T5161]  ? lockdep_hardirqs_on_prepare+0x43c/0x7a0
[   75.062703][ T5034] batman_adv: The newly added mac address (aa:aa:aa:aa:aa:3e) already exists on: batadv_slave_0
[   75.070148][ T5161]  __se_sys_sendfile64+0x17c/0x1e0
[   75.070188][ T5161]  ? __x64_sys_sendfile64+0xb0/0xb0
[   75.075817][ T5034] batman_adv: It is strongly recommended to keep mac addresses unique to avoid problems!
[   75.080201][ T5161]  ? syscall_enter_from_user_mode+0x32/0x230
[   75.098700][ T5034] batman_adv: batadv0: Interface activated: batadv_slave_0
[   75.100027][ T5161]  ? lockdep_hardirqs_on+0x98/0x140
[   75.225495][ T5161]  ? syscall_enter_from_user_mode+0x32/0x230
[   75.231479][ T5161]  do_syscall_64+0x41/0xc0
[   75.235909][ T5161]  entry_SYSCALL_64_after_hwframe+0x63/0xcd
[   75.241824][ T5161] RIP: 0033:0x7f7b34c7cbe9
[   75.246248][ T5161] Code: 28 00 00 00 75 05 48 83 c4 28 c3 e8 e1 20 00 00 90 48 89 f8 48 89 f7 48 89 d6 48 89 ca 4d 89 c2 4d 89 c8 4c 8b 4c 24 08 0f 05 <48> 3d 01 f0 ff ff 73 01 c3 48 c7 c1 b0 ff ff ff f7 d8 64 89 01 48
[   75.265849][ T5161] RSP: 002b:00007f7b359ae0c8 EFLAGS: 00000246 ORIG_RAX: 0000000000000028
[   75.274257][ T5161] RAX: ffffffffffffffda RBX: 00007f7b34d9bf80 RCX: 00007f7b34c7cbe9
[   75.282250][ T5161] RDX: 0000000000000000 RSI: 0000000000000004 RDI: 0000000000000005
[   75.290235][ T5161] RBP: 00007f7b359ae120 R08: 0000000000000000 R09: 0000000000000000
[   75.298217][ T5161] R10: 000000007ffff000 R11: 0000000000000246 R12: 0000000000000001
[   75.306198][ T5161] R13: 000000000000000b R14: 00007f7b34d9bf80 R15: 00007ffee52871d8
[   75.314217][ T5161]  </TASK>
[   75.317234][ T5161] 
[   75.319562][ T5161] Allocated by task 5161:
[   75.323887][ T5161]  kasan_set_track+0x4f/0x70
[   75.328489][ T5161]  __kasan_kmalloc+0x98/0xb0
[   75.333088][ T5161]  alloc_empty_backing_file+0x52/0xd0
[   75.338477][ T5161]  backing_file_open+0x26/0x100
[   75.343355][ T5161]  ovl_open_realfile+0x1f6/0x350
[   75.348319][ T5161]  ovl_real_fdget_meta+0x3be/0x4b0
[   75.353438][ T5161]  ovl_splice_read+0x1a5/0x670
[   75.358193][ T5161]  splice_direct_to_actor+0x2c4/0x9e0
[   75.363598][ T5161]  do_splice_direct+0x2ac/0x3f0
[   75.368460][ T5161]  do_sendfile+0x623/0x1070
[   75.372978][ T5161]  __se_sys_sendfile64+0x17c/0x1e0
[   75.378095][ T5161]  do_syscall_64+0x41/0xc0
[   75.382524][ T5161]  entry_SYSCALL_64_after_hwframe+0x63/0xcd
[   75.388431][ T5161] 
[   75.390825][ T5161] The buggy address belongs to the object at ffff88814b397400
[   75.390825][ T5161]  which belongs to the cache kmalloc-512 of size 512
[   75.404919][ T5161] The buggy address is located 0 bytes inside of
[   75.404919][ T5161]  480-byte region [ffff88814b397400, ffff88814b3975e0)
[   75.418021][ T5161] 
[   75.420363][ T5161] The buggy address belongs to the physical page:
[   75.426785][ T5161] page:ffffea00052ce500 refcount:1 mapcount:0 mapping:0000000000000000 index:0x0 pfn:0x14b394
[   75.437029][ T5161] head:ffffea00052ce500 order:2 entire_mapcount:0 nr_pages_mapped:0 pincount:0
[   75.445978][ T5161] flags: 0x57ff00000010200(slab|head|node=1|zone=2|lastcpupid=0x7ff)
[   75.454062][ T5161] page_type: 0xffffffff()
[   75.458410][ T5161] raw: 057ff00000010200 ffff888012841c80 dead000000000100 dead000000000122
[   75.467020][ T5161] raw: 0000000000000000 0000000000100010 00000001ffffffff 0000000000000000
[   75.475614][ T5161] page dumped because: kasan: bad access detected
[   75.482044][ T5161] page_owner tracks the page as allocated
[   75.487775][ T5161] page last allocated via order 2, migratetype Unmovable, gfp_mask 0xd2040(__GFP_IO|__GFP_NOWARN|__GFP_NORETRY|__GFP_COMP|__GFP_NOMEMALLOC), pid 1, tgid 1 (swapper/0), ts 18665477781, free_ts 18625762244
[   75.507589][ T5161]  post_alloc_hook+0x1e6/0x210
[   75.512359][ T5161]  get_page_from_freelist+0x31e8/0x3370
[   75.517904][ T5161]  __alloc_pages+0x255/0x670
[   75.522491][ T5161]  alloc_page_interleave+0x22/0x1d0
[   75.527684][ T5161]  alloc_slab_page+0x6a/0x160
[   75.532355][ T5161]  new_slab+0x84/0x2f0
[   75.536435][ T5161]  ___slab_alloc+0xade/0x1100
[   75.541139][ T5161]  __kmem_cache_alloc_node+0x1af/0x270
[   75.546620][ T5161]  __kmalloc+0xa8/0x230
[   75.550791][ T5161]  tomoyo_init_log+0x1b2c/0x2040
[   75.555824][ T5161]  tomoyo_write_log2+0x3e0/0x8e0
[   75.560786][ T5161]  tomoyo_supervisor+0x159/0x11f0
[   75.565815][ T5161]  tomoyo_mount_permission+0x755/0xb40
[   75.571291][ T5161]  security_sb_mount+0x8c/0xc0
[   75.576059][ T5161]  path_mount+0xb9/0xfa0
[   75.580340][ T5161]  init_mount+0xd4/0x130
[   75.584586][ T5161] page last free stack trace:
[   75.589266][ T5161]  free_unref_page_prepare+0x903/0xa30
[   75.594746][ T5161]  free_unref_page+0x37/0x3f0
[   75.599438][ T5161]  __stack_depot_save+0x4ef/0x650
[   75.604468][ T5161]  kasan_set_track+0x61/0x70
[   75.609056][ T5161]  kasan_save_free_info+0x28/0x40
[   75.614094][ T5161]  ____kasan_slab_free+0xd6/0x120
[   75.619111][ T5161]  kmem_cache_free+0x292/0x500
[   75.623893][ T5161]  add_system_zone+0x349/0x650
[   75.628668][ T5161]  ext4_setup_system_zone+0x324/0xea0
[   75.634035][ T5161]  ext4_fill_super+0x5b88/0x6ce0
[   75.638989][ T5161]  get_tree_bdev+0x468/0x6c0
[   75.643598][ T5161]  vfs_get_tree+0x8c/0x270
[   75.648033][ T5161]  do_new_mount+0x28f/0xae0
[   75.652561][ T5161]  init_mount+0xd4/0x130
[   75.656819][ T5161]  do_mount_root+0x98/0x230
[   75.661340][ T5161]  mount_root_generic+0x193/0x3b0
[   75.666369][ T5161] 
[   75.668687][ T5161] Memory state around the buggy address:
[   75.674342][ T5161]  ffff88814b397300: fc fc fc fc fc fc fc fc fc fc fc fc fc fc fc fc
[   75.682402][ T5161]  ffff88814b397380: fc fc fc fc fc fc fc fc fc fc fc fc fc fc fc fc
[   75.690467][ T5161] >ffff88814b397400: 00 00 00 00 00 00 00 00 00 00 00 00 00 00 00 00
[   75.698540][ T5161]                    ^
[   75.702620][ T5161]  ffff88814b397480: 00 00 00 00 00 00 00 00 00 00 00 00 00 00 00 00
[   75.710709][ T5161]  ffff88814b397500: 00 00 00 00 00 00 00 00 00 00 00 00 00 00 00 00
[   75.718780][ T5161] ==================================================================
[   75.737477][ T5161] Kernel panic - not syncing: KASAN: panic_on_warn set ...
[   75.738370][ T5015] veth0_macvtap: entered promiscuous mode
[   75.742371][ T5015] veth1_macvtap: entered promiscuous mode
[   75.756120][ T5161] CPU: 1 PID: 5161 Comm: syz-executor.7 Not tainted 6.4.0-syzkaller-10098-g995b406c7e97 #0
[   75.766096][ T5161] Hardware name: Google Google Compute Engine/Google Compute Engine, BIOS Google 03/27/2024
[   75.776181][ T5161] Call Trace:
[   75.779458][ T5161]  <TASK>
[   75.782401][ T5161]  dump_stack_lvl+0x1e7/0x2d0
[   75.787195][ T5161]  ? nf_tcp_handle_invalid+0x650/0x650
[   75.792674][ T5161]  ? panic+0x770/0x770
[   75.796755][ T5161]  ? vscnprintf+0x5d/0x80
[   75.801113][ T5161]  ? init_file+0x160/0x200
[   75.805531][ T5161]  panic+0x30f/0x770
[   75.809511][ T5161]  ? asm_sysvec_apic_timer_interrupt+0x1a/0x20
[   75.815686][ T5161]  ? check_panic_on_warn+0x21/0xa0
[   75.820831][ T5161]  ? __memcpy_flushcache+0x2b0/0x2b0
[   75.826137][ T5161]  ? _raw_spin_unlock_irqrestore+0x12c/0x140
[   75.832320][ T5161]  ? _raw_spin_unlock+0x40/0x40
[   75.837183][ T5161]  ? init_file+0x195/0x200
[   75.841607][ T5161]  check_panic_on_warn+0x82/0xa0
[   75.846575][ T5161]  ? init_file+0x195/0x200
[   75.851008][ T5161]  end_report+0x6e/0x130
[   75.855261][ T5161]  kasan_report_invalid_free+0xfb/0x110
[   75.860828][ T5161]  ? init_file+0x195/0x200
[   75.865250][ T5161]  ____kasan_slab_free+0xfb/0x120
[   75.870281][ T5161]  kmem_cache_free+0x292/0x500
[   75.875055][ T5161]  ? init_file+0x195/0x200
[   75.879472][ T5161]  init_file+0x195/0x200
[   75.883716][ T5161]  alloc_empty_backing_file+0x67/0xd0
[   75.889093][ T5161]  backing_file_open+0x26/0x100
[   75.893965][ T5161]  ovl_open_realfile+0x1f6/0x350
[   75.898917][ T5161]  ovl_real_fdget_meta+0x3be/0x4b0
[   75.904050][ T5161]  ? ovl_aio_request_cache_destroy+0x20/0x20
[   75.910032][ T5161]  ? __asan_memset+0x23/0x40
[   75.914630][ T5161]  ? ovl_d_real+0x107/0x3e0
[   75.919141][ T5161]  ovl_splice_read+0x1a5/0x670
[   75.923910][ T5161]  ? ovl_splice_write+0x490/0x490
[   75.928939][ T5161]  ? vfs_splice_read+0x24d/0x3b0
[   75.933874][ T5161]  ? ovl_splice_write+0x490/0x490
[   75.938907][ T5161]  splice_direct_to_actor+0x2c4/0x9e0
[   75.944292][ T5161]  ? direct_file_splice_eof+0xb0/0xb0
[   75.949692][ T5161]  ? warn_unsupported+0xc0/0xc0
[   75.954544][ T5161]  ? fsnotify_perm+0x63/0x5a0
[   75.959226][ T5161]  ? security_file_permission+0x79/0xa0
[   75.964776][ T5161]  do_splice_direct+0x2ac/0x3f0
[   75.969629][ T5161]  ? splice_direct_to_actor+0x9e0/0x9e0
[   75.975172][ T5161]  ? rcu_read_lock_any_held+0xb7/0x160
[   75.980648][ T5161]  ? do_splice_direct+0x3f0/0x3f0
[   75.985681][ T5161]  do_sendfile+0x623/0x1070
[   75.990189][ T5161]  ? do_pwritev+0x360/0x360
[   75.994700][ T5161]  ? lockdep_hardirqs_on_prepare+0x43c/0x7a0
[   76.000695][ T5161]  __se_sys_sendfile64+0x17c/0x1e0
[   76.005822][ T5161]  ? __x64_sys_sendfile64+0xb0/0xb0
[   76.011043][ T5161]  ? syscall_enter_from_user_mode+0x32/0x230
[   76.017115][ T5161]  ? lockdep_hardirqs_on+0x98/0x140
[   76.022314][ T5161]  ? syscall_enter_from_user_mode+0x32/0x230
[   76.028303][ T5161]  do_syscall_64+0x41/0xc0
[   76.032722][ T5161]  entry_SYSCALL_64_after_hwframe+0x63/0xcd
[   76.038614][ T5161] RIP: 0033:0x7f7b34c7cbe9
[   76.043031][ T5161] Code: 28 00 00 00 75 05 48 83 c4 28 c3 e8 e1 20 00 00 90 48 89 f8 48 89 f7 48 89 d6 48 89 ca 4d 89 c2 4d 89 c8 4c 8b 4c 24 08 0f 05 <48> 3d 01 f0 ff ff 73 01 c3 48 c7 c1 b0 ff ff ff f7 d8 64 89 01 48
[   76.062638][ T5161] RSP: 002b:00007f7b359ae0c8 EFLAGS: 00000246 ORIG_RAX: 0000000000000028
[   76.071059][ T5161] RAX: ffffffffffffffda RBX: 00007f7b34d9bf80 RCX: 00007f7b34c7cbe9
[   76.079035][ T5161] RDX: 0000000000000000 RSI: 0000000000000004 RDI: 0000000000000005
[   76.087003][ T5161] RBP: 00007f7b359ae120 R08: 0000000000000000 R09: 0000000000000000
[   76.094970][ T5161] R10: 000000007ffff000 R11: 0000000000000246 R12: 0000000000000001
[   76.102947][ T5161] R13: 000000000000000b R14: 00007f7b34d9bf80 R15: 00007ffee52871d8
[   76.110931][ T5161]  </TASK>
[   76.114311][ SeaBIOS (version 1.8.2-google)
Total RAM Size = 0x0000000200000000 = 8192 MiB
CPUs found: 2     Max CPUs supported: 2
SeaBIOS (version 1.8.2-google)
Machine UUID ac8e8bee-3146-78c8-aa2f-b646b2abe533
found virtio-scsi at 0:3
virtio-scsi vendor='Google' product='PersistentDisk' rev='1' type=0 removable=0
virtio-scsi blksize=512 sectors=4194304 = 2048 MiB
drive 0x000f27c0: PCHS=0/0/0 translation=lba LCHS=520/128/63 s=4194304
Sending Seabios boot VM event.
Booting from Hard Disk 0...
[    0.000000][    T0] Linux version 6.4.0-syzkaller-10098-g995b406c7e97 (syzkaller@syzkaller) (Debian clang version 15.0.6, Debian LLD 15.0.6) #0 SMP PREEMPT_DYNAMIC now
[    0.000000][    T0] Command line: BOOT_IMAGE=/boot/bzImage root=/dev/sda1 console=ttyS0
[    0.000000][    T0] KERNEL supported cpus:
[    0.000000][    T0]   Intel GenuineIntel
[    0.000000][    T0]   AMD AuthenticAMD
[    0.000000][    T0] BIOS-provided physical RAM map:
[    0.000000][    T0] BIOS-e820: [mem 0x0000000000000000-0x000000000009fbff] usable
[    0.000000][    T0] BIOS-e820: [mem 0x000000000009fc00-0x000000000009ffff] reserved
[    0.000000][    T0] BIOS-e820: [mem 0x00000000000f0000-0x00000000000fffff] reserved
[    0.000000][    T0] BIOS-e820: [mem 0x0000000000100000-0x00000000bfffcfff] usable
[    0.000000][    T0] BIOS-e820: [mem 0x00000000bfffd000-0x00000000bfffffff] reserved
[    0.000000][    T0] BIOS-e820: [mem 0x00000000fffbc000-0x00000000ffffffff] reserved
[    0.000000][    T0] BIOS-e820: [mem 0x0000000100000000-0x000000023fffffff] usable
[    0.000000][    T0] printk: bootconsole [earlyser0] enabled
[    0.000000][    T0] ERROR: earlyprintk= earlyser already used
[    0.000000][    T0] ERROR: earlyprintk= earlyser already used
[    0.000000][    T0] **********************************************************
[    0.000000][    T0] **   NOTICE NOTICE NOTICE NOTICE NOTICE NOTICE NOTICE   **
[    0.000000][    T0] **                                                      **
[    0.000000][    T0] ** This system shows unhashed kernel memory addresses   **
[    0.000000][    T0] ** via the console, logs, and other interfaces. This    **
[    0.000000][    T0] ** might reduce the security of your system.            **
[    0.000000][    T0] **                                                      **
[    0.000000][    T0] ** If you see this message and you are not debugging    **
[    0.000000][    T0] ** the kernel, report this immediately to your system   **
[    0.000000][    T0] ** administrator!                                       **
[    0.000000][    T0] **                                                      **
[    0.000000][    T0] **   NOTICE NOTICE NOTICE NOTICE NOTICE NOTICE NOTICE   **
[    0.000000][    T0] **********************************************************
[    0.000000][    T0] Malformed early option 'vsyscall'
[    0.000000][    T0] nopcid: PCID feature disabled
[    0.000000][    T0] NX (Execute Disable) protection: active
[    0.000000][    T0] SMBIOS 2.4 present.
[    0.000000][    T0] DMI: Google Google Compute Engine/Google Compute Engine, BIOS Google 03/27/2024
[    0.000000][    T0] Hypervisor detected: KVM
[    0.000000][    T0] kvm-clock: Using msrs 4b564d01 and 4b564d00
[    0.000006][    T0] kvm-clock: using sched offset of 3755307062 cycles
[    0.000925][    T0] clocksource: kvm-clock: mask: 0xffffffffffffffff max_cycles: 0x1cd42e4dffb, max_idle_ns: 881590591483 ns
[    0.003483][    T0] tsc: Detected 2199.998 MHz processor
[    0.006940][    T0] last_pfn = 0x240000 max_arch_pfn = 0x400000000
[    0.007886][    T0] MTRR map: 4 entries (3 fixed + 1 variable; max 19), built from 8 variable MTRRs
[    0.009194][    T0] x86/PAT: Configuration [0-7]: WB  WC  UC- UC  WB  WP  UC- WT  
[    0.010247][    T0] last_pfn = 0xbfffd max_arch_pfn = 0x400000000
[    0.016781][    T0] found SMP MP-table at [mem 0x000f2a80-0x000f2a8f]
[    0.017786][    T0] Using GB pages for direct mapping
[    0.019816][    T0] ACPI: Early table checksum verification disabled
[    0.020761][    T0] ACPI: RSDP 0x00000000000F2800 000014 (v00 Google)
[    0.021679][    T0] ACPI: RSDT 0x00000000BFFFFFA0 000038 (v01 Google GOOGRSDT 00000001 GOOG 00000001)
[    0.024143][    T0] ACPI: FACP 0x00000000BFFFF330 0000F4 (v02 Google GOOGFACP 00000001 GOOG 00000001)
[    0.025494][    T0] ACPI: DSDT 0x00000000BFFFD8C0 001A64 (v01 Google GOOGDSDT 00000001 GOOG 00000001)
[    0.026726][    T0] ACPI: FACS 0x00000000BFFFD880 000040
[    0.027454][    T0] ACPI: FACS 0x00000000BFFFD880 000040
[    0.028169][    T0] ACPI: SRAT 0x00000000BFFFFE60 0000C8 (v03 Google GOOGSRAT 00000001 GOOG 00000001)
[    0.029386][    T0] ACPI: APIC 0x00000000BFFFFDB0 000076 (v05 Google GOOGAPIC 00000001 GOOG 00000001)
[    0.030667][    T0] ACPI: SSDT 0x00000000BFFFF430 000980 (v01 Google GOOGSSDT 00000001 GOOG 00000001)
[    0.031972][    T0] ACPI: WAET 0x00000000BFFFFE30 000028 (v01 Google GOOGWAET 00000001 GOOG 00000001)
[    0.033240][    T0] ACPI: Reserving FACP table memory at [mem 0xbffff330-0xbffff423]
[    0.034275][    T0] ACPI: Reserving DSDT table memory at [mem 0xbfffd8c0-0xbffff323]
[    0.035313][    T0] ACPI: Reserving FACS table memory at [mem 0xbfffd880-0xbfffd8bf]
[    0.036395][    T0] ACPI: Reserving FACS table memory at [mem 0xbfffd880-0xbfffd8bf]
[    0.037408][    T0] ACPI: Reserving SRAT table memory at [mem 0xbffffe60-0xbfffff27]
[    0.038441][    T0] ACPI: Reserving APIC table memory at [mem 0xbffffdb0-0xbffffe25]
[    0.039487][    T0] ACPI: Reserving SSDT table memory at [mem 0xbffff430-0xbffffdaf]
[    0.040558][    T0] ACPI: Reserving WAET table memory at [mem 0xbffffe30-0xbffffe57]
[    0.041673][    T0] SRAT: PXM 0 -> APIC 0x00 -> Node 0
[    0.042394][    T0] SRAT: PXM 0 -> APIC 0x01 -> Node 0
[    0.043119][    T0] ACPI: SRAT: Node 0 PXM 0 [mem 0x00000000-0x0009ffff]
[    0.044105][    T0] ACPI: SRAT: Node 0 PXM 0 [mem 0x00100000-0xbfffffff]
[    0.045016][    T0] ACPI: SRAT: Node 0 PXM 0 [mem 0x100000000-0x23fffffff]
[    0.045921][    T0] NUMA: Node 0 [mem 0x00000000-0x0009ffff] + [mem 0x00100000-0xbfffffff] -> [mem 0x00000000-0xbfffffff]
[    0.047449][    T0] NUMA: Node 0 [mem 0x00000000-0xbfffffff] + [mem 0x100000000-0x23fffffff] -> [mem 0x00000000-0x23fffffff]
[    0.048953][    T0] Faking node 0 at [mem 0x0000000000000000-0x000000013fffffff] (5120MB)
[    0.050024][    T0] Faking node 1 at [mem 0x0000000140000000-0x000000023fffffff] (4096MB)
[    0.051469][    T0] NODE_DATA(0) allocated [mem 0x13fffa000-0x13fffffff]
[    0.052804][    T0] NODE_DATA(1) allocated [mem 0x23fff7000-0x23fffcfff]
[    0.091800][    T0] Zone ranges:
[    0.092315][    T0]   DMA      [mem 0x0000000000001000-0x0000000000ffffff]
[    0.093356][    T0]   DMA32    [mem 0x0000000001000000-0x00000000ffffffff]
[    0.094264][    T0]   Normal   [mem 0x0000000100000000-0x000000023fffffff]
[    0.095170][    T0]   Device   empty
[    0.095678][    T0] Movable zone start for each node
[    0.096379][    T0] Early memory node ranges
[    0.096947][    T0]   node   0: [mem 0x0000000000001000-0x000000000009efff]
[    0.097940][    T0]   node   0: [mem 0x0000000000100000-0x00000000bfffcfff]
[    0.098857][    T0]   node   0: [mem 0x0000000100000000-0x000000013fffffff]
[    0.099819][    T0]   node   1: [mem 0x0000000140000000-0x000000023fffffff]
[    0.100753][    T0] Initmem setup node 0 [mem 0x0000000000001000-0x000000013fffffff]
[    0.101793][    T0] Initmem setup node 1 [mem 0x0000000140000000-0x000000023fffffff]
[    0.102886][    T0] On node 0, zone DMA: 1 pages in unavailable ranges
[    0.103189][    T0] On node 0, zone DMA: 97 pages in unavailable ranges
[    0.178895][    T0] On node 0, zone Normal: 3 pages in unavailable ranges
[    0.554190][    T0] kasan: KernelAddressSanitizer initialized
[    0.556784][    T0] ACPI: PM-Timer IO Port: 0xb008
[    0.557487][    T0] ACPI: LAPIC_NMI (acpi_id[0xff] dfl dfl lint[0x1])
[    0.558459][    T0] IOAPIC[0]: apic_id 0, version 17, address 0xfec00000, GSI 0-23
[    0.559477][    T0] ACPI: INT_SRC_OVR (bus 0 bus_irq 5 global_irq 5 high level)
[    0.560474][    T0] ACPI: INT_SRC_OVR (bus 0 bus_irq 9 global_irq 9 high level)
[    0.561543][    T0] ACPI: INT_SRC_OVR (bus 0 bus_irq 10 global_irq 10 high level)
[    0.562547][    T0] ACPI: INT_SRC_OVR (bus 0 bus_irq 11 global_irq 11 high level)
[    0.563807][    T0] ACPI: Using ACPI (MADT) for SMP configuration information
[    0.564868][    T0] smpboot: Allowing 2 CPUs, 0 hotplug CPUs
[    0.565747][    T0] PM: hibernation: Registered nosave memory: [mem 0x00000000-0x00000fff]
[    0.567032][    T0] PM: hibernation: Registered nosave memory: [mem 0x0009f000-0x0009ffff]
[    0.568277][    T0] PM: hibernation: Registered nosave memory: [mem 0x000a0000-0x000effff]
[    0.569395][    T0] PM: hibernation: Registered nosave memory: [mem 0x000f0000-0x000fffff]
[    0.570489][    T0] PM: hibernation: Registered nosave memory: [mem 0xbfffd000-0xbfffffff]
[    0.571617][    T0] PM: hibernation: Registered nosave memory: [mem 0xc0000000-0xfffbbfff]
[    0.572768][    T0] PM: hibernation: Registered nosave memory: [mem 0xfffbc000-0xffffffff]
[    0.573897][    T0] [mem 0xc0000000-0xfffbbfff] available for PCI devices
[    0.574895][    T0] Booting paravirtualized kernel on KVM
[    0.575636][    T0] clocksource: refined-jiffies: mask: 0xffffffff max_cycles: 0xffffffff, max_idle_ns: 19112604462750000 ns
[    0.659879][    T0] setup_percpu: NR_CPUS:8 nr_cpumask_bits:2 nr_cpu_ids:2 nr_node_ids:2
[    0.661805][    T0] percpu: Embedded 71 pages/cpu s253256 r8192 d29368 u1048576
[    0.662939][    T0] kvm-guest: PV spinlocks enabled
[    0.663680][    T0] PV qspinlock hash table entries: 256 (order: 0, 4096 bytes, linear)
[    0.664761][    T0] Kernel command line: earlyprintk=serial net.ifnames=0 sysctl.kernel.hung_task_all_cpu_backtrace=1 ima_policy=tcb nf-conntrack-ftp.ports=20000 nf-conntrack-tftp.ports=20000 nf-conntrack-sip.ports=20000 nf-conntrack-irc.ports=20000 nf-conntrack-sane.ports=20000 binder.debug_mask=0 rcupdate.rcu_expedited=1 rcupdate.rcu_cpu_stall_cputime=1 no_hash_pointers page_owner=on sysctl.vm.nr_hugepages=4 sysctl.vm.nr_overcommit_hugepages=4 secretmem.enable=1 sysctl.max_rcu_stall_to_panic=1 msr.allow_writes=off coredump_filter=0xffff root=/dev/sda console=ttyS0 vsyscall=native numa=fake=2 kvm-intel.nested=1 spec_store_bypass_disable=prctl nopcid vivid.n_devs=16 vivid.multiplanar=1,2,1,2,1,2,1,2,1,2,1,2,1,2,1,2 netrom.nr_ndevs=16 rose.rose_ndevs=16 smp.csd_lock_timeout=100000 watchdog_thresh=55 workqueue.watchdog_thresh=140 sysctl.net.core.netdev_unregister_timeout_secs=140 dummy_hcd.num=8 panic_on_warn=1 BOOT_IMAGE=/boot/bzImage root=/dev/sda1 console=ttyS0
[    0.677896][    T0] Unknown kernel command line parameters "spec_store_bypass_disable=prctl BOOT_IMAGE=/boot/bzImage", will be passed to user space.
[    0.679845][    T0] random: crng init done
[    0.680548][    T0] Fallback order for Node 0: 0 1 
[    0.680561][    T0] Fallback order for Node 1: 1 0 
[    0.680573][    T0] Built 2 zonelists, mobility grouping on.  Total pages: 2064125
[    0.683065][    T0] Policy zone: Normal
[    0.684250][    T0] mem auto-init: stack:all(zero), heap alloc:on, heap free:off
[    0.685317][    T0] stackdepot: allocating hash table via alloc_large_system_hash
[    0.688826][    T0] stackdepot hash table entries: 1048576 (order: 11, 8388608 bytes, linear)
[    0.690170][    T0] software IO TLB: area num 2.
[    1.438655][    T0] Memory: 6809980K/8388204K available (163840K kernel code, 26237K rwdata, 30812K rodata, 2828K init, 38476K bss, 1577968K reserved, 0K cma-reserved)
[    1.442171][    T0] SLUB: HWalign=64, Order=0-3, MinObjects=0, CPUs=2, Nodes=2
[    1.560220][    T0] allocated 150994944 bytes of page_ext
[    1.561139][    T0] Node 0, zone      DMA: page owner found early allocated 0 pages
[    1.572824][    T0] Node 0, zone    DMA32: page owner found early allocated 18528 pages
[    1.582651][    T0] Node 0, zone   Normal: page owner found early allocated 0 pages
[    1.591403][    T0] Node 1, zone   Normal: page owner found early allocated 18435 pages
[    1.593424][    T0] Dynamic Preempt: full
[    1.594778][    T0] Running RCU self tests
[    1.595379][    T0] Running RCU synchronous self tests
[    1.596086][    T0] rcu: Preemptible hierarchical RCU implementation.
[    1.596930][    T0] rcu: 	RCU lockdep checking is enabled.
[    1.597698][    T0] rcu: 	RCU restricting CPUs from NR_CPUS=8 to nr_cpu_ids=2.
[    1.598677][    T0] rcu: 	RCU callback double-/use-after-free debug is enabled.
[    1.599683][    T0] rcu: 	RCU debug extended QS entry/exit.
[    1.600458][    T0] 	All grace periods are expedited (rcu_expedited).
[    1.601448][    T0] 	Trampoline variant of Tasks RCU enabled.
[    1.602290][    T0] 	Tracing variant of Tasks RCU enabled.
[    1.603340][    T0] rcu: RCU calculated value of scheduler-enlistment delay is 10 jiffies.
[    1.604648][    T0] rcu: Adjusting geometry for rcu_fanout_leaf=16, nr_cpu_ids=2
[    1.605836][    T0] Running RCU synchronous self tests
[    1.658825][    T0] NR_IRQS: 4352, nr_irqs: 440, preallocated irqs: 16
[    1.660577][    T0] rcu: srcu_init: Setting srcu_struct sizes based on contention.
[    1.662110][    T0] kfence: initialized - using 2097152 bytes for 255 objects at 0xffff88823bc00000-0xffff88823be00000
[    1.664901][    T0] Console: colour VGA+ 80x25
[    1.665629][    T0] printk: console [ttyS0] enabled
[    1.665629][    T0] printk: console [ttyS0] enabled
[    1.667086][    T0] printk: bootconsole [earlyser0] disabled
[    1.667086][    T0] printk: bootconsole [earlyser0] disabled
[    1.668735][    T0] Lock dependency validator: Copyright (c) 2006 Red Hat, Inc., Ingo Molnar
[    1.669874][    T0] ... MAX_LOCKDEP_SUBCLASSES:  8
[    1.670564][    T0] ... MAX_LOCK_DEPTH:          48
[    1.671309][    T0] ... MAX_LOCKDEP_KEYS:        8192
[    1.672059][    T0] ... CLASSHASH_SIZE:          4096
[    1.672803][    T0] ... MAX_LOCKDEP_ENTRIES:     131072
[    1.673547][    T0] ... MAX_LOCKDEP_CHAINS:      262144
[    1.674293][    T0] ... CHAINHASH_SIZE:          131072
[    1.675018][    T0]  memory used by lock dependency info: 20785 kB
[    1.675865][    T0]  memory used for stack traces: 8320 kB
[    1.676725][    T0]  per task-struct memory footprint: 1920 bytes
[    1.677739][    T0] mempolicy: Enabling automatic NUMA balancing. Configure with numa_balancing= or the kernel.numa_balancing sysctl
[    1.679416][    T0] ACPI: Core revision 20230331
[    1.680838][    T0] APIC: Switch to symmetric I/O mode setup
[    1.682235][    T0] x2apic enabled
[    1.685900][    T0] Switched APIC routing to physical x2apic.
[    1.692280][    T0] ..TIMER: vector=0x30 apic1=0 pin1=0 apic2=-1 pin2=-1
[    1.693508][    T0] clocksource: tsc-early: mask: 0xffffffffffffffff max_cycles: 0x1fb63109b96, max_idle_ns: 440795265316 ns
[    1.695365][    T0] Calibrating delay loop (skipped) preset value.. 4399.99 BogoMIPS (lpj=21999980)
[    1.697066][    T0] Last level iTLB entries: 4KB 64, 2MB 8, 4MB 8
[    1.697967][    T0] Last level dTLB entries: 4KB 64, 2MB 0, 4MB 0, 1GB 4
[    1.698984][    T0] Spectre V1 : Mitigation: usercopy/swapgs barriers and __user pointer sanitization
[    1.700300][    T0] Spectre V2 : Mitigation: IBRS
[    1.705426][    T0] Spectre V2 : Spectre v2 / SpectreRSB mitigation: Filling RSB on context switch
[    1.706638][    T0] Spectre V2 : Spectre v2 / SpectreRSB : Filling RSB on VMEXIT
[    1.707696][    T0] RETBleed: Mitigation: IBRS
[    1.708379][    T0] Spectre V2 : mitigation: Enabling conditional Indirect Branch Prediction Barrier
[    1.709725][    T0] Spectre V2 : User space: Mitigation: STIBP via prctl
[    1.710777][    T0] Speculative Store Bypass: Mitigation: Speculative Store Bypass disabled via prctl
[    1.712283][    T0] MDS: Mitigation: Clear CPU buffers
[    1.713046][    T0] TAA: Mitigation: Clear CPU buffers
[    1.713807][    T0] MMIO Stale Data: Vulnerable: Clear CPU buffers attempted, no microcode
[    1.715408][    T0] x86/fpu: Supporting XSAVE feature 0x001: 'x87 floating point registers'
[    1.716569][    T0] x86/fpu: Supporting XSAVE feature 0x002: 'SSE registers'
[    1.717677][    T0] x86/fpu: Supporting XSAVE feature 0x004: 'AVX registers'
[    1.718704][    T0] x86/fpu: xstate_offset[2]:  576, xstate_sizes[2]:  256
[    1.719668][    T0] x86/fpu: Enabled xstate features 0x7, context size is 832 bytes, using 'standard' format.
[    1.739894][    T0] Freeing SMP alternatives memory: 120K
[    1.740691][    T0] pid_max: default: 32768 minimum: 301
[    1.741899][    T0] LSM: initializing lsm=lockdown,capability,landlock,yama,safesetid,tomoyo,smack,bpf,integrity
[    1.743615][    T0] landlock: Up and running.
[    1.744315][    T0] Yama: becoming mindful.
[    1.745078][    T0] TOMOYO Linux initialized
[    1.745460][    T0] Smack:  Initializing.
[    1.746037][    T0] Smack:  Netfilter enabled.
[    1.746666][    T0] Smack:  IPv6 Netfilter enabled.
[    1.747389][    T0] LSM support for eBPF active
[    1.753585][    T0] Dentry cache hash table entries: 1048576 (order: 11, 8388608 bytes, vmalloc hugepage)
[    1.758138][    T0] Inode-cache hash table entries: 524288 (order: 10, 4194304 bytes, vmalloc hugepage)
[    1.759866][    T0] Mount-cache hash table entries: 16384 (order: 5, 131072 bytes, vmalloc)
[    1.761390][    T0] Mountpoint-cache hash table entries: 16384 (order: 5, 131072 bytes, vmalloc)
[    1.766692][    T0] Running RCU synchronous self tests
[    1.767563][    T0] Running RCU synchronous self tests
[    1.889342][    T1] smpboot: CPU0: Intel(R) Xeon(R) CPU @ 2.20GHz (family: 0x6, model: 0x4f, stepping: 0x0)
[    1.894322][    T1] RCU Tasks: Setting shift to 1 and lim to 1 rcu_task_cb_adjust=1.
[    1.895350][    T1] RCU Tasks Trace: Setting shift to 1 and lim to 1 rcu_task_cb_adjust=1.
[    1.895350][    T1] Running RCU-tasks wait API self tests
[    2.025628][    T1] Performance Events: unsupported p6 CPU model 79 no PMU driver, software events only.
[    2.027219][    T1] signal: max sigframe size: 1776
[    2.028585][    T1] rcu: Hierarchical SRCU implementation.
[    2.029401][    T1] rcu: 	Max phase no-delay instances is 1000.
[    2.035636][    T1] NMI watchdog: Perf NMI watchdog permanently disabled
[    2.037356][    T1] smp: Bringing up secondary CPUs ...
[    2.040253][    T1] smpboot: x86: Booting SMP configuration:
[    2.041186][    T1] .... node  #0, CPUs:      #1
[    2.041489][    T1] MDS CPU bug present and SMT on, data leak possible. See https://www.kernel.org/doc/html/latest/admin-guide/hw-vuln/mds.html for more details.
[    2.045494][    T1] TAA CPU bug present and SMT on, data leak possible. See https://www.kernel.org/doc/html/latest/admin-guide/hw-vuln/tsx_async_abort.html for more details.
[    2.047771][    T1] MMIO Stale Data CPU bug present and SMT on, data leak possible. See https://www.kernel.org/doc/html/latest/admin-guide/hw-vuln/processor_mmio_stale_data.html for more details.
[    2.050414][    T1] smp: Brought up 2 nodes, 2 CPUs
[    2.051207][    T1] smpboot: Max logical packages: 1
[    2.051993][    T1] smpboot: Total of 2 processors activated (8799.99 BogoMIPS)
[    2.056184][    T1] devtmpfs: initialized
[    2.058192][    T1] x86/mm: Memory block size: 128MB
[    2.065469][   T14] Callback from call_rcu_tasks_trace() invoked.
[    2.095379][    T1] Running RCU synchronous self tests
[    2.095379][    T1] Running RCU synchronous self tests
[    2.095434][    T1] clocksource: jiffies: mask: 0xffffffff max_cycles: 0xffffffff, max_idle_ns: 19112604462750000 ns
[    2.095434][    T1] futex hash table entries: 512 (order: 4, 65536 bytes, vmalloc)
[    2.098349][    T1] PM: RTC time: 17:56:02, date: 2024-04-16
[    2.117413][    T1] NET: Registered PF_NETLINK/PF_ROUTE protocol family
[    2.122839][    T1] audit: initializing netlink subsys (disabled)
[    2.127278][    T1] thermal_sys: Registered thermal governor 'step_wise'
[    2.127293][    T1] thermal_sys: Registered thermal governor 'user_space'
[    2.128791][   T27] audit: type=2000 audit(1713290162.600:1): state=initialized audit_enabled=0 res=1
[    2.136327][    T1] cpuidle: using governor menu
[    2.136327][    T1] NET: Registered PF_QIPCRTR protocol family
[    2.139372][    T1] dca service started, version 1.12.1
[    2.139372][    T1] PCI: Using configuration type 1 for base access
[    2.145488][    T1] WARNING: workqueue cpumask: online intersect > possible intersect
[    2.155366][    T1] HugeTLB: registered 1.00 GiB page size, pre-allocated 0 pages
[    2.155366][    T1] HugeTLB: 16380 KiB vmemmap can be freed for a 1.00 GiB page
[    2.155366][    T1] HugeTLB: registered 2.00 MiB page size, pre-allocated 0 pages
[    2.155366][    T1] HugeTLB: 28 KiB vmemmap can be freed for a 2.00 MiB page
[    2.181789][    T1] cryptd: max_cpu_qlen set to 1000
[    2.188275][    T1] raid6: skipped pq benchmark and selected avx2x4
[    2.190316][    T1] raid6: using avx2x2 recovery algorithm
[    2.194036][    T1] ACPI: Added _OSI(Module Device)
[    2.195409][    T1] ACPI: Added _OSI(Processor Device)
[    2.197063][    T1] ACPI: Added _OSI(3.0 _SCP Extensions)
[    2.198561][    T1] ACPI: Added _OSI(Processor Aggregator Device)
[    2.246069][   T13] Callback from call_rcu_tasks() invoked.
[    2.323596][    T1] ACPI: 2 ACPI AML tables successfully acquired and loaded
[    2.363313][    T1] ACPI: Interpreter enabled
[    2.365259][    T1] ACPI: PM: (supports S0 S3 S4 S5)
[    2.365406][    T1] ACPI: Using IOAPIC for interrupt routing
[    2.367652][    T1] PCI: Using host bridge windows from ACPI; if necessary, use "pci=nocrs" and report a bug
[    2.370812][    T1] PCI: Ignoring E820 reservations for host bridge windows
[    2.378710][    T1] ACPI: Enabled 16 GPEs in block 00 to 0F
[    2.531614][    T1] ACPI: PCI Root Bridge [PCI0] (domain 0000 [bus 00-ff])
[    2.533738][    T1] acpi PNP0A03:00: _OSC: OS supports [ASPM ClockPM Segments MSI HPX-Type3]
[    2.535371][    T1] acpi PNP0A03:00: _OSC: not requesting OS control; OS requires [ExtendedConfig ASPM ClockPM MSI]
[    2.539059][    T1] acpi PNP0A03:00: fail to add MMCONFIG information, can't access extended configuration space under this bridge
[    2.557679][    T1] PCI host bridge to bus 0000:00
[    2.559478][    T1] pci_bus 0000:00: Unknown NUMA node; performance will be reduced
[    2.562229][    T1] pci_bus 0000:00: root bus resource [io  0x0000-0x0cf7 window]
[    2.564894][    T1] pci_bus 0000:00: root bus resource [io  0x0d00-0xffff window]
[    2.565377][    T1] pci_bus 0000:00: root bus resource [mem 0x000a0000-0x000bffff window]
[    2.568213][    T1] pci_bus 0000:00: root bus resource [mem 0xc0000000-0xfebfefff window]
[    2.571034][    T1] pci_bus 0000:00: root bus resource [bus 00-ff]
[    2.576020][    T1] pci 0000:00:00.0: [8086:1237] type 00 class 0x060000
[    2.583047][    T1] pci 0000:00:01.0: [8086:7110] type 00 class 0x060100
[    2.606221][    T1] pci 0000:00:01.3: [8086:7113] type 00 class 0x068000
[    2.623232][    T1] pci 0000:00:01.3: quirk: [io  0xb000-0xb03f] claimed by PIIX4 ACPI
[    2.629114][    T1] pci 0000:00:03.0: [1af4:1004] type 00 class 0x000000
[    2.636572][    T1] pci 0000:00:03.0: reg 0x10: [io  0xc000-0xc03f]
[    2.643226][    T1] pci 0000:00:03.0: reg 0x14: [mem 0xfe800000-0xfe80007f]
[    2.662998][    T1] pci 0000:00:04.0: [1af4:1000] type 00 class 0x020000
[    2.671102][    T1] pci 0000:00:04.0: reg 0x10: [io  0xc040-0xc07f]
[    2.678493][    T1] pci 0000:00:04.0: reg 0x14: [mem 0xfe801000-0xfe80107f]
[    2.696317][    T1] pci 0000:00:05.0: [1ae0:a002] type 00 class 0x030000
[    2.706374][    T1] pci 0000:00:05.0: reg 0x10: [mem 0xfe000000-0xfe7fffff]
[    2.727583][    T1] pci 0000:00:05.0: Video device with shadowed ROM at [mem 0x000c0000-0x000dffff]
[    2.734147][    T1] pci 0000:00:06.0: [1af4:1002] type 00 class 0x00ff00
[    2.741174][    T1] pci 0000:00:06.0: reg 0x10: [io  0xc080-0xc09f]
[    2.747990][    T1] pci 0000:00:06.0: reg 0x14: [mem 0xfe802000-0xfe80207f]
[    2.765940][    T1] pci 0000:00:07.0: [1af4:1005] type 00 class 0x00ff00
[    2.773943][    T1] pci 0000:00:07.0: reg 0x10: [io  0xc0a0-0xc0bf]
[    2.778880][    T1] pci 0000:00:07.0: reg 0x14: [mem 0xfe803000-0xfe80303f]
[    2.821136][    T1] ACPI: PCI: Interrupt link LNKA configured for IRQ 10
[    2.828707][    T1] ACPI: PCI: Interrupt link LNKB configured for IRQ 10
[    2.835840][    T1] ACPI: PCI: Interrupt link LNKC configured for IRQ 11
[    2.843224][    T1] ACPI: PCI: Interrupt link LNKD configured for IRQ 11
[    2.848139][    T1] ACPI: PCI: Interrupt link LNKS configured for IRQ 9
[    2.865704][    T1] iommu: Default domain type: Translated
[    2.867728][    T1] iommu: DMA domain TLB invalidation policy: lazy mode
[    2.875461][    T1] SCSI subsystem initialized
[    2.879103][    T1] ACPI: bus type USB registered
[    2.881048][    T1] usbcore: registered new interface driver usbfs
[    2.882982][    T1] usbcore: registered new interface driver hub
[    2.884856][    T1] usbcore: registered new device driver usb
[    2.887423][    T1] mc: Linux media interface: v0.10
[    2.889554][    T1] videodev: Linux video capture interface: v2.00
[    2.892388][    T1] pps_core: LinuxPPS API ver. 1 registered
[    2.894295][    T1] pps_core: Software ver. 5.3.6 - Copyright 2005-2007 Rodolfo Giometti <giometti@linux.it>
[    2.898676][    T1] PTP clock support registered
[    2.901859][    T1] EDAC MC: Ver: 3.0.0
[    2.908208][    T1] Advanced Linux Sound Architecture Driver Initialized.
[    2.915269][    T1] Bluetooth: Core ver 2.22
[    2.915596][    T1] NET: Registered PF_BLUETOOTH protocol family
[    2.917130][    T1] Bluetooth: HCI device and connection manager initialized
[    2.919054][    T1] Bluetooth: HCI socket layer initialized
[    2.920581][    T1] Bluetooth: L2CAP socket layer initialized
[    2.922331][    T1] Bluetooth: SCO socket layer initialized
[    2.923912][    T1] NET: Registered PF_ATMPVC protocol family
[    2.925365][    T1] NET: Registered PF_ATMSVC protocol family
[    2.927166][    T1] NetLabel: Initializing
[    2.928341][    T1] NetLabel:  domain hash size = 128
[    2.929674][    T1] NetLabel:  protocols = UNLABELED CIPSOv4 CALIPSO
[    2.932064][    T1] NetLabel:  unlabeled traffic allowed by default
[    2.935885][    T1] nfc: nfc_init: NFC Core ver 0.1
[    2.935885][    T1] NET: Registered PF_NFC protocol family
[    2.935885][    T1] PCI: Using ACPI for IRQ routing
[    2.936560][    T1] pci 0000:00:05.0: vgaarb: setting as boot VGA device
[    2.938474][    T1] pci 0000:00:05.0: vgaarb: bridge control possible
[    2.940368][    T1] pci 0000:00:05.0: vgaarb: VGA device added: decodes=io+mem,owns=io+mem,locks=none
[    2.943280][    T1] vgaarb: loaded
[    2.955362][    T1] clocksource: Switched to clocksource kvm-clock
[    2.964623][    T1] VFS: Disk quotas dquot_6.6.0
[    2.966196][    T1] VFS: Dquot-cache hash table entries: 512 (order 0, 4096 bytes)
[    2.969077][    T1] FS-Cache: Loaded
[    2.971674][    T1] CacheFiles: Loaded
[    2.973483][    T1] TOMOYO: 2.6.0
[    2.974586][    T1] Mandatory Access Control activated.
[    2.976684][    T1] pnp: PnP ACPI init
