Warning: Permanently added '10.128.0.41' (ED25519) to the list of known hosts.
2024/04/16 17:58:33 ignoring optional flag "sandboxArg"="0"
2024/04/16 17:58:33 parsed 1 programs
2024/04/16 17:58:36 executed programs: 0
[   56.224230][ T5005] Adding 124996k swap on ./swap-file.  Priority:0 extents:1 across:124996k FS
[   56.238476][ T5000] memfd_create() without MFD_EXEC nor MFD_NOEXEC_SEAL, pid=5000 'syz-execprog'
[   56.247745][ T5005] syz-executor (5005) used greatest stack depth: 19976 bytes left
[   56.440739][ T5030] Bluetooth: hci0: unexpected cc 0x0c03 length: 249 > 1
[   56.456465][ T5030] Bluetooth: hci1: unexpected cc 0x0c03 length: 249 > 1
[   56.490250][ T5032] Bluetooth: hci1: unexpected cc 0x1003 length: 249 > 9
[   56.498730][ T5032] Bluetooth: hci0: unexpected cc 0x1003 length: 249 > 9
[   56.515165][ T5045] Bluetooth: hci2: unexpected cc 0x0c03 length: 249 > 1
[   56.521058][ T5052] Bluetooth: hci1: unexpected cc 0x1001 length: 249 > 9
[   56.522837][ T5045] Bluetooth: hci0: unexpected cc 0x1001 length: 249 > 9
[   56.530166][ T5052] Bluetooth: hci3: unexpected cc 0x0c03 length: 249 > 1
[   56.537369][ T5045] Bluetooth: hci4: unexpected cc 0x0c03 length: 249 > 1
[   56.545616][ T5052] Bluetooth: hci5: unexpected cc 0x0c03 length: 249 > 1
[   56.552437][ T5045] Bluetooth: hci7: unexpected cc 0x0c03 length: 249 > 1
[   56.560901][ T5052] Bluetooth: hci6: unexpected cc 0x0c03 length: 249 > 1
[   56.567354][ T5045] Bluetooth: hci3: unexpected cc 0x1003 length: 249 > 9
[   56.574004][ T5052] Bluetooth: hci2: unexpected cc 0x1003 length: 249 > 9
[   56.580482][ T5045] Bluetooth: hci5: unexpected cc 0x1003 length: 249 > 9
[   56.589132][ T5052] Bluetooth: hci4: unexpected cc 0x1003 length: 249 > 9
[   56.603548][ T5052] Bluetooth: hci7: unexpected cc 0x1003 length: 249 > 9
[   56.604375][ T5045] Bluetooth: hci6: unexpected cc 0x1003 length: 249 > 9
[   56.611250][ T5052] Bluetooth: hci3: unexpected cc 0x1001 length: 249 > 9
[   56.618525][ T5045] Bluetooth: hci2: unexpected cc 0x1001 length: 249 > 9
[   56.625191][ T5052] Bluetooth: hci4: unexpected cc 0x1001 length: 249 > 9
[   56.632327][ T5045] Bluetooth: hci5: unexpected cc 0x1001 length: 249 > 9
[   56.639022][ T5052] Bluetooth: hci1: unexpected cc 0x0c23 length: 249 > 4
[   56.646766][ T5045] Bluetooth: hci7: unexpected cc 0x1001 length: 249 > 9
[   56.653489][ T5052] Bluetooth: hci6: unexpected cc 0x1001 length: 249 > 9
[   56.662161][ T5045] Bluetooth: hci1: unexpected cc 0x0c25 length: 249 > 3
[   56.667520][ T5052] Bluetooth: hci2: unexpected cc 0x0c23 length: 249 > 4
[   56.675634][ T5045] Bluetooth: hci3: unexpected cc 0x0c23 length: 249 > 4
[   56.681361][ T5052] Bluetooth: hci4: unexpected cc 0x0c23 length: 249 > 4
[   56.688569][ T5045] Bluetooth: hci1: unexpected cc 0x0c38 length: 249 > 2
[   56.696721][ T5052] Bluetooth: hci6: unexpected cc 0x0c23 length: 249 > 4
[   56.702709][ T5045] Bluetooth: hci5: unexpected cc 0x0c23 length: 249 > 4
[   56.710157][ T5052] Bluetooth: hci6: unexpected cc 0x0c25 length: 249 > 3
[   56.716562][ T5045] Bluetooth: hci3: unexpected cc 0x0c25 length: 249 > 3
[   56.723162][ T5052] Bluetooth: hci4: unexpected cc 0x0c25 length: 249 > 3
[   56.737911][ T5052] Bluetooth: hci7: unexpected cc 0x0c23 length: 249 > 4
[   56.738003][ T5045] Bluetooth: hci2: unexpected cc 0x0c25 length: 249 > 3
[   56.746326][ T5052] Bluetooth: hci0: unexpected cc 0x0c23 length: 249 > 4
[   56.753312][   T49] Bluetooth: hci6: unexpected cc 0x0c38 length: 249 > 2
[   56.760354][ T5052] Bluetooth: hci4: unexpected cc 0x0c38 length: 249 > 2
[   56.766373][   T49] Bluetooth: hci3: unexpected cc 0x0c38 length: 249 > 2
[   56.774433][ T5052] Bluetooth: hci7: unexpected cc 0x0c25 length: 249 > 3
[   56.781614][   T49] Bluetooth: hci2: unexpected cc 0x0c38 length: 249 > 2
[   56.789334][ T5051] Bluetooth: hci7: unexpected cc 0x0c38 length: 249 > 2
[   56.796365][   T49] Bluetooth: hci5: unexpected cc 0x0c25 length: 249 > 3
[   56.843917][ T5045] Bluetooth: hci5: unexpected cc 0x0c38 length: 249 > 2
[   56.876618][ T5045] Bluetooth: hci0: unexpected cc 0x0c25 length: 249 > 3
[   56.884255][ T5054] Bluetooth: hci0: unexpected cc 0x0c38 length: 249 > 2
[   57.463712][ T5037] chnl_net:caif_netlink_parms(): no params data found
[   57.544980][ T5034] chnl_net:caif_netlink_parms(): no params data found
[   57.573255][ T5035] chnl_net:caif_netlink_parms(): no params data found
[   57.608743][ T5039] chnl_net:caif_netlink_parms(): no params data found
[   57.657753][ T5040] chnl_net:caif_netlink_parms(): no params data found
[   57.678419][ T5028] chnl_net:caif_netlink_parms(): no params data found
[   57.722378][ T5043] chnl_net:caif_netlink_parms(): no params data found
[   57.790189][ T5027] chnl_net:caif_netlink_parms(): no params data found
[   57.832841][ T5037] bridge0: port 1(bridge_slave_0) entered blocking state
[   57.841599][ T5037] bridge0: port 1(bridge_slave_0) entered disabled state
[   57.853722][ T5037] bridge_slave_0: entered allmulticast mode
[   57.860798][ T5037] bridge_slave_0: entered promiscuous mode
[   57.877727][ T5037] bridge0: port 2(bridge_slave_1) entered blocking state
[   57.889749][ T5037] bridge0: port 2(bridge_slave_1) entered disabled state
[   57.897447][ T5037] bridge_slave_1: entered allmulticast mode
[   57.904326][ T5037] bridge_slave_1: entered promiscuous mode
[   58.014968][ T5037] bond0: (slave bond_slave_0): Enslaving as an active interface with an up link
[   58.078322][ T5037] bond0: (slave bond_slave_1): Enslaving as an active interface with an up link
[   58.112326][ T5039] bridge0: port 1(bridge_slave_0) entered blocking state
[   58.156207][ T5039] bridge0: port 1(bridge_slave_0) entered disabled state
[   58.163418][ T5039] bridge_slave_0: entered allmulticast mode
[   58.170732][ T5039] bridge_slave_0: entered promiscuous mode
[   58.178454][ T5035] bridge0: port 1(bridge_slave_0) entered blocking state
[   58.186027][ T5035] bridge0: port 1(bridge_slave_0) entered disabled state
[   58.193361][ T5035] bridge_slave_0: entered allmulticast mode
[   58.200292][ T5035] bridge_slave_0: entered promiscuous mode
[   58.237874][ T5028] bridge0: port 1(bridge_slave_0) entered blocking state
[   58.247390][ T5028] bridge0: port 1(bridge_slave_0) entered disabled state
[   58.254684][ T5028] bridge_slave_0: entered allmulticast mode
[   58.262843][ T5028] bridge_slave_0: entered promiscuous mode
[   58.270562][ T5034] bridge0: port 1(bridge_slave_0) entered blocking state
[   58.277910][ T5034] bridge0: port 1(bridge_slave_0) entered disabled state
[   58.285825][ T5034] bridge_slave_0: entered allmulticast mode
[   58.292450][ T5034] bridge_slave_0: entered promiscuous mode
[   58.300375][ T5039] bridge0: port 2(bridge_slave_1) entered blocking state
[   58.307841][ T5039] bridge0: port 2(bridge_slave_1) entered disabled state
[   58.315438][ T5039] bridge_slave_1: entered allmulticast mode
[   58.322793][ T5039] bridge_slave_1: entered promiscuous mode
[   58.331263][ T5035] bridge0: port 2(bridge_slave_1) entered blocking state
[   58.340210][ T5035] bridge0: port 2(bridge_slave_1) entered disabled state
[   58.347800][ T5035] bridge_slave_1: entered allmulticast mode
[   58.356047][ T5035] bridge_slave_1: entered promiscuous mode
[   58.362983][ T5040] bridge0: port 1(bridge_slave_0) entered blocking state
[   58.370592][ T5040] bridge0: port 1(bridge_slave_0) entered disabled state
[   58.378369][ T5040] bridge_slave_0: entered allmulticast mode
[   58.385763][ T5040] bridge_slave_0: entered promiscuous mode
[   58.414462][ T5028] bridge0: port 2(bridge_slave_1) entered blocking state
[   58.421683][ T5028] bridge0: port 2(bridge_slave_1) entered disabled state
[   58.429089][ T5028] bridge_slave_1: entered allmulticast mode
[   58.436120][ T5028] bridge_slave_1: entered promiscuous mode
[   58.442661][ T5034] bridge0: port 2(bridge_slave_1) entered blocking state
[   58.449844][ T5034] bridge0: port 2(bridge_slave_1) entered disabled state
[   58.457303][ T5034] bridge_slave_1: entered allmulticast mode
[   58.464062][ T5034] bridge_slave_1: entered promiscuous mode
[   58.490990][ T5040] bridge0: port 2(bridge_slave_1) entered blocking state
[   58.498453][ T5040] bridge0: port 2(bridge_slave_1) entered disabled state
[   58.506156][ T5040] bridge_slave_1: entered allmulticast mode
[   58.512686][ T5040] bridge_slave_1: entered promiscuous mode
[   58.519873][ T5043] bridge0: port 1(bridge_slave_0) entered blocking state
[   58.528109][ T5043] bridge0: port 1(bridge_slave_0) entered disabled state
[   58.536202][ T5043] bridge_slave_0: entered allmulticast mode
[   58.542803][ T5043] bridge_slave_0: entered promiscuous mode
[   58.561801][ T5037] team0: Port device team_slave_0 added
[   58.615267][ T5043] bridge0: port 2(bridge_slave_1) entered blocking state
[   58.622450][ T5043] bridge0: port 2(bridge_slave_1) entered disabled state
[   58.630570][ T5043] bridge_slave_1: entered allmulticast mode
[   58.637598][ T5043] bridge_slave_1: entered promiscuous mode
[   58.662229][ T5037] team0: Port device team_slave_1 added
[   58.670978][ T5034] bond0: (slave bond_slave_0): Enslaving as an active interface with an up link
[   58.683754][ T5039] bond0: (slave bond_slave_0): Enslaving as an active interface with an up link
[   58.696770][ T5035] bond0: (slave bond_slave_0): Enslaving as an active interface with an up link
[   58.717963][ T5027] bridge0: port 1(bridge_slave_0) entered blocking state
[   58.737511][ T5027] bridge0: port 1(bridge_slave_0) entered disabled state
[   58.744997][ T5027] bridge_slave_0: entered allmulticast mode
[   58.752362][ T5027] bridge_slave_0: entered promiscuous mode
[   58.760772][ T5028] bond0: (slave bond_slave_0): Enslaving as an active interface with an up link
[   58.782855][ T5034] bond0: (slave bond_slave_1): Enslaving as an active interface with an up link
[   58.794889][ T5039] bond0: (slave bond_slave_1): Enslaving as an active interface with an up link
[   58.806114][ T5035] bond0: (slave bond_slave_1): Enslaving as an active interface with an up link
[   58.827191][ T5040] bond0: (slave bond_slave_0): Enslaving as an active interface with an up link
[   58.837409][ T5027] bridge0: port 2(bridge_slave_1) entered blocking state
[   58.844581][ T5027] bridge0: port 2(bridge_slave_1) entered disabled state
[   58.852617][ T5027] bridge_slave_1: entered allmulticast mode
[   58.859771][ T5027] bridge_slave_1: entered promiscuous mode
[   58.868243][ T5028] bond0: (slave bond_slave_1): Enslaving as an active interface with an up link
[   58.885859][ T4413] Bluetooth: hci5: command 0x0409 tx timeout
[   58.891521][ T5054] Bluetooth: hci7: command 0x0409 tx timeout
[   58.892686][ T5045] Bluetooth: hci1: command 0x0409 tx timeout
[   58.898560][ T5053] Bluetooth: hci2: command 0x0409 tx timeout
[   58.904995][ T4413] Bluetooth: hci6: command 0x0409 tx timeout
[   58.912453][ T5046] Bluetooth: hci4: command 0x0409 tx timeout
[   58.921571][ T5054] Bluetooth: hci3: command 0x0409 tx timeout
[   58.962198][ T5043] bond0: (slave bond_slave_0): Enslaving as an active interface with an up link
[   58.975103][ T5054] Bluetooth: hci0: command 0x0409 tx timeout
[   58.985654][ T5040] bond0: (slave bond_slave_1): Enslaving as an active interface with an up link
[   59.011123][ T5037] batman_adv: batadv0: Adding interface: batadv_slave_0
[   59.022188][ T5037] batman_adv: batadv0: The MTU of interface batadv_slave_0 is too small (1500) to handle the transport of batman-adv packets. Packets going over this interface will be fragmented on layer2 which could impact the performance. Setting the MTU to 1560 would solve the problem.
[   59.057077][ T5037] batman_adv: batadv0: Not using interface batadv_slave_0 (retrying later): interface not active
[   59.106768][ T5043] bond0: (slave bond_slave_1): Enslaving as an active interface with an up link
[   59.135145][ T5037] batman_adv: batadv0: Adding interface: batadv_slave_1
[   59.142748][ T5037] batman_adv: batadv0: The MTU of interface batadv_slave_1 is too small (1500) to handle the transport of batman-adv packets. Packets going over this interface will be fragmented on layer2 which could impact the performance. Setting the MTU to 1560 would solve the problem.
[   59.170071][ T5037] batman_adv: batadv0: Not using interface batadv_slave_1 (retrying later): interface not active
[   59.184695][ T5034] team0: Port device team_slave_0 added
[   59.193501][ T5039] team0: Port device team_slave_0 added
[   59.202907][ T5035] team0: Port device team_slave_0 added
[   59.229429][ T5027] bond0: (slave bond_slave_0): Enslaving as an active interface with an up link
[   59.241552][ T5028] team0: Port device team_slave_0 added
[   59.253818][ T5034] team0: Port device team_slave_1 added
[   59.260619][ T5039] team0: Port device team_slave_1 added
[   59.269414][ T5035] team0: Port device team_slave_1 added
[   59.278068][ T5040] team0: Port device team_slave_0 added
[   59.295566][ T5027] bond0: (slave bond_slave_1): Enslaving as an active interface with an up link
[   59.306794][ T5028] team0: Port device team_slave_1 added
[   59.361096][ T5040] team0: Port device team_slave_1 added
[   59.373412][ T5043] team0: Port device team_slave_0 added
[   59.440538][ T5043] team0: Port device team_slave_1 added
[   59.453962][ T5028] batman_adv: batadv0: Adding interface: batadv_slave_0
[   59.463209][ T5028] batman_adv: batadv0: The MTU of interface batadv_slave_0 is too small (1500) to handle the transport of batman-adv packets. Packets going over this interface will be fragmented on layer2 which could impact the performance. Setting the MTU to 1560 would solve the problem.
[   59.489606][ T5028] batman_adv: batadv0: Not using interface batadv_slave_0 (retrying later): interface not active
[   59.505057][ T5037] hsr_slave_0: entered promiscuous mode
[   59.512812][ T5037] hsr_slave_1: entered promiscuous mode
[   59.520058][ T5034] batman_adv: batadv0: Adding interface: batadv_slave_0
[   59.527191][ T5034] batman_adv: batadv0: The MTU of interface batadv_slave_0 is too small (1500) to handle the transport of batman-adv packets. Packets going over this interface will be fragmented on layer2 which could impact the performance. Setting the MTU to 1560 would solve the problem.
[   59.553351][ T5034] batman_adv: batadv0: Not using interface batadv_slave_0 (retrying later): interface not active
[   59.565716][ T5039] batman_adv: batadv0: Adding interface: batadv_slave_0
[   59.572702][ T5039] batman_adv: batadv0: The MTU of interface batadv_slave_0 is too small (1500) to handle the transport of batman-adv packets. Packets going over this interface will be fragmented on layer2 which could impact the performance. Setting the MTU to 1560 would solve the problem.
[   59.598902][ T5039] batman_adv: batadv0: Not using interface batadv_slave_0 (retrying later): interface not active
[   59.621396][ T5035] batman_adv: batadv0: Adding interface: batadv_slave_0
[   59.628729][ T5035] batman_adv: batadv0: The MTU of interface batadv_slave_0 is too small (1500) to handle the transport of batman-adv packets. Packets going over this interface will be fragmented on layer2 which could impact the performance. Setting the MTU to 1560 would solve the problem.
[   59.655217][ T5035] batman_adv: batadv0: Not using interface batadv_slave_0 (retrying later): interface not active
[   59.669852][ T5027] team0: Port device team_slave_0 added
[   59.687177][ T5028] batman_adv: batadv0: Adding interface: batadv_slave_1
[   59.694350][ T5028] batman_adv: batadv0: The MTU of interface batadv_slave_1 is too small (1500) to handle the transport of batman-adv packets. Packets going over this interface will be fragmented on layer2 which could impact the performance. Setting the MTU to 1560 would solve the problem.
[   59.720686][ T5028] batman_adv: batadv0: Not using interface batadv_slave_1 (retrying later): interface not active
[   59.749386][ T5034] batman_adv: batadv0: Adding interface: batadv_slave_1
[   59.756845][ T5034] batman_adv: batadv0: The MTU of interface batadv_slave_1 is too small (1500) to handle the transport of batman-adv packets. Packets going over this interface will be fragmented on layer2 which could impact the performance. Setting the MTU to 1560 would solve the problem.
[   59.783459][ T5034] batman_adv: batadv0: Not using interface batadv_slave_1 (retrying later): interface not active
[   59.795997][ T5039] batman_adv: batadv0: Adding interface: batadv_slave_1
[   59.802977][ T5039] batman_adv: batadv0: The MTU of interface batadv_slave_1 is too small (1500) to handle the transport of batman-adv packets. Packets going over this interface will be fragmented on layer2 which could impact the performance. Setting the MTU to 1560 would solve the problem.
[   59.830802][ T5039] batman_adv: batadv0: Not using interface batadv_slave_1 (retrying later): interface not active
[   59.846207][ T5040] batman_adv: batadv0: Adding interface: batadv_slave_0
[   59.853275][ T5040] batman_adv: batadv0: The MTU of interface batadv_slave_0 is too small (1500) to handle the transport of batman-adv packets. Packets going over this interface will be fragmented on layer2 which could impact the performance. Setting the MTU to 1560 would solve the problem.
[   59.879795][ T5040] batman_adv: batadv0: Not using interface batadv_slave_0 (retrying later): interface not active
[   59.891569][ T5035] batman_adv: batadv0: Adding interface: batadv_slave_1
[   59.898889][ T5035] batman_adv: batadv0: The MTU of interface batadv_slave_1 is too small (1500) to handle the transport of batman-adv packets. Packets going over this interface will be fragmented on layer2 which could impact the performance. Setting the MTU to 1560 would solve the problem.
[   59.925619][ T5035] batman_adv: batadv0: Not using interface batadv_slave_1 (retrying later): interface not active
[   59.938764][ T5027] team0: Port device team_slave_1 added
[   59.972845][ T5040] batman_adv: batadv0: Adding interface: batadv_slave_1
[   59.980029][ T5040] batman_adv: batadv0: The MTU of interface batadv_slave_1 is too small (1500) to handle the transport of batman-adv packets. Packets going over this interface will be fragmented on layer2 which could impact the performance. Setting the MTU to 1560 would solve the problem.
[   60.006731][ T5040] batman_adv: batadv0: Not using interface batadv_slave_1 (retrying later): interface not active
[   60.045150][ T5043] batman_adv: batadv0: Adding interface: batadv_slave_0
[   60.052142][ T5043] batman_adv: batadv0: The MTU of interface batadv_slave_0 is too small (1500) to handle the transport of batman-adv packets. Packets going over this interface will be fragmented on layer2 which could impact the performance. Setting the MTU to 1560 would solve the problem.
[   60.079048][ T5043] batman_adv: batadv0: Not using interface batadv_slave_0 (retrying later): interface not active
[   60.114384][ T5028] hsr_slave_0: entered promiscuous mode
[   60.121031][ T5028] hsr_slave_1: entered promiscuous mode
[   60.127509][ T5028] debugfs: Directory 'hsr0' with parent 'hsr' already present!
[   60.136090][ T5028] Cannot create hsr debugfs directory
[   60.164437][ T5043] batman_adv: batadv0: Adding interface: batadv_slave_1
[   60.172256][ T5043] batman_adv: batadv0: The MTU of interface batadv_slave_1 is too small (1500) to handle the transport of batman-adv packets. Packets going over this interface will be fragmented on layer2 which could impact the performance. Setting the MTU to 1560 would solve the problem.
[   60.198459][ T5043] batman_adv: batadv0: Not using interface batadv_slave_1 (retrying later): interface not active
[   60.254245][ T5027] batman_adv: batadv0: Adding interface: batadv_slave_0
[   60.261647][ T5027] batman_adv: batadv0: The MTU of interface batadv_slave_0 is too small (1500) to handle the transport of batman-adv packets. Packets going over this interface will be fragmented on layer2 which could impact the performance. Setting the MTU to 1560 would solve the problem.
[   60.288036][ T5027] batman_adv: batadv0: Not using interface batadv_slave_0 (retrying later): interface not active
[   60.343397][ T5039] hsr_slave_0: entered promiscuous mode
[   60.352194][ T5039] hsr_slave_1: entered promiscuous mode
[   60.358588][ T5039] debugfs: Directory 'hsr0' with parent 'hsr' already present!
[   60.367165][ T5039] Cannot create hsr debugfs directory
[   60.385921][ T5027] batman_adv: batadv0: Adding interface: batadv_slave_1
[   60.393174][ T5027] batman_adv: batadv0: The MTU of interface batadv_slave_1 is too small (1500) to handle the transport of batman-adv packets. Packets going over this interface will be fragmented on layer2 which could impact the performance. Setting the MTU to 1560 would solve the problem.
[   60.421564][ T5027] batman_adv: batadv0: Not using interface batadv_slave_1 (retrying later): interface not active
[   60.454314][ T5035] hsr_slave_0: entered promiscuous mode
[   60.468449][ T5035] hsr_slave_1: entered promiscuous mode
[   60.476340][ T5035] debugfs: Directory 'hsr0' with parent 'hsr' already present!
[   60.484649][ T5035] Cannot create hsr debugfs directory
[   60.507983][ T5040] hsr_slave_0: entered promiscuous mode
[   60.514293][ T5040] hsr_slave_1: entered promiscuous mode
[   60.520864][ T5040] debugfs: Directory 'hsr0' with parent 'hsr' already present!
[   60.528837][ T5040] Cannot create hsr debugfs directory
[   60.542257][ T5043] hsr_slave_0: entered promiscuous mode
[   60.550621][ T5043] hsr_slave_1: entered promiscuous mode
[   60.558183][ T5043] debugfs: Directory 'hsr0' with parent 'hsr' already present!
[   60.567240][ T5043] Cannot create hsr debugfs directory
[   60.580519][ T5034] hsr_slave_0: entered promiscuous mode
[   60.587351][ T5034] hsr_slave_1: entered promiscuous mode
[   60.593492][ T5034] debugfs: Directory 'hsr0' with parent 'hsr' already present!
[   60.602101][ T5034] Cannot create hsr debugfs directory
[   60.790560][ T5027] hsr_slave_0: entered promiscuous mode
[   60.800566][ T5027] hsr_slave_1: entered promiscuous mode
[   60.807557][ T5027] debugfs: Directory 'hsr0' with parent 'hsr' already present!
[   60.816212][ T5027] Cannot create hsr debugfs directory
[   60.965048][ T5054] Bluetooth: hci4: command 0x041b tx timeout
[   60.965662][ T4413] Bluetooth: hci2: command 0x041b tx timeout
[   60.972712][ T5045] Bluetooth: hci7: command 0x041b tx timeout
[   60.978356][ T5053] Bluetooth: hci5: command 0x041b tx timeout
[   60.978411][ T5053] Bluetooth: hci6: command 0x041b tx timeout
[   60.978439][ T5053] Bluetooth: hci3: command 0x041b tx timeout
[   60.978463][ T5053] Bluetooth: hci1: command 0x041b tx timeout
[   61.044994][ T5045] Bluetooth: hci0: command 0x041b tx timeout
[   61.206962][ T5037] netdevsim netdevsim3 netdevsim0: renamed from eth0
[   61.238508][ T5037] netdevsim netdevsim3 netdevsim1: renamed from eth1
[   61.252454][ T5037] netdevsim netdevsim3 netdevsim2: renamed from eth2
[   61.309612][ T5037] netdevsim netdevsim3 netdevsim3: renamed from eth3
[   61.419718][ T5028] netdevsim netdevsim1 netdevsim0: renamed from eth0
[   61.430814][ T5028] netdevsim netdevsim1 netdevsim1: renamed from eth1
[   61.442255][ T5028] netdevsim netdevsim1 netdevsim2: renamed from eth2
[   61.482398][ T5028] netdevsim netdevsim1 netdevsim3: renamed from eth3
[   61.518388][ T5043] netdevsim netdevsim7 netdevsim0: renamed from eth0
[   61.555978][ T5043] netdevsim netdevsim7 netdevsim1: renamed from eth1
[   61.580278][ T5043] netdevsim netdevsim7 netdevsim2: renamed from eth2
[   61.603505][ T5043] netdevsim netdevsim7 netdevsim3: renamed from eth3
[   61.626823][ T5037] 8021q: adding VLAN 0 to HW filter on device bond0
[   61.650776][ T5039] netdevsim netdevsim0 netdevsim0: renamed from eth0
[   61.662994][ T5039] netdevsim netdevsim0 netdevsim1: renamed from eth1
[   61.677804][ T5039] netdevsim netdevsim0 netdevsim2: renamed from eth2
[   61.723989][ T5039] netdevsim netdevsim0 netdevsim3: renamed from eth3
[   61.803049][ T5037] 8021q: adding VLAN 0 to HW filter on device team0
[   61.813001][ T5040] netdevsim netdevsim2 netdevsim0: renamed from eth0
[   61.824468][ T5040] netdevsim netdevsim2 netdevsim1: renamed from eth1
[   61.835290][ T5040] netdevsim netdevsim2 netdevsim2: renamed from eth2
[   61.862244][ T5028] 8021q: adding VLAN 0 to HW filter on device bond0
[   61.886539][ T5040] netdevsim netdevsim2 netdevsim3: renamed from eth3
[   61.898859][ T4748] bridge0: port 1(bridge_slave_0) entered blocking state
[   61.907616][ T4748] bridge0: port 1(bridge_slave_0) entered forwarding state
[   61.919732][ T4748] bridge0: port 2(bridge_slave_1) entered blocking state
[   61.927001][ T4748] bridge0: port 2(bridge_slave_1) entered forwarding state
[   61.993889][ T5028] 8021q: adding VLAN 0 to HW filter on device team0
[   62.083908][ T4748] bridge0: port 1(bridge_slave_0) entered blocking state
[   62.091106][ T4748] bridge0: port 1(bridge_slave_0) entered forwarding state
[   62.104414][ T4748] bridge0: port 2(bridge_slave_1) entered blocking state
[   62.111822][ T4748] bridge0: port 2(bridge_slave_1) entered forwarding state
[   62.177252][ T5034] netdevsim netdevsim5 netdevsim0: renamed from eth0
[   62.190902][ T5034] netdevsim netdevsim5 netdevsim1: renamed from eth1
[   62.218066][ T5034] netdevsim netdevsim5 netdevsim2: renamed from eth2
[   62.230525][ T5043] 8021q: adding VLAN 0 to HW filter on device bond0
[   62.279852][ T5039] 8021q: adding VLAN 0 to HW filter on device bond0
[   62.308111][ T5034] netdevsim netdevsim5 netdevsim3: renamed from eth3
[   62.343160][ T5028] hsr0: Slave B (hsr_slave_1) is not up; please bring it up to get a fully working HSR network
[   62.393540][ T5039] 8021q: adding VLAN 0 to HW filter on device team0
[   62.430896][ T5043] 8021q: adding VLAN 0 to HW filter on device team0
[   62.464147][ T5040] 8021q: adding VLAN 0 to HW filter on device bond0
[   62.597315][ T5035] netdevsim netdevsim6 netdevsim0: renamed from eth0
[   62.610080][ T5035] netdevsim netdevsim6 netdevsim1: renamed from eth1
[   62.650182][    T7] bridge0: port 1(bridge_slave_0) entered blocking state
[   62.657481][    T7] bridge0: port 1(bridge_slave_0) entered forwarding state
[   62.675767][    T7] bridge0: port 1(bridge_slave_0) entered blocking state
[   62.683011][    T7] bridge0: port 1(bridge_slave_0) entered forwarding state
[   62.713331][    T7] bridge0: port 2(bridge_slave_1) entered blocking state
[   62.720499][    T7] bridge0: port 2(bridge_slave_1) entered forwarding state
[   62.746220][    T7] bridge0: port 2(bridge_slave_1) entered blocking state
[   62.753634][    T7] bridge0: port 2(bridge_slave_1) entered forwarding state
[   62.794400][ T5040] 8021q: adding VLAN 0 to HW filter on device team0
[   62.830241][ T5035] netdevsim netdevsim6 netdevsim2: renamed from eth2
[   62.854087][ T5035] netdevsim netdevsim6 netdevsim3: renamed from eth3
[   63.007280][ T5106] bridge0: port 1(bridge_slave_0) entered blocking state
[   63.014446][ T5106] bridge0: port 1(bridge_slave_0) entered forwarding state
[   63.028723][ T5106] bridge0: port 2(bridge_slave_1) entered blocking state
[   63.035914][ T5106] bridge0: port 2(bridge_slave_1) entered forwarding state
[   63.045049][ T5045] Bluetooth: hci7: command 0x040f tx timeout
[   63.045102][ T5054] Bluetooth: hci4: command 0x040f tx timeout
[   63.051318][ T5045] Bluetooth: hci2: command 0x040f tx timeout
[   63.057449][ T4413] Bluetooth: hci1: command 0x040f tx timeout
[   63.066552][ T5045] Bluetooth: hci3: command 0x040f tx timeout
[   63.071814][ T5046] Bluetooth: hci6: command 0x040f tx timeout
[   63.077061][ T5045] Bluetooth: hci5: command 0x040f tx timeout
[   63.112526][ T5043] hsr0: Slave B (hsr_slave_1) is not up; please bring it up to get a fully working HSR network
[   63.135075][ T5045] Bluetooth: hci0: command 0x040f tx timeout
[   63.161103][ T5037] 8021q: adding VLAN 0 to HW filter on device batadv0
[   63.256219][ T5027] netdevsim netdevsim4 netdevsim0: renamed from eth0
[   63.326682][ T5028] 8021q: adding VLAN 0 to HW filter on device batadv0
[   63.334106][ T5027] netdevsim netdevsim4 netdevsim1: renamed from eth1
[   63.411250][ T5027] netdevsim netdevsim4 netdevsim2: renamed from eth2
[   63.439860][ T5034] 8021q: adding VLAN 0 to HW filter on device bond0
[   63.481534][ T5027] netdevsim netdevsim4 netdevsim3: renamed from eth3
[   63.594484][ T5034] 8021q: adding VLAN 0 to HW filter on device team0
[   63.631029][ T5028] veth0_vlan: entered promiscuous mode
[   63.649104][ T5037] veth0_vlan: entered promiscuous mode
[   63.712776][ T5035] 8021q: adding VLAN 0 to HW filter on device bond0
[   63.736238][ T5037] veth1_vlan: entered promiscuous mode
[   63.767685][ T5039] 8021q: adding VLAN 0 to HW filter on device batadv0
[   63.802339][ T5028] veth1_vlan: entered promiscuous mode
[   63.827252][ T5106] bridge0: port 1(bridge_slave_0) entered blocking state
[   63.834408][ T5106] bridge0: port 1(bridge_slave_0) entered forwarding state
[   63.848425][ T5106] bridge0: port 2(bridge_slave_1) entered blocking state
[   63.855615][ T5106] bridge0: port 2(bridge_slave_1) entered forwarding state
[   63.879934][ T5043] 8021q: adding VLAN 0 to HW filter on device batadv0
[   63.908298][ T5035] 8021q: adding VLAN 0 to HW filter on device team0
[   64.001593][ T5040] 8021q: adding VLAN 0 to HW filter on device batadv0
[   64.038036][ T5106] bridge0: port 1(bridge_slave_0) entered blocking state
[   64.045748][ T5106] bridge0: port 1(bridge_slave_0) entered forwarding state
[   64.056020][ T5106] bridge0: port 2(bridge_slave_1) entered blocking state
[   64.063137][ T5106] bridge0: port 2(bridge_slave_1) entered forwarding state
[   64.085487][ T5037] veth0_macvtap: entered promiscuous mode
[   64.113400][ T5028] veth0_macvtap: entered promiscuous mode
[   64.154093][ T5027] 8021q: adding VLAN 0 to HW filter on device bond0
[   64.182500][ T5037] veth1_macvtap: entered promiscuous mode
[   64.199749][ T5034] hsr0: Slave B (hsr_slave_1) is not up; please bring it up to get a fully working HSR network
[   64.222032][ T5035] hsr0: Slave A (hsr_slave_0) is not up; please bring it up to get a fully working HSR network
[   64.239150][ T5035] hsr0: Slave B (hsr_slave_1) is not up; please bring it up to get a fully working HSR network
[   64.258594][ T5028] veth1_macvtap: entered promiscuous mode
[   64.306607][ T5039] veth0_vlan: entered promiscuous mode
[   64.323528][ T5027] 8021q: adding VLAN 0 to HW filter on device team0
[   64.370423][ T5037] batman_adv: batadv0: Interface activated: batadv_slave_0
[   64.419562][ T5039] veth1_vlan: entered promiscuous mode
[   64.460028][ T5028] batman_adv: The newly added mac address (aa:aa:aa:aa:aa:3e) already exists on: batadv_slave_0
[   64.481816][ T5028] batman_adv: It is strongly recommended to keep mac addresses unique to avoid problems!
[   64.508695][ T5028] batman_adv: batadv0: Interface activated: batadv_slave_0
[   64.521725][ T5037] batman_adv: batadv0: Interface activated: batadv_slave_1
[   64.576133][ T5133] bridge0: port 1(bridge_slave_0) entered blocking state
[   64.583279][ T5133] bridge0: port 1(bridge_slave_0) entered forwarding state
[   64.594658][ T5133] bridge0: port 2(bridge_slave_1) entered blocking state
[   64.602041][ T5133] bridge0: port 2(bridge_slave_1) entered forwarding state
[   64.615821][ T5028] batman_adv: The newly added mac address (aa:aa:aa:aa:aa:3f) already exists on: batadv_slave_1
[   64.629587][ T5028] batman_adv: It is strongly recommended to keep mac addresses unique to avoid problems!
[   64.642211][ T5028] batman_adv: batadv0: Interface activated: batadv_slave_1
[   64.657646][ T5037] netdevsim netdevsim3 netdevsim0: set [1, 0] type 2 family 0 port 6081 - 0
[   64.668450][ T5037] netdevsim netdevsim3 netdevsim1: set [1, 0] type 2 family 0 port 6081 - 0
[   64.678374][ T5037] netdevsim netdevsim3 netdevsim2: set [1, 0] type 2 family 0 port 6081 - 0
[   64.687537][ T5037] netdevsim netdevsim3 netdevsim3: set [1, 0] type 2 family 0 port 6081 - 0
[   64.710478][ T5040] veth0_vlan: entered promiscuous mode
[   64.730936][ T5028] netdevsim netdevsim1 netdevsim0: set [1, 0] type 2 family 0 port 6081 - 0
[   64.766954][ T5028] netdevsim netdevsim1 netdevsim1: set [1, 0] type 2 family 0 port 6081 - 0
[   64.780306][ T5028] netdevsim netdevsim1 netdevsim2: set [1, 0] type 2 family 0 port 6081 - 0
[   64.800976][ T5028] netdevsim netdevsim1 netdevsim3: set [1, 0] type 2 family 0 port 6081 - 0
[   64.841602][ T5027] hsr0: Slave A (hsr_slave_0) is not up; please bring it up to get a fully working HSR network
[   64.853477][ T5027] hsr0: Slave B (hsr_slave_1) is not up; please bring it up to get a fully working HSR network
[   64.898664][ T5043] veth0_vlan: entered promiscuous mode
[   64.913951][ T5039] veth0_macvtap: entered promiscuous mode
[   64.932628][ T5039] veth1_macvtap: entered promiscuous mode
[   64.961715][ T5043] veth1_vlan: entered promiscuous mode
[   64.987070][ T5040] veth1_vlan: entered promiscuous mode
[   65.012482][ T5035] 8021q: adding VLAN 0 to HW filter on device batadv0
[   65.043696][ T5039] batman_adv: The newly added mac address (aa:aa:aa:aa:aa:3e) already exists on: batadv_slave_0
[   65.077179][ T5039] batman_adv: It is strongly recommended to keep mac addresses unique to avoid problems!
[   65.094261][ T5039] batman_adv: The newly added mac address (aa:aa:aa:aa:aa:3e) already exists on: batadv_slave_0
[   65.117971][ T5039] batman_adv: It is strongly recommended to keep mac addresses unique to avoid problems!
[   65.128247][ T5045] Bluetooth: hci1: command 0x0419 tx timeout
[   65.128282][ T5045] Bluetooth: hci4: command 0x0419 tx timeout
[   65.128306][ T5045] Bluetooth: hci6: command 0x0419 tx timeout
[   65.128326][ T5045] Bluetooth: hci3: command 0x0419 tx timeout
[   65.128347][ T5045] Bluetooth: hci2: command 0x0419 tx timeout
[   65.128379][ T5045] Bluetooth: hci7: command 0x0419 tx timeout
[   65.135144][ T5045] Bluetooth: hci5: command 0x0419 tx timeout
[   65.153499][ T5039] batman_adv: batadv0: Interface activated: batadv_slave_0
[   65.205390][ T4413] Bluetooth: hci0: command 0x0419 tx timeout
[   65.253260][ T5039] batman_adv: The newly added mac address (aa:aa:aa:aa:aa:3f) already exists on: batadv_slave_1
[   65.273643][ T5039] batman_adv: It is strongly recommended to keep mac addresses unique to avoid problems!
[   65.302819][ T5039] batman_adv: The newly added mac address (aa:aa:aa:aa:aa:3f) already exists on: batadv_slave_1
[   65.325300][ T5039] batman_adv: It is strongly recommended to keep mac addresses unique to avoid problems!
[   65.342816][ T5039] batman_adv: batadv0: Interface activated: batadv_slave_1
[   65.420279][ T5034] 8021q: adding VLAN 0 to HW filter on device batadv0
[   65.457370][ T5039] netdevsim netdevsim0 netdevsim0: set [1, 0] type 2 family 0 port 6081 - 0
[   65.475078][ T5039] netdevsim netdevsim0 netdevsim1: set [1, 0] type 2 family 0 port 6081 - 0
[   65.490346][ T5039] netdevsim netdevsim0 netdevsim2: set [1, 0] type 2 family 0 port 6081 - 0
[   65.514862][ T5039] netdevsim netdevsim0 netdevsim3: set [1, 0] type 2 family 0 port 6081 - 0
[   65.567865][ T5040] veth0_macvtap: entered promiscuous mode
[   65.581279][ T5043] veth0_macvtap: entered promiscuous mode
[   65.638028][ T5040] veth1_macvtap: entered promiscuous mode
[   65.665932][ T5110] wlan0: Created IBSS using preconfigured BSSID 50:50:50:50:50:50
[   65.681555][ T5110] wlan0: Creating new IBSS network, BSSID 50:50:50:50:50:50
[   65.705595][ T5043] veth1_macvtap: entered promiscuous mode
[   65.727238][ T5027] 8021q: adding VLAN 0 to HW filter on device batadv0
[   65.795001][ T4748] wlan0: Created IBSS using preconfigured BSSID 50:50:50:50:50:50
[   65.804678][ T4748] wlan0: Creating new IBSS network, BSSID 50:50:50:50:50:50
[   65.829920][ T5040] batman_adv: The newly added mac address (aa:aa:aa:aa:aa:3e) already exists on: batadv_slave_0
[   65.855153][ T5040] batman_adv: It is strongly recommended to keep mac addresses unique to avoid problems!
[   65.872305][ T5040] batman_adv: The newly added mac address (aa:aa:aa:aa:aa:3e) already exists on: batadv_slave_0
[   65.888285][ T5040] batman_adv: It is strongly recommended to keep mac addresses unique to avoid problems!
[   65.901639][ T5040] batman_adv: The newly added mac address (aa:aa:aa:aa:aa:3e) already exists on: batadv_slave_0
[   65.914365][ T5040] batman_adv: It is strongly recommended to keep mac addresses unique to avoid problems!
[   65.950651][ T5040] batman_adv: batadv0: Interface activated: batadv_slave_0
[   65.964605][ T5040] batman_adv: The newly added mac address (aa:aa:aa:aa:aa:3f) already exists on: batadv_slave_1
[   65.979995][ T5040] batman_adv: It is strongly recommended to keep mac addresses unique to avoid problems!
[   65.995596][ T5040] batman_adv: The newly added mac address (aa:aa:aa:aa:aa:3f) already exists on: batadv_slave_1
[   66.014105][ T5040] batman_adv: It is strongly recommended to keep mac addresses unique to avoid problems!
[   66.027140][ T5040] batman_adv: The newly added mac address (aa:aa:aa:aa:aa:3f) already exists on: batadv_slave_1
[   66.041819][ T5040] batman_adv: It is strongly recommended to keep mac addresses unique to avoid problems!
[   66.056549][ T5040] batman_adv: batadv0: Interface activated: batadv_slave_1
[   66.083945][ T5043] batman_adv: The newly added mac address (aa:aa:aa:aa:aa:3e) already exists on: batadv_slave_0
[   66.103286][ T5043] batman_adv: It is strongly recommended to keep mac addresses unique to avoid problems!
[   66.132154][ T5043] batman_adv: The newly added mac address (aa:aa:aa:aa:aa:3e) already exists on: batadv_slave_0
[   66.155816][ T5043] batman_adv: It is strongly recommended to keep mac addresses unique to avoid problems!
[   66.194793][ T5043] batman_adv: The newly added mac address (aa:aa:aa:aa:aa:3e) already exists on: batadv_slave_0
[   66.217438][ T5043] batman_adv: It is strongly recommended to keep mac addresses unique to avoid problems!
[   66.234377][ T5043] batman_adv: The newly added mac address (aa:aa:aa:aa:aa:3e) already exists on: batadv_slave_0
[   66.250864][ T5043] batman_adv: It is strongly recommended to keep mac addresses unique to avoid problems!
[   66.266317][ T5043] batman_adv: batadv0: Interface activated: batadv_slave_0
[   66.318129][ T5105] wlan1: Created IBSS using preconfigured BSSID 50:50:50:50:50:50
[   66.335494][ T5040] netdevsim netdevsim2 netdevsim0: set [1, 0] type 2 family 0 port 6081 - 0
[   66.354975][ T5040] netdevsim netdevsim2 netdevsim1: set [1, 0] type 2 family 0 port 6081 - 0
[   66.355225][ T5105] wlan1: Creating new IBSS network, BSSID 50:50:50:50:50:50
[   66.376785][ T5040] netdevsim netdevsim2 netdevsim2: set [1, 0] type 2 family 0 port 6081 - 0
[   66.396629][ T5040] netdevsim netdevsim2 netdevsim3: set [1, 0] type 2 family 0 port 6081 - 0
[   66.426830][ T5043] batman_adv: The newly added mac address (aa:aa:aa:aa:aa:3f) already exists on: batadv_slave_1
[   66.444391][ T5043] batman_adv: It is strongly recommended to keep mac addresses unique to avoid problems!
[   66.459909][ T5043] batman_adv: The newly added mac address (aa:aa:aa:aa:aa:3f) already exists on: batadv_slave_1
[   66.482068][ T5043] batman_adv: It is strongly recommended to keep mac addresses unique to avoid problems!
[   66.494169][ T5043] batman_adv: The newly added mac address (aa:aa:aa:aa:aa:3f) already exists on: batadv_slave_1
[   66.506438][ T5043] batman_adv: It is strongly recommended to keep mac addresses unique to avoid problems!
[   66.518458][ T5043] batman_adv: The newly added mac address (aa:aa:aa:aa:aa:3f) already exists on: batadv_slave_1
[   66.530235][ T5043] batman_adv: It is strongly recommended to keep mac addresses unique to avoid problems!
[   66.542390][ T5043] batman_adv: batadv0: Interface activated: batadv_slave_1
[   66.561143][ T5043] netdevsim netdevsim7 netdevsim0: set [1, 0] type 2 family 0 port 6081 - 0
[   66.573489][ T5043] netdevsim netdevsim7 netdevsim1: set [1, 0] type 2 family 0 port 6081 - 0
[   66.590108][ T5043] netdevsim netdevsim7 netdevsim2: set [1, 0] type 2 family 0 port 6081 - 0
[   66.599676][ T5043] netdevsim netdevsim7 netdevsim3: set [1, 0] type 2 family 0 port 6081 - 0
[   66.624384][ T5029] wlan1: Created IBSS using preconfigured BSSID 50:50:50:50:50:50
[   66.645403][ T5029] wlan1: Creating new IBSS network, BSSID 50:50:50:50:50:50
[   66.657385][ T5035] veth0_vlan: entered promiscuous mode
2024/04/16 17:58:46 executed programs: 8
[   66.763693][ T5035] veth1_vlan: entered promiscuous mode
[   66.773867][ T4748] wlan0: Created IBSS using preconfigured BSSID 50:50:50:50:50:50
[   66.798860][ T4748] wlan0: Creating new IBSS network, BSSID 50:50:50:50:50:50
[   66.846771][ T5034] veth0_vlan: entered promiscuous mode
[   66.921246][ T5105] wlan0: Created IBSS using preconfigured BSSID 50:50:50:50:50:50
[   66.940365][ T5027] veth0_vlan: entered promiscuous mode
[   66.946407][ T5105] wlan0: Creating new IBSS network, BSSID 50:50:50:50:50:50
[   66.980864][ T5034] veth1_vlan: entered promiscuous mode
[   67.044625][ T5027] veth1_vlan: entered promiscuous mode
[   67.100913][ T5029] wlan1: Created IBSS using preconfigured BSSID 50:50:50:50:50:50
[   67.172731][ T5035] veth0_macvtap: entered promiscuous mode
[   67.175509][ T5029] wlan1: Creating new IBSS network, BSSID 50:50:50:50:50:50
[   67.212145][ T5035] veth1_macvtap: entered promiscuous mode
[   67.322346][ T5034] veth0_macvtap: entered promiscuous mode
[   67.395313][ T5106] wlan1: Created IBSS using preconfigured BSSID 50:50:50:50:50:50
[   67.400091][ T5034] veth1_macvtap: entered promiscuous mode
[   67.415624][ T5106] wlan1: Creating new IBSS network, BSSID 50:50:50:50:50:50
[   67.493439][ T5027] veth0_macvtap: entered promiscuous mode
[   67.509555][ T5035] batman_adv: The newly added mac address (aa:aa:aa:aa:aa:3e) already exists on: batadv_slave_0
[   67.526889][ T5035] batman_adv: It is strongly recommended to keep mac addresses unique to avoid problems!
[   67.539618][ T5035] batman_adv: The newly added mac address (aa:aa:aa:aa:aa:3e) already exists on: batadv_slave_0
[   67.553264][ T5035] batman_adv: It is strongly recommended to keep mac addresses unique to avoid problems!
[   67.569686][ T5035] batman_adv: The newly added mac address (aa:aa:aa:aa:aa:3e) already exists on: batadv_slave_0
[   67.585671][ T5035] batman_adv: It is strongly recommended to keep mac addresses unique to avoid problems!
[   67.601249][ T5035] batman_adv: The newly added mac address (aa:aa:aa:aa:aa:3e) already exists on: batadv_slave_0
[   67.617713][ T5035] batman_adv: It is strongly recommended to keep mac addresses unique to avoid problems!
[   67.635855][ T5035] batman_adv: The newly added mac address (aa:aa:aa:aa:aa:3e) already exists on: batadv_slave_0
[   67.649392][ T5035] batman_adv: It is strongly recommended to keep mac addresses unique to avoid problems!
[   67.662932][ T5035] batman_adv: batadv0: Interface activated: batadv_slave_0
[   67.683313][ T5133] wlan0: Created IBSS using preconfigured BSSID 50:50:50:50:50:50
[   67.702356][ T5133] wlan0: Creating new IBSS network, BSSID 50:50:50:50:50:50
[   67.729369][ T5027] veth1_macvtap: entered promiscuous mode
[   67.746500][ T5035] batman_adv: The newly added mac address (aa:aa:aa:aa:aa:3f) already exists on: batadv_slave_1
[   67.764083][ T5035] batman_adv: It is strongly recommended to keep mac addresses unique to avoid problems!
[   67.778366][ T5035] batman_adv: The newly added mac address (aa:aa:aa:aa:aa:3f) already exists on: batadv_slave_1
[   67.790087][ T5035] batman_adv: It is strongly recommended to keep mac addresses unique to avoid problems!
[   67.802986][ T5035] batman_adv: The newly added mac address (aa:aa:aa:aa:aa:3f) already exists on: batadv_slave_1
[   67.817239][ T5035] batman_adv: It is strongly recommended to keep mac addresses unique to avoid problems!
[   67.833330][ T5035] batman_adv: The newly added mac address (aa:aa:aa:aa:aa:3f) already exists on: batadv_slave_1
[   67.865583][ T5035] batman_adv: It is strongly recommended to keep mac addresses unique to avoid problems!
[   67.883725][ T5035] batman_adv: The newly added mac address (aa:aa:aa:aa:aa:3f) already exists on: batadv_slave_1
[   67.897677][ T5035] batman_adv: It is strongly recommended to keep mac addresses unique to avoid problems!
[   67.912080][ T5035] batman_adv: batadv0: Interface activated: batadv_slave_1
[   67.952226][ T5034] batman_adv: The newly added mac address (aa:aa:aa:aa:aa:3e) already exists on: batadv_slave_0
[   67.972050][ T5034] batman_adv: It is strongly recommended to keep mac addresses unique to avoid problems!
[   67.987021][ T5034] batman_adv: The newly added mac address (aa:aa:aa:aa:aa:3e) already exists on: batadv_slave_0
[   68.013582][ T5034] batman_adv: It is strongly recommended to keep mac addresses unique to avoid problems!
[   68.029110][ T5034] batman_adv: The newly added mac address (aa:aa:aa:aa:aa:3e) already exists on: batadv_slave_0
[   68.045561][ T5034] batman_adv: It is strongly recommended to keep mac addresses unique to avoid problems!
[   68.057583][ T5034] batman_adv: The newly added mac address (aa:aa:aa:aa:aa:3e) already exists on: batadv_slave_0
[   68.073901][ T5034] batman_adv: It is strongly recommended to keep mac addresses unique to avoid problems!
[   68.097770][ T5034] batman_adv: The newly added mac address (aa:aa:aa:aa:aa:3e) already exists on: batadv_slave_0
[   68.111971][ T5034] batman_adv: It is strongly recommended to keep mac addresses unique to avoid problems!
[   68.124157][ T5034] batman_adv: The newly added mac address (aa:aa:aa:aa:aa:3e) already exists on: batadv_slave_0
[   68.137841][ T5034] batman_adv: It is strongly recommended to keep mac addresses unique to avoid problems!
[   68.152262][ T5034] batman_adv: batadv0: Interface activated: batadv_slave_0
[   68.162873][ T5035] netdevsim netdevsim6 netdevsim0: set [1, 0] type 2 family 0 port 6081 - 0
[   68.176173][ T5035] netdevsim netdevsim6 netdevsim1: set [1, 0] type 2 family 0 port 6081 - 0
[   68.189084][ T5035] netdevsim netdevsim6 netdevsim2: set [1, 0] type 2 family 0 port 6081 - 0
[   68.207466][ T5035] netdevsim netdevsim6 netdevsim3: set [1, 0] type 2 family 0 port 6081 - 0
[   68.232046][ T5034] batman_adv: The newly added mac address (aa:aa:aa:aa:aa:3f) already exists on: batadv_slave_1
[   68.243678][ T5034] batman_adv: It is strongly recommended to keep mac addresses unique to avoid problems!
[   68.264068][ T5034] batman_adv: The newly added mac address (aa:aa:aa:aa:aa:3f) already exists on: batadv_slave_1
[   68.277147][ T5034] batman_adv: It is strongly recommended to keep mac addresses unique to avoid problems!
[   68.291010][ T5034] batman_adv: The newly added mac address (aa:aa:aa:aa:aa:3f) already exists on: batadv_slave_1
[   68.306251][ T5034] batman_adv: It is strongly recommended to keep mac addresses unique to avoid problems!
[   68.320923][ T5034] batman_adv: The newly added mac address (aa:aa:aa:aa:aa:3f) already exists on: batadv_slave_1
[   68.337720][ T5034] batman_adv: It is strongly recommended to keep mac addresses unique to avoid problems!
[   68.349513][ T5034] batman_adv: The newly added mac address (aa:aa:aa:aa:aa:3f) already exists on: batadv_slave_1
[   68.367935][ T5034] batman_adv: It is strongly recommended to keep mac addresses unique to avoid problems!
[   68.383701][ T5034] batman_adv: The newly added mac address (aa:aa:aa:aa:aa:3f) already exists on: batadv_slave_1
[   68.399352][ T5034] batman_adv: It is strongly recommended to keep mac addresses unique to avoid problems!
[   68.413955][ T5034] batman_adv: batadv0: Interface activated: batadv_slave_1
[   68.444287][ T5027] batman_adv: The newly added mac address (aa:aa:aa:aa:aa:3e) already exists on: batadv_slave_0
[   68.452461][ T5108] wlan1: Created IBSS using preconfigured BSSID 50:50:50:50:50:50
[   68.477064][ T5027] batman_adv: It is strongly recommended to keep mac addresses unique to avoid problems!
[   68.503300][ T5027] batman_adv: The newly added mac address (aa:aa:aa:aa:aa:3e) already exists on: batadv_slave_0
[   68.509705][ T5108] wlan1: Creating new IBSS network, BSSID 50:50:50:50:50:50
[   68.515928][ T5027] batman_adv: It is strongly recommended to keep mac addresses unique to avoid problems!
[   68.539214][ T5027] batman_adv: The newly added mac address (aa:aa:aa:aa:aa:3e) already exists on: batadv_slave_0
[   68.551178][ T5027] batman_adv: It is strongly recommended to keep mac addresses unique to avoid problems!
[   68.566143][ T5027] batman_adv: The newly added mac address (aa:aa:aa:aa:aa:3e) already exists on: batadv_slave_0
[   68.579159][ T5027] batman_adv: It is strongly recommended to keep mac addresses unique to avoid problems!
[   68.593808][ T5027] batman_adv: The newly added mac address (aa:aa:aa:aa:aa:3e) already exists on: batadv_slave_0
[   68.607585][ T5027] batman_adv: It is strongly recommended to keep mac addresses unique to avoid problems!
[   68.619553][ T5027] batman_adv: The newly added mac address (aa:aa:aa:aa:aa:3e) already exists on: batadv_slave_0
[   68.633069][ T5027] batman_adv: It is strongly recommended to keep mac addresses unique to avoid problems!
[   68.646339][ T5027] batman_adv: The newly added mac address (aa:aa:aa:aa:aa:3e) already exists on: batadv_slave_0
[   68.659944][ T5027] batman_adv: It is strongly recommended to keep mac addresses unique to avoid problems!
[   68.677315][ T5027] batman_adv: batadv0: Interface activated: batadv_slave_0
[   68.697699][ T5034] netdevsim netdevsim5 netdevsim0: set [1, 0] type 2 family 0 port 6081 - 0
[   68.712055][ T5034] netdevsim netdevsim5 netdevsim1: set [1, 0] type 2 family 0 port 6081 - 0
[   68.722277][ T5034] netdevsim netdevsim5 netdevsim2: set [1, 0] type 2 family 0 port 6081 - 0
[   68.736490][ T5034] netdevsim netdevsim5 netdevsim3: set [1, 0] type 2 family 0 port 6081 - 0
[   68.766546][ T5027] batman_adv: The newly added mac address (aa:aa:aa:aa:aa:3f) already exists on: batadv_slave_1
[   68.782701][ T5027] batman_adv: It is strongly recommended to keep mac addresses unique to avoid problems!
[   68.796904][ T5027] batman_adv: The newly added mac address (aa:aa:aa:aa:aa:3f) already exists on: batadv_slave_1
[   68.822258][ T5027] batman_adv: It is strongly recommended to keep mac addresses unique to avoid problems!
[   68.835873][ T5027] batman_adv: The newly added mac address (aa:aa:aa:aa:aa:3f) already exists on: batadv_slave_1
[   68.848313][ T5027] batman_adv: It is strongly recommended to keep mac addresses unique to avoid problems!
[   68.859574][ T5027] batman_adv: The newly added mac address (aa:aa:aa:aa:aa:3f) already exists on: batadv_slave_1
[   68.876524][ T5027] batman_adv: It is strongly recommended to keep mac addresses unique to avoid problems!
[   68.889748][ T5027] batman_adv: The newly added mac address (aa:aa:aa:aa:aa:3f) already exists on: batadv_slave_1
[   68.904427][ T5027] batman_adv: It is strongly recommended to keep mac addresses unique to avoid problems!
[   68.915272][ T5027] batman_adv: The newly added mac address (aa:aa:aa:aa:aa:3f) already exists on: batadv_slave_1
[   68.930364][ T5027] batman_adv: It is strongly recommended to keep mac addresses unique to avoid problems!
[   68.941875][ T5027] batman_adv: The newly added mac address (aa:aa:aa:aa:aa:3f) already exists on: batadv_slave_1
[   68.956892][ T5027] batman_adv: It is strongly recommended to keep mac addresses unique to avoid problems!
[   68.977030][ T5027] batman_adv: batadv0: Interface activated: batadv_slave_1
[   69.021128][ T5027] netdevsim netdevsim4 netdevsim0: set [1, 0] type 2 family 0 port 6081 - 0
[   69.044299][ T5027] netdevsim netdevsim4 netdevsim1: set [1, 0] type 2 family 0 port 6081 - 0
[   69.057469][ T5027] netdevsim netdevsim4 netdevsim2: set [1, 0] type 2 family 0 port 6081 - 0
[   69.068176][ T5027] netdevsim netdevsim4 netdevsim3: set [1, 0] type 2 family 0 port 6081 - 0
[   69.154483][ T5191] wlan0: Created IBSS using preconfigured BSSID 50:50:50:50:50:50
[   69.188532][ T5191] wlan0: Creating new IBSS network, BSSID 50:50:50:50:50:50
[   69.282871][    T7] wlan1: Created IBSS using preconfigured BSSID 50:50:50:50:50:50
[   69.305135][    T7] wlan1: Creating new IBSS network, BSSID 50:50:50:50:50:50
[   69.322225][    T9] wlan0: Created IBSS using preconfigured BSSID 50:50:50:50:50:50
[   69.340392][    T9] wlan0: Creating new IBSS network, BSSID 50:50:50:50:50:50
[   69.393625][   T26] wlan0: Created IBSS using preconfigured BSSID 50:50:50:50:50:50
[   69.396644][ T5179] wlan1: Created IBSS using preconfigured BSSID 50:50:50:50:50:50
[   69.427627][   T26] wlan0: Creating new IBSS network, BSSID 50:50:50:50:50:50
[   69.433445][ T5179] wlan1: Creating new IBSS network, BSSID 50:50:50:50:50:50
[   69.507986][ T2157] wlan1: Created IBSS using preconfigured BSSID 50:50:50:50:50:50
[   69.518783][ T2157] wlan1: Creating new IBSS network, BSSID 50:50:50:50:50:50
[   71.528022][ T1231] ieee802154 phy0 wpan0: encryption failed: -22
[   71.539349][ T1231] ieee802154 phy1 wpan1: encryption failed: -22
[   76.685574][  T916] cfg80211: failed to load regulatory.db
2024/04/16 17:59:42 executed programs: 24
[  122.857164][ T5256] ==================================================================
[  122.867977][ T5256] BUG: KASAN: vmalloc-out-of-bounds in __se_sys_finit_module+0x371/0x8d0
[  122.877019][ T5256] Read of size 8 at addr ffffc90004a3fd60 by task syz-executor.1/5256
[  122.891136][ T5256] 
[  122.893698][ T5256] CPU: 1 PID: 5256 Comm: syz-executor.1 Not tainted 6.4.0-syzkaller-11312-gb5641a5d8b8b #0
[  122.905194][ T5256] Hardware name: Google Google Compute Engine/Google Compute Engine, BIOS Google 03/27/2024
[  122.917190][ T5256] Call Trace:
[  122.924827][ T5256]  <TASK>
[  122.930553][ T5256]  dump_stack_lvl+0x1e7/0x2d0
[  122.940164][ T5256]  ? irq_work_queue+0xca/0x150
[  122.946338][ T5256]  ? nf_tcp_handle_invalid+0x650/0x650
[  122.954779][ T5256]  ? panic+0x770/0x770
[  122.962906][ T5256]  ? _printk+0xd5/0x120
[  122.968489][ T5256]  print_report+0x163/0x540
[  122.975710][ T5256]  ? lockdep_init_map_type+0xa1/0x8e0
[  122.984630][ T5256]  ? __virt_addr_valid+0xbd/0x2e0
[  122.990323][ T5256]  ? __se_sys_finit_module+0x371/0x8d0
[  123.001544][ T5256]  kasan_report+0x175/0x1b0
[  123.006139][ T5256]  ? __se_sys_finit_module+0x371/0x8d0
[  123.013962][ T5256]  __se_sys_finit_module+0x371/0x8d0
[  123.019496][ T5256]  ? __x64_sys_finit_module+0x80/0x80
[  123.027329][ T5256]  ? rcu_is_watching+0x15/0xb0
[  123.033872][ T5256]  ? restore_fpregs_from_fpstate+0x100/0x250
[  123.041193][ T5256]  ? syscall_enter_from_user_mode+0x32/0x230
[  123.048060][ T5256]  ? lockdep_hardirqs_on+0x98/0x140
[  123.055719][ T5256]  ? syscall_enter_from_user_mode+0x32/0x230
[  123.064950][ T5256]  do_syscall_64+0x41/0xc0
[  123.071507][ T5256]  entry_SYSCALL_64_after_hwframe+0x63/0xcd
[  123.080029][ T5256] RIP: 0033:0x7f669887cbe9
[  123.085854][ T5256] Code: 28 00 00 00 75 05 48 83 c4 28 c3 e8 e1 20 00 00 90 48 89 f8 48 89 f7 48 89 d6 48 89 ca 4d 89 c2 4d 89 c8 4c 8b 4c 24 08 0f 05 <48> 3d 01 f0 ff ff 73 01 c3 48 c7 c1 b0 ff ff ff f7 d8 64 89 01 48
[  123.112299][ T5256] RSP: 002b:00007f669950e0c8 EFLAGS: 00000246 ORIG_RAX: 0000000000000139
[  123.124599][ T5256] RAX: ffffffffffffffda RBX: 00007f669899bf80 RCX: 00007f669887cbe9
[  123.134679][ T5256] RDX: 0000000000000001 RSI: 0000000000000000 RDI: 0000000000000003
[  123.148456][ T5256] RBP: 00007f66988c847a R08: 0000000000000000 R09: 0000000000000000
[  123.161914][ T5256] R10: 0000000000000000 R11: 0000000000000246 R12: 0000000000000000
[  123.175427][ T5256] R13: 000000000000000b R14: 00007f669899bf80 R15: 00007fff6e021188
[  123.185350][ T5256]  </TASK>
[  123.188809][ T5256] 
[  123.196419][ T5256] Memory state around the buggy address:
[  123.207706][ T5256]  ffffc90004a3fc00: f8 f8 f8 f8 f8 f8 f8 f8 f8 f8 f8 f8 f8 f8 f8 f8
[  123.219402][ T5256]  ffffc90004a3fc80: f8 f8 f8 f8 f8 f8 f8 f8 f8 f8 f8 f8 f8 f8 f8 f8
[  123.231845][ T5256] >ffffc90004a3fd00: f8 f8 f8 f8 f8 f8 f8 f8 f8 f8 f8 f8 f8 f8 f8 f8
[  123.243124][ T5256]                                                        ^
[  123.253645][ T5256]  ffffc90004a3fd80: f8 f8 f8 f8 f8 f8 f8 f8 f8 f8 f8 f8 f8 f8 f8 f8
[  123.267623][ T5256]  ffffc90004a3fe00: f8 f8 f8 f8 f8 f8 f8 f8 f8 f8 f8 f8 f8 f8 f8 f8
[  123.278611][ T5256] ==================================================================
[  123.294159][ T5256] Kernel panic - not syncing: KASAN: panic_on_warn set ...
[  123.303602][ T5256] CPU: 1 PID: 5256 Comm: syz-executor.1 Not tainted 6.4.0-syzkaller-11312-gb5641a5d8b8b #0
[  123.324249][ T5256] Hardware name: Google Google Compute Engine/Google Compute Engine, BIOS Google 03/27/2024
[  123.337517][ T5256] Call Trace:
[  123.344159][ T5256]  <TASK>
[  123.348625][ T5256]  dump_stack_lvl+0x1e7/0x2d0
[  123.355334][ T5256]  ? nf_tcp_handle_invalid+0x650/0x650
[  123.362778][ T5256]  ? panic+0x770/0x770
[  123.368254][ T5256]  ? vscnprintf+0x5d/0x80
[  123.373894][ T5256]  panic+0x30f/0x770
[  123.378345][ T5256]  ? check_panic_on_warn+0x21/0xa0
[  123.385134][ T5256]  ? __memcpy_flushcache+0x2b0/0x2b0
[  123.392818][ T5256]  ? _raw_spin_unlock_irqrestore+0xd8/0x140
[  123.401872][ T5256]  ? _raw_spin_unlock_irqrestore+0xdd/0x140
[  123.412081][ T5256]  ? _raw_spin_unlock+0x40/0x40
[  123.417089][ T5256]  ? print_report+0x4fb/0x540
[  123.425078][ T5256]  check_panic_on_warn+0x82/0xa0
[  123.431621][ T5256]  ? __se_sys_finit_module+0x371/0x8d0
[  123.439328][ T5256]  end_report+0x6e/0x130
[  123.447244][ T5256]  kasan_report+0x186/0x1b0
[  123.454123][ T5256]  ? __se_sys_finit_module+0x371/0x8d0
[  123.460260][ T5256]  __se_sys_finit_module+0x371/0x8d0
[  123.467227][ T5256]  ? __x64_sys_finit_module+0x80/0x80
[  123.476475][ T5256]  ? rcu_is_watching+0x15/0xb0
[  123.481563][ T5256]  ? restore_fpregs_from_fpstate+0x100/0x250
[  123.492885][ T5256]  ? syscall_enter_from_user_mode+0x32/0x230
[  123.501123][ T5256]  ? lockdep_hardirqs_on+0x98/0x140
[  123.509590][ T5256]  ? syscall_enter_from_user_mode+0x32/0x230
[  123.516625][ T5256]  do_syscall_64+0x41/0xc0
[  123.524649][ T5256]  entry_SYSCALL_64_after_hwframe+0x63/0xcd
[  123.533845][ T5256] RIP: 0033:0x7f669887cbe9
[  123.538350][ T5256] Code: 28 00 00 00 75 05 48 83 c4 28 c3 e8 e1 20 00 00 90 48 89 f8 48 89 f7 48 89 d6 48 89 ca 4d 89 c2 4d 89 c8 4c 8b 4c 24 08 0f 05 <48> 3d 01 f0 ff ff 73 01 c3 48 c7 c1 b0 ff ff ff f7 d8 64 89 01 48
[  123.570377][ T5256] RSP: 002b:00007f669950e0c8 EFLAGS: 00000246 ORIG_RAX: 0000000000000139
[  123.582795][ T5256] RAX: ffffffffffffffda RBX: 00007f669899bf80 RCX: 00007f669887cbe9
[  123.592130][ T5256] RDX: 0000000000000001 RSI: 0000000000000000 RDI: 0000000000000003
[  123.600333][ T5256] RBP: 00007f66988c847a R08: 0000000000000000 R09: 0000000000000000
[  123.612765][ T5256] R10: 0000000000000000 R11: 0000000000000246 R12: 0000000000000000
[  123.623365][ T5256] R13: 000000000000000b R14: 00007f669899bf80 R15: 00007fff6e021188
[  123.634789][ T5256]  </TASK>
[  123.641023][ T5256] Kernel Offset: disabled
SeaBIOS (version 1.8.2-google)
Total RAM Size = 0x0000000200000000 = 8192 MiB
CPUs found: 2     Max CPUs supported: 2
SeaBIOS (version 1.8.2-google)
Machine UUID 36d9f4a2-a380-2a0f-ee3e-44159fe48f15
found virtio-scsi at 0:3
virtio-scsi vendor='Google' product='PersistentDisk' rev='1' type=0 removable=0
virtio-scsi blksize=512 sectors=4194304 = 2048 MiB
drive 0x000f27c0: PCHS=0/0/0 translation=lba LCHS=520/128/63 s=4194304
Sending Seabios boot VM event.
Booting from Hard Disk 0...
[    0.000000][    T0] Linux version 6.4.0-syzkaller-11312-gb5641a5d8b8b (syzkaller@syzkaller) (Debian clang version 15.0.6, Debian LLD 15.0.6) #0 SMP PREEMPT_DYNAMIC now
[    0.000000][    T0] Command line: BOOT_IMAGE=/boot/bzImage root=/dev/sda1 console=ttyS0
[    0.000000][    T0] KERNEL supported cpus:
[    0.000000][    T0]   Intel GenuineIntel
[    0.000000][    T0]   AMD AuthenticAMD
[    0.000000][    T0] BIOS-provided physical RAM map:
[    0.000000][    T0] BIOS-e820: [mem 0x0000000000000000-0x000000000009fbff] usable
[    0.000000][    T0] BIOS-e820: [mem 0x000000000009fc00-0x000000000009ffff] reserved
[    0.000000][    T0] BIOS-e820: [mem 0x00000000000f0000-0x00000000000fffff] reserved
[    0.000000][    T0] BIOS-e820: [mem 0x0000000000100000-0x00000000bfffcfff] usable
[    0.000000][    T0] BIOS-e820: [mem 0x00000000bfffd000-0x00000000bfffffff] reserved
[    0.000000][    T0] BIOS-e820: [mem 0x00000000fffbc000-0x00000000ffffffff] reserved
[    0.000000][    T0] BIOS-e820: [mem 0x0000000100000000-0x000000023fffffff] usable
[    0.000000][    T0] printk: bootconsole [earlyser0] enabled
[    0.000000][    T0] ERROR: earlyprintk= earlyser already used
[    0.000000][    T0] ERROR: earlyprintk= earlyser already used
[    0.000000][    T0] **********************************************************
[    0.000000][    T0] **   NOTICE NOTICE NOTICE NOTICE NOTICE NOTICE NOTICE   **
[    0.000000][    T0] **                                                      **
[    0.000000][    T0] ** This system shows unhashed kernel memory addresses   **
[    0.000000][    T0] ** via the console, logs, and other interfaces. This    **
[    0.000000][    T0] ** might reduce the security of your system.            **
[    0.000000][    T0] **                                                      **
[    0.000000][    T0] ** If you see this message and you are not debugging    **
[    0.000000][    T0] ** the kernel, report this immediately to your system   **
[    0.000000][    T0] ** administrator!                                       **
[    0.000000][    T0] **                                                      **
[    0.000000][    T0] **   NOTICE NOTICE NOTICE NOTICE NOTICE NOTICE NOTICE   **
[    0.000000][    T0] **********************************************************
[    0.000000][    T0] Malformed early option 'vsyscall'
[    0.000000][    T0] nopcid: PCID feature disabled
[    0.000000][    T0] NX (Execute Disable) protection: active
[    0.000000][    T0] SMBIOS 2.4 present.
[    0.000000][    T0] DMI: Google Google Compute Engine/Google Compute Engine, BIOS Google 03/27/2024
[    0.000000][    T0] Hypervisor detected: KVM
[    0.000000][    T0] kvm-clock: Using msrs 4b564d01 and 4b564d00
[    0.000007][    T0] kvm-clock: using sched offset of 5752419055 cycles
[    0.002136][    T0] clocksource: kvm-clock: mask: 0xffffffffffffffff max_cycles: 0x1cd42e4dffb, max_idle_ns: 881590591483 ns
[    0.011929][    T0] tsc: Detected 2200.156 MHz processor
[    0.018504][    T0] last_pfn = 0x240000 max_arch_pfn = 0x400000000
[    0.023789][    T0] MTRR map: 4 entries (3 fixed + 1 variable; max 19), built from 8 variable MTRRs
[    0.031461][    T0] x86/PAT: Configuration [0-7]: WB  WC  UC- UC  WB  WP  UC- WT  
[    0.033679][    T0] last_pfn = 0xbfffd max_arch_pfn = 0x400000000
[    0.042322][    T0] found SMP MP-table at [mem 0x000f2a80-0x000f2a8f]
[    0.044624][    T0] Using GB pages for direct mapping
[    0.048824][    T0] ACPI: Early table checksum verification disabled
[    0.052446][    T0] ACPI: RSDP 0x00000000000F2800 000014 (v00 Google)
[    0.055379][    T0] ACPI: RSDT 0x00000000BFFFFFA0 000038 (v01 Google GOOGRSDT 00000001 GOOG 00000001)
[    0.058769][    T0] ACPI: FACP 0x00000000BFFFF330 0000F4 (v02 Google GOOGFACP 00000001 GOOG 00000001)
[    0.067077][    T0] ACPI: DSDT 0x00000000BFFFD8C0 001A64 (v01 Google GOOGDSDT 00000001 GOOG 00000001)
[    0.072531][    T0] ACPI: FACS 0x00000000BFFFD880 000040
[    0.073381][    T0] ACPI: FACS 0x00000000BFFFD880 000040
[    0.074386][    T0] ACPI: SRAT 0x00000000BFFFFE60 0000C8 (v03 Google GOOGSRAT 00000001 GOOG 00000001)
[    0.077931][    T0] ACPI: APIC 0x00000000BFFFFDB0 000076 (v05 Google GOOGAPIC 00000001 GOOG 00000001)
[    0.081958][    T0] ACPI: SSDT 0x00000000BFFFF430 000980 (v01 Google GOOGSSDT 00000001 GOOG 00000001)
[    0.087228][    T0] ACPI: WAET 0x00000000BFFFFE30 000028 (v01 Google GOOGWAET 00000001 GOOG 00000001)
[    0.090193][    T0] ACPI: Reserving FACP table memory at [mem 0xbffff330-0xbffff423]
[    0.095415][    T0] ACPI: Reserving DSDT table memory at [mem 0xbfffd8c0-0xbffff323]
[    0.098955][    T0] ACPI: Reserving FACS table memory at [mem 0xbfffd880-0xbfffd8bf]
[    0.100591][    T0] ACPI: Reserving FACS table memory at [mem 0xbfffd880-0xbfffd8bf]
[    0.108401][    T0] ACPI: Reserving SRAT table memory at [mem 0xbffffe60-0xbfffff27]
[    0.113793][    T0] ACPI: Reserving APIC table memory at [mem 0xbffffdb0-0xbffffe25]
[    0.120325][    T0] ACPI: Reserving SSDT table memory at [mem 0xbffff430-0xbffffdaf]
[    0.123683][    T0] ACPI: Reserving WAET table memory at [mem 0xbffffe30-0xbffffe57]
[    0.128968][    T0] SRAT: PXM 0 -> APIC 0x00 -> Node 0
[    0.131350][    T0] SRAT: PXM 0 -> APIC 0x01 -> Node 0
[    0.133641][    T0] ACPI: SRAT: Node 0 PXM 0 [mem 0x00000000-0x0009ffff]
[    0.135713][    T0] ACPI: SRAT: Node 0 PXM 0 [mem 0x00100000-0xbfffffff]
[    0.141540][    T0] ACPI: SRAT: Node 0 PXM 0 [mem 0x100000000-0x23fffffff]
[    0.144795][    T0] NUMA: Node 0 [mem 0x00000000-0x0009ffff] + [mem 0x00100000-0xbfffffff] -> [mem 0x00000000-0xbfffffff]
[    0.148127][    T0] NUMA: Node 0 [mem 0x00000000-0xbfffffff] + [mem 0x100000000-0x23fffffff] -> [mem 0x00000000-0x23fffffff]
[    0.152339][    T0] Faking node 0 at [mem 0x0000000000000000-0x000000013fffffff] (5120MB)
[    0.154790][    T0] Faking node 1 at [mem 0x0000000140000000-0x000000023fffffff] (4096MB)
[    0.159432][    T0] NODE_DATA(0) allocated [mem 0x13fffa000-0x13fffffff]
[    0.165169][    T0] NODE_DATA(1) allocated [mem 0x23fff7000-0x23fffcfff]
[    0.211878][    T0] Zone ranges:
[    0.212689][    T0]   DMA      [mem 0x0000000000001000-0x0000000000ffffff]
[    0.215120][    T0]   DMA32    [mem 0x0000000001000000-0x00000000ffffffff]
[    0.216736][    T0]   Normal   [mem 0x0000000100000000-0x000000023fffffff]
[    0.220000][    T0]   Device   empty
[    0.221376][    T0] Movable zone start for each node
[    0.224492][    T0] Early memory node ranges
[    0.225913][    T0]   node   0: [mem 0x0000000000001000-0x000000000009efff]
[    0.229077][    T0]   node   0: [mem 0x0000000000100000-0x00000000bfffcfff]
[    0.237200][    T0]   node   0: [mem 0x0000000100000000-0x000000013fffffff]
[    0.240885][    T0]   node   1: [mem 0x0000000140000000-0x000000023fffffff]
[    0.247970][    T0] Initmem setup node 0 [mem 0x0000000000001000-0x000000013fffffff]
[    0.251778][    T0] Initmem setup node 1 [mem 0x0000000140000000-0x000000023fffffff]
[    0.256195][    T0] On node 0, zone DMA: 1 pages in unavailable ranges
[    0.256496][    T0] On node 0, zone DMA: 97 pages in unavailable ranges
[    0.345336][    T0] On node 0, zone Normal: 3 pages in unavailable ranges
[    0.785901][    T0] kasan: KernelAddressSanitizer initialized
[    0.795265][    T0] ACPI: PM-Timer IO Port: 0xb008
[    0.798247][    T0] ACPI: LAPIC_NMI (acpi_id[0xff] dfl dfl lint[0x1])
[    0.804521][    T0] IOAPIC[0]: apic_id 0, version 17, address 0xfec00000, GSI 0-23
[    0.813276][    T0] ACPI: INT_SRC_OVR (bus 0 bus_irq 5 global_irq 5 high level)
[    0.815906][    T0] ACPI: INT_SRC_OVR (bus 0 bus_irq 9 global_irq 9 high level)
[    0.824252][    T0] ACPI: INT_SRC_OVR (bus 0 bus_irq 10 global_irq 10 high level)
[    0.826625][    T0] ACPI: INT_SRC_OVR (bus 0 bus_irq 11 global_irq 11 high level)
[    0.829840][    T0] ACPI: Using ACPI (MADT) for SMP configuration information
[    0.833040][    T0] smpboot: Allowing 2 CPUs, 0 hotplug CPUs
[    0.840538][    T0] PM: hibernation: Registered nosave memory: [mem 0x00000000-0x00000fff]
[    0.844668][    T0] PM: hibernation: Registered nosave memory: [mem 0x0009f000-0x0009ffff]
[    0.847200][    T0] PM: hibernation: Registered nosave memory: [mem 0x000a0000-0x000effff]
[    0.850697][    T0] PM: hibernation: Registered nosave memory: [mem 0x000f0000-0x000fffff]
[    0.859213][    T0] PM: hibernation: Registered nosave memory: [mem 0xbfffd000-0xbfffffff]
[    0.865261][    T0] PM: hibernation: Registered nosave memory: [mem 0xc0000000-0xfffbbfff]
[    0.869295][    T0] PM: hibernation: Registered nosave memory: [mem 0xfffbc000-0xffffffff]
[    0.873563][    T0] [mem 0xc0000000-0xfffbbfff] available for PCI devices
[    0.876248][    T0] Booting paravirtualized kernel on KVM
[    0.880212][    T0] clocksource: refined-jiffies: mask: 0xffffffff max_cycles: 0xffffffff, max_idle_ns: 19112604462750000 ns
[    0.982163][    T0] setup_percpu: NR_CPUS:8 nr_cpumask_bits:2 nr_cpu_ids:2 nr_node_ids:2
[    0.989429][    T0] percpu: Embedded 71 pages/cpu s253256 r8192 d29368 u1048576
[    0.992160][    T0] kvm-guest: PV spinlocks enabled
[    0.994423][    T0] PV qspinlock hash table entries: 256 (order: 0, 4096 bytes, linear)
[    1.001601][    T0] Kernel command line: earlyprintk=serial net.ifnames=0 sysctl.kernel.hung_task_all_cpu_backtrace=1 ima_policy=tcb nf-conntrack-ftp.ports=20000 nf-conntrack-tftp.ports=20000 nf-conntrack-sip.ports=20000 nf-conntrack-irc.ports=20000 nf-conntrack-sane.ports=20000 binder.debug_mask=0 rcupdate.rcu_expedited=1 rcupdate.rcu_cpu_stall_cputime=1 no_hash_pointers page_owner=on sysctl.vm.nr_hugepages=4 sysctl.vm.nr_overcommit_hugepages=4 secretmem.enable=1 sysctl.max_rcu_stall_to_panic=1 msr.allow_writes=off coredump_filter=0xffff root=/dev/sda console=ttyS0 vsyscall=native numa=fake=2 kvm-intel.nested=1 spec_store_bypass_disable=prctl nopcid vivid.n_devs=16 vivid.multiplanar=1,2,1,2,1,2,1,2,1,2,1,2,1,2,1,2 netrom.nr_ndevs=16 rose.rose_ndevs=16 smp.csd_lock_timeout=100000 watchdog_thresh=55 workqueue.watchdog_thresh=140 sysctl.net.core.netdev_unregister_timeout_secs=140 dummy_hcd.num=8 panic_on_warn=1 BOOT_IMAGE=/boot/bzImage root=/dev/sda1 console=ttyS0
[    1.042355][    T0] Unknown kernel command line parameters "spec_store_bypass_disable=prctl BOOT_IMAGE=/boot/bzImage", will be passed to user space.
[    1.054713][    T0] random: crng init done
[    1.058407][    T0] Fallback order for Node 0: 0 1 
[    1.058433][    T0] Fallback order for Node 1: 1 0 
[    1.058446][    T0] Built 2 zonelists, mobility grouping on.  Total pages: 2064125
[    1.069492][    T0] Policy zone: Normal
[    1.073228][    T0] mem auto-init: stack:all(zero), heap alloc:on, heap free:off
[    1.080036][    T0] stackdepot: allocating hash table via alloc_large_system_hash
[    1.087112][    T0] stackdepot hash table entries: 1048576 (order: 11, 8388608 bytes, linear)
[    1.089843][    T0] software IO TLB: area num 2.
[    2.183844][    T0] Memory: 6809980K/8388204K available (163840K kernel code, 26239K rwdata, 30808K rodata, 2828K init, 38472K bss, 1577968K reserved, 0K cma-reserved)
[    2.188962][    T0] SLUB: HWalign=64, Order=0-3, MinObjects=0, CPUs=2, Nodes=2
[    2.336842][    T0] allocated 150994944 bytes of page_ext
[    2.342889][    T0] Node 0, zone      DMA: page owner found early allocated 0 pages
[    2.359152][    T0] Node 0, zone    DMA32: page owner found early allocated 18528 pages
[    2.376301][    T0] Node 0, zone   Normal: page owner found early allocated 0 pages
[    2.397842][    T0] Node 1, zone   Normal: page owner found early allocated 18435 pages
[    2.403934][    T0] Dynamic Preempt: full
[    2.407444][    T0] Running RCU self tests
[    2.409276][    T0] Running RCU synchronous self tests
[    2.410703][    T0] rcu: Preemptible hierarchical RCU implementation.
[    2.413473][    T0] rcu: 	RCU lockdep checking is enabled.
[    2.414704][    T0] rcu: 	RCU restricting CPUs from NR_CPUS=8 to nr_cpu_ids=2.
[    2.418636][    T0] rcu: 	RCU callback double-/use-after-free debug is enabled.
[    2.422253][    T0] rcu: 	RCU debug extended QS entry/exit.
[    2.431448][    T0] 	All grace periods are expedited (rcu_expedited).
[    2.436441][    T0] 	Trampoline variant of Tasks RCU enabled.
[    2.437858][    T0] 	Tracing variant of Tasks RCU enabled.
[    2.438829][    T0] rcu: RCU calculated value of scheduler-enlistment delay is 10 jiffies.
[    2.445056][    T0] rcu: Adjusting geometry for rcu_fanout_leaf=16, nr_cpu_ids=2
[    2.449233][    T0] Running RCU synchronous self tests
[    2.512968][    T0] NR_IRQS: 4352, nr_irqs: 440, preallocated irqs: 16
[    2.519842][    T0] rcu: srcu_init: Setting srcu_struct sizes based on contention.
[    2.524086][    T0] kfence: initialized - using 2097152 bytes for 255 objects at 0xffff88823bc00000-0xffff88823be00000
[    2.529283][    T0] Console: colour VGA+ 80x25
[    2.532433][    T0] printk: console [ttyS0] enabled
[    2.532433][    T0] printk: console [ttyS0] enabled
[    2.535534][    T0] printk: bootconsole [earlyser0] disabled
[    2.535534][    T0] printk: bootconsole [earlyser0] disabled
[    2.542366][    T0] Lock dependency validator: Copyright (c) 2006 Red Hat, Inc., Ingo Molnar
[    2.544230][    T0] ... MAX_LOCKDEP_SUBCLASSES:  8
[    2.545825][    T0] ... MAX_LOCK_DEPTH:          48
[    2.547724][    T0] ... MAX_LOCKDEP_KEYS:        8192
[    2.548912][    T0] ... CLASSHASH_SIZE:          4096
[    2.550244][    T0] ... MAX_LOCKDEP_ENTRIES:     131072
[    2.552858][    T0] ... MAX_LOCKDEP_CHAINS:      262144
[    2.554556][    T0] ... CHAINHASH_SIZE:          131072
[    2.555915][    T0]  memory used by lock dependency info: 20785 kB
[    2.561182][    T0]  memory used for stack traces: 8320 kB
[    2.565807][    T0]  per task-struct memory footprint: 1920 bytes
[    2.569424][    T0] mempolicy: Enabling automatic NUMA balancing. Configure with numa_balancing= or the kernel.numa_balancing sysctl
[    2.572699][    T0] ACPI: Core revision 20230331
[    2.575627][    T0] APIC: Switch to symmetric I/O mode setup
[    2.579414][    T0] x2apic enabled
[    2.585667][    T0] Switched APIC routing to physical x2apic.
[    2.601856][    T0] ..TIMER: vector=0x30 apic1=0 pin1=0 apic2=-1 pin2=-1
[    2.608061][    T0] clocksource: tsc-early: mask: 0xffffffffffffffff max_cycles: 0x1fb6c613963, max_idle_ns: 440795245426 ns
[    2.610932][    T0] Calibrating delay loop (skipped) preset value.. 4400.31 BogoMIPS (lpj=22001560)
[    2.613016][    T0] Last level iTLB entries: 4KB 64, 2MB 8, 4MB 8
[    2.620933][    T0] Last level dTLB entries: 4KB 64, 2MB 0, 4MB 0, 1GB 4
[    2.624025][    T0] Spectre V1 : Mitigation: usercopy/swapgs barriers and __user pointer sanitization
[    2.630980][    T0] Spectre V2 : Mitigation: IBRS
[    2.632025][    T0] Spectre V2 : Spectre v2 / SpectreRSB mitigation: Filling RSB on context switch
[    2.636986][    T0] Spectre V2 : Spectre v2 / SpectreRSB : Filling RSB on VMEXIT
[    2.640932][    T0] RETBleed: Mitigation: IBRS
[    2.643271][    T0] Spectre V2 : mitigation: Enabling conditional Indirect Branch Prediction Barrier
[    2.647225][    T0] Spectre V2 : User space: Mitigation: STIBP via prctl
[    2.650979][    T0] Speculative Store Bypass: Mitigation: Speculative Store Bypass disabled via prctl
[    2.654966][    T0] MDS: Mitigation: Clear CPU buffers
[    2.659292][    T0] TAA: Mitigation: Clear CPU buffers
[    2.660935][    T0] MMIO Stale Data: Vulnerable: Clear CPU buffers attempted, no microcode
[    2.664449][    T0] x86/fpu: Supporting XSAVE feature 0x001: 'x87 floating point registers'
[    2.665872][    T0] x86/fpu: Supporting XSAVE feature 0x002: 'SSE registers'
[    2.670935][    T0] x86/fpu: Supporting XSAVE feature 0x004: 'AVX registers'
[    2.675316][    T0] x86/fpu: xstate_offset[2]:  576, xstate_sizes[2]:  256
[    2.680935][    T0] x86/fpu: Enabled xstate features 0x7, context size is 832 bytes, using 'standard' format.
[    2.703098][    T0] Freeing SMP alternatives memory: 120K
[    2.706760][    T0] pid_max: default: 32768 minimum: 301
[    2.708502][    T0] LSM: initializing lsm=lockdown,capability,landlock,yama,safesetid,tomoyo,smack,bpf,integrity
[    2.711129][    T0] landlock: Up and running.
[    2.713686][    T0] Yama: becoming mindful.
[    2.715214][    T0] TOMOYO Linux initialized
[    2.716020][    T0] Smack:  Initializing.
[    2.720932][    T0] Smack:  Netfilter enabled.
[    2.722861][    T0] Smack:  IPv6 Netfilter enabled.
[    2.725001][    T0] LSM support for eBPF active
[    2.732108][    T0] Dentry cache hash table entries: 1048576 (order: 11, 8388608 bytes, vmalloc hugepage)
[    2.739127][    T0] Inode-cache hash table entries: 524288 (order: 10, 4194304 bytes, vmalloc hugepage)
[    2.741328][    T0] Mount-cache hash table entries: 16384 (order: 5, 131072 bytes, vmalloc)
[    2.747950][    T0] Mountpoint-cache hash table entries: 16384 (order: 5, 131072 bytes, vmalloc)
[    2.754321][    T0] Running RCU synchronous self tests
[    2.755835][    T0] Running RCU synchronous self tests
[    2.879714][    T1] smpboot: CPU0: Intel(R) Xeon(R) CPU @ 2.20GHz (family: 0x6, model: 0x4f, stepping: 0x0)
[    2.880915][    T1] RCU Tasks: Setting shift to 1 and lim to 1 rcu_task_cb_adjust=1.
[    2.881479][    T1] RCU Tasks Trace: Setting shift to 1 and lim to 1 rcu_task_cb_adjust=1.
[    2.885220][    T1] Running RCU-tasks wait API self tests
[    3.001199][    T1] Performance Events: unsupported p6 CPU model 79 no PMU driver, software events only.
[    3.006703][    T1] signal: max sigframe size: 1776
[    3.009933][    T1] rcu: Hierarchical SRCU implementation.
[    3.010936][    T1] rcu: 	Max phase no-delay instances is 1000.
[    3.018144][    T1] NMI watchdog: Perf NMI watchdog permanently disabled
[    3.021103][   T14] Callback from call_rcu_tasks_trace() invoked.
[    3.023856][    T1] smp: Bringing up secondary CPUs ...
[    3.028534][    T1] smpboot: x86: Booting SMP configuration:
[    3.030834][    T1] .... node  #0, CPUs:      #1
[    3.031514][    T1] MDS CPU bug present and SMT on, data leak possible. See https://www.kernel.org/doc/html/latest/admin-guide/hw-vuln/mds.html for more details.
[    3.041064][    T1] TAA CPU bug present and SMT on, data leak possible. See https://www.kernel.org/doc/html/latest/admin-guide/hw-vuln/tsx_async_abort.html for more details.
[    3.051000][    T1] MMIO Stale Data CPU bug present and SMT on, data leak possible. See https://www.kernel.org/doc/html/latest/admin-guide/hw-vuln/processor_mmio_stale_data.html for more details.
[    3.061124][    T1] smp: Brought up 2 nodes, 2 CPUs
[    3.063339][    T1] smpboot: Max logical packages: 1
[    3.070943][    T1] smpboot: Total of 2 processors activated (8800.62 BogoMIPS)
[    3.081018][    T1] devtmpfs: initialized
[    3.081018][    T1] x86/mm: Memory block size: 128MB
[    3.113094][    T1] Running RCU synchronous self tests
[    3.120981][    T1] Running RCU synchronous self tests
[    3.121090][    T1] clocksource: jiffies: mask: 0xffffffff max_cycles: 0xffffffff, max_idle_ns: 19112604462750000 ns
[    3.130946][    T1] futex hash table entries: 512 (order: 4, 65536 bytes, vmalloc)
[    3.143996][    T1] PM: RTC time: 17:59:52, date: 2024-04-16
[    3.161362][    T1] NET: Registered PF_NETLINK/PF_ROUTE protocol family
[    3.166832][    T1] audit: initializing netlink subsys (disabled)
[    3.181024][   T27] audit: type=2000 audit(1713290392.477:1): state=initialized audit_enabled=0 res=1
[    3.180950][    T1] thermal_sys: Registered thermal governor 'step_wise'
[    3.180950][    T1] thermal_sys: Registered thermal governor 'user_space'
[    3.181253][    T1] cpuidle: using governor menu
[    3.193826][    T1] NET: Registered PF_QIPCRTR protocol family
[    3.202010][    T1] dca service started, version 1.12.1
[    3.206413][    T1] PCI: Using configuration type 1 for base access
[    3.211013][    T1] WARNING: workqueue cpumask: online intersect > possible intersect
[    3.222493][   T13] Callback from call_rcu_tasks() invoked.
[    3.224162][    T1] HugeTLB: registered 1.00 GiB page size, pre-allocated 0 pages
[    3.230691][    T1] HugeTLB: 16380 KiB vmemmap can be freed for a 1.00 GiB page
[    3.231000][    T1] HugeTLB: registered 2.00 MiB page size, pre-allocated 0 pages
[    3.237425][    T1] HugeTLB: 28 KiB vmemmap can be freed for a 2.00 MiB page
[    3.269998][    T1] cryptd: max_cpu_qlen set to 1000
[    3.278260][    T1] raid6: skipped pq benchmark and selected avx2x4
[    3.280970][    T1] raid6: using avx2x2 recovery algorithm
[    3.284987][    T1] ACPI: Added _OSI(Module Device)
[    3.287263][    T1] ACPI: Added _OSI(Processor Device)
[    3.290941][    T1] ACPI: Added _OSI(3.0 _SCP Extensions)
[    3.296298][    T1] ACPI: Added _OSI(Processor Aggregator Device)
